Archive member included to satisfy reference by file (symbol)

d:/mounriver_studio2/resources/app/resources/win32/components/wch/toolchain/risc-v embedded gcc/bin/../lib/gcc/riscv-none-embed/8.2.0/../../../../riscv-none-embed/lib/rv32imacxw/ilp32\libg_nano.a(lib_a-memcpy.o)
                              ./FreeRTOS/queue.o (memcpy)
d:/mounriver_studio2/resources/app/resources/win32/components/wch/toolchain/risc-v embedded gcc/bin/../lib/gcc/riscv-none-embed/8.2.0/../../../../riscv-none-embed/lib/rv32imacxw/ilp32\libg_nano.a(lib_a-memset.o)
                              ./FreeRTOS/stream_buffer.o (memset)
d:/mounriver_studio2/resources/app/resources/win32/components/wch/toolchain/risc-v embedded gcc/bin/../lib/gcc/riscv-none-embed/8.2.0/../../../../riscv-none-embed/lib/rv32imacxw/ilp32\libg_nano.a(lib_a-printf.o)
                              ./User/main.o (printf)
d:/mounriver_studio2/resources/app/resources/win32/components/wch/toolchain/risc-v embedded gcc/bin/../lib/gcc/riscv-none-embed/8.2.0/../../../../riscv-none-embed/lib/rv32imacxw/ilp32\libg_nano.a(lib_a-puts.o)
                              ./User/ch32v30x_it.o (puts)
d:/mounriver_studio2/resources/app/resources/win32/components/wch/toolchain/risc-v embedded gcc/bin/../lib/gcc/riscv-none-embed/8.2.0/../../../../riscv-none-embed/lib/rv32imacxw/ilp32\libg_nano.a(lib_a-strlen.o)
                              ./FreeRTOS/tasks.o (strlen)
d:/mounriver_studio2/resources/app/resources/win32/components/wch/toolchain/risc-v embedded gcc/bin/../lib/gcc/riscv-none-embed/8.2.0/../../../../riscv-none-embed/lib/rv32imacxw/ilp32\libg_nano.a(lib_a-wbuf.o)
                              d:/mounriver_studio2/resources/app/resources/win32/components/wch/toolchain/risc-v embedded gcc/bin/../lib/gcc/riscv-none-embed/8.2.0/../../../../riscv-none-embed/lib/rv32imacxw/ilp32\libg_nano.a(lib_a-puts.o) (__swbuf_r)
d:/mounriver_studio2/resources/app/resources/win32/components/wch/toolchain/risc-v embedded gcc/bin/../lib/gcc/riscv-none-embed/8.2.0/../../../../riscv-none-embed/lib/rv32imacxw/ilp32\libg_nano.a(lib_a-wsetup.o)
                              d:/mounriver_studio2/resources/app/resources/win32/components/wch/toolchain/risc-v embedded gcc/bin/../lib/gcc/riscv-none-embed/8.2.0/../../../../riscv-none-embed/lib/rv32imacxw/ilp32\libg_nano.a(lib_a-puts.o) (__swsetup_r)
d:/mounriver_studio2/resources/app/resources/win32/components/wch/toolchain/risc-v embedded gcc/bin/../lib/gcc/riscv-none-embed/8.2.0/../../../../riscv-none-embed/lib/rv32imacxw/ilp32\libg_nano.a(lib_a-fflush.o)
                              d:/mounriver_studio2/resources/app/resources/win32/components/wch/toolchain/risc-v embedded gcc/bin/../lib/gcc/riscv-none-embed/8.2.0/../../../../riscv-none-embed/lib/rv32imacxw/ilp32\libg_nano.a(lib_a-wbuf.o) (_fflush_r)
d:/mounriver_studio2/resources/app/resources/win32/components/wch/toolchain/risc-v embedded gcc/bin/../lib/gcc/riscv-none-embed/8.2.0/../../../../riscv-none-embed/lib/rv32imacxw/ilp32\libg_nano.a(lib_a-findfp.o)
                              d:/mounriver_studio2/resources/app/resources/win32/components/wch/toolchain/risc-v embedded gcc/bin/../lib/gcc/riscv-none-embed/8.2.0/../../../../riscv-none-embed/lib/rv32imacxw/ilp32\libg_nano.a(lib_a-printf.o) (__sinit)
d:/mounriver_studio2/resources/app/resources/win32/components/wch/toolchain/risc-v embedded gcc/bin/../lib/gcc/riscv-none-embed/8.2.0/../../../../riscv-none-embed/lib/rv32imacxw/ilp32\libg_nano.a(lib_a-fwalk.o)
                              d:/mounriver_studio2/resources/app/resources/win32/components/wch/toolchain/risc-v embedded gcc/bin/../lib/gcc/riscv-none-embed/8.2.0/../../../../riscv-none-embed/lib/rv32imacxw/ilp32\libg_nano.a(lib_a-findfp.o) (_fwalk)
d:/mounriver_studio2/resources/app/resources/win32/components/wch/toolchain/risc-v embedded gcc/bin/../lib/gcc/riscv-none-embed/8.2.0/../../../../riscv-none-embed/lib/rv32imacxw/ilp32\libg_nano.a(lib_a-impure.o)
                              d:/mounriver_studio2/resources/app/resources/win32/components/wch/toolchain/risc-v embedded gcc/bin/../lib/gcc/riscv-none-embed/8.2.0/../../../../riscv-none-embed/lib/rv32imacxw/ilp32\libg_nano.a(lib_a-fflush.o) (_global_impure_ptr)
d:/mounriver_studio2/resources/app/resources/win32/components/wch/toolchain/risc-v embedded gcc/bin/../lib/gcc/riscv-none-embed/8.2.0/../../../../riscv-none-embed/lib/rv32imacxw/ilp32\libg_nano.a(lib_a-makebuf.o)
                              d:/mounriver_studio2/resources/app/resources/win32/components/wch/toolchain/risc-v embedded gcc/bin/../lib/gcc/riscv-none-embed/8.2.0/../../../../riscv-none-embed/lib/rv32imacxw/ilp32\libg_nano.a(lib_a-wsetup.o) (__smakebuf_r)
d:/mounriver_studio2/resources/app/resources/win32/components/wch/toolchain/risc-v embedded gcc/bin/../lib/gcc/riscv-none-embed/8.2.0/../../../../riscv-none-embed/lib/rv32imacxw/ilp32\libg_nano.a(lib_a-nano-freer.o)
[...]
Memory Configuration

Name             Origin             Length             Attributes
FLASH            0x0000000000000000 0x0000000000030000 xr
RAM              0x0000000020000000 0x0000000000020000 xrw
*default*        0x0000000000000000 0xffffffffffffffff

Linker script and memory map

LOAD ./User/ch32v30x_it.o
LOAD ./User/main.o
LOAD ./User/system_ch32v30x.o
LOAD ./Startup/startup_ch32v30x_D8C.o
LOAD ./Peripheral/src/ch32v30x_adc.o
LOAD ./Peripheral/src/ch32v30x_bkp.o
LOAD ./Peripheral/src/ch32v30x_can.o
LOAD ./Peripheral/src/ch32v30x_crc.o
LOAD ./Peripheral/src/ch32v30x_dac.o
LOAD ./Peripheral/src/ch32v30x_dbgmcu.o
LOAD ./Peripheral/src/ch32v30x_dma.o
LOAD ./Peripheral/src/ch32v30x_dvp.o
LOAD ./Peripheral/src/ch32v30x_eth.o
LOAD ./Peripheral/src/ch32v30x_exti.o
LOAD ./Peripheral/src/ch32v30x_flash.o
LOAD ./Peripheral/src/ch32v30x_fsmc.o
LOAD ./Peripheral/src/ch32v30x_gpio.o
LOAD ./Peripheral/src/ch32v30x_i2c.o
LOAD ./Peripheral/src/ch32v30x_iwdg.o
LOAD ./Peripheral/src/ch32v30x_misc.o
LOAD ./Peripheral/src/ch32v30x_opa.o
LOAD ./Peripheral/src/ch32v30x_pwr.o
LOAD ./Peripheral/src/ch32v30x_rcc.o
LOAD ./Peripheral/src/ch32v30x_rng.o
LOAD ./Peripheral/src/ch32v30x_rtc.o
LOAD ./Peripheral/src/ch32v30x_sdio.o
LOAD ./Peripheral/src/ch32v30x_spi.o
LOAD ./Peripheral/src/ch32v30x_tim.o
LOAD ./Peripheral/src/ch32v30x_usart.o
LOAD ./Peripheral/src/ch32v30x_wwdg.o
LOAD ./FreeRTOS/portable/MemMang/heap_4.o
LOAD ./FreeRTOS/portable/GCC/RISC-V/port.o
LOAD ./FreeRTOS/portable/GCC/RISC-V/portASM.o
LOAD ./FreeRTOS/croutine.o
LOAD ./FreeRTOS/event_groups.o
LOAD ./FreeRTOS/list.o
LOAD ./FreeRTOS/queue.o
LOAD ./FreeRTOS/stream_buffer.o
LOAD ./FreeRTOS/tasks.o
LOAD ./FreeRTOS/timers.o
LOAD ./Debug/debug.o
LOAD ./Core/core_riscv.o
LOAD d:/mounriver_studio2/resources/app/resources/win32/components/wch/toolchain/risc-v embedded gcc/bin/../lib/gcc/riscv-none-embed/8.2.0/rv32imacxw/ilp32\libgcc.a
LOAD d:/mounriver_studio2/resources/app/resources/win32/components/wch/toolchain/risc-v embedded gcc/bin/../lib/gcc/riscv-none-embed/8.2.0/../../../../riscv-none-embed/lib/rv32imacxw/ilp32\libg_nano.a
LOAD d:/mounriver_studio2/resources/app/resources/win32/components/wch/toolchain/risc-v embedded gcc/bin/../lib/gcc/riscv-none-embed/8.2.0/../../../../riscv-none-embed/lib/rv32imacxw/ilp32\libc_nano.a
LOAD d:/mounriver_studio2/resources/app/resources/win32/components/wch/toolchain/risc-v embedded gcc/bin/../lib/gcc/riscv-none-embed/8.2.0/rv32imacxw/ilp32\libgcc.a
START GROUP
LOAD d:/mounriver_studio2/resources/app/resources/win32/components/wch/toolchain/risc-v embedded gcc/bin/../lib/gcc/riscv-none-embed/8.2.0/rv32imacxw/ilp32\libgcc.a
LOAD d:/mounriver_studio2/resources/app/resources/win32/components/wch/toolchain/risc-v embedded gcc/bin/../lib/gcc/riscv-none-embed/8.2.0/../../../../riscv-none-embed/lib/rv32imacxw/ilp32\libc_nano.a
LOAD d:/mounriver_studio2/resources/app/resources/win32/components/wch/toolchain/risc-v embedded gcc/bin/../lib/gcc/riscv-none-embed/8.2.0/../../../../riscv-none-embed/lib/rv32imacxw/ilp32\libnosys.a
END GROUP
START GROUP
LOAD d:/mounriver_studio2/resources/app/resources/win32/components/wch/toolchain/risc-v embedded gcc/bin/../lib/gcc/riscv-none-embed/8.2.0/rv32imacxw/ilp32\libgcc.a
LOAD d:/mounriver_studio2/resources/app/resources/win32/components/wch/toolchain/risc-v embedded gcc/bin/../lib/gcc/riscv-none-embed/8.2.0/../../../../riscv-none-embed/lib/rv32imacxw/ilp32\libc_nano.a
LOAD d:/mounriver_studio2/resources/app/resources/win32/components/wch/toolchain/risc-v embedded gcc/bin/../lib/gcc/riscv-none-embed/8.2.0/../../../../riscv-none-embed/lib/rv32imacxw/ilp32\libnosys.a
END GROUP
                0x0000000000000800                __stack_size = 0x800
                [!provide]                        PROVIDE (_stack_size = __stack_size)

.init           0x0000000000000000       0x38
                0x0000000000000000                _sinit = .
                0x0000000000000000                . = ALIGN (0x4)
 *(SORT_NONE(.init))
 .init          0x0000000000000000       0x38 ./Startup/startup_ch32v30x_D8C.o
                0x0000000000000000                _start
                0x0000000000000038                . = ALIGN (0x4)
                0x0000000000000038                _einit = .

.vector         0x0000000000000038      0x1c8
 *(.vector)
 .vector        0x0000000000000038      0x1a0 ./Startup/startup_ch32v30x_D8C.o
                0x0000000000000200                . = ALIGN (0x40)
 *fill*         0x00000000000001d8       0x28 

.text           0x0000000000000200     0x3650
                0x0000000000000200                . = ALIGN (0x4)
 *(.text)
 .text          0x0000000000000200      0x2e6 ./FreeRTOS/portable/GCC/RISC-V/portASM.o
                0x0000000000000200                SW_Handler
                0x0000000000000300                xPortStartFirstTask
                0x0000000000000400                pxPortInitialiseStack
 .text          0x00000000000004e6       0xa8 d:/mounriver_studio2/resources/app/resources/win32/components/wch/toolchain/risc-v embedded gcc/bin/../lib/gcc/riscv-none-embed/8.2.0/../../../../riscv-none-embed/lib/rv32imacxw/ilp32\libg_nano.a(lib_a-memset.o)
                0x00000000000004e6                memset
 *(.text.*)
 .text.NMI_Handler
                0x000000000000058e        0x4 ./User/ch32v30x_it.o
                0x000000000000058e                NMI_Handler
 .text.HardFault_Handler
                0x0000000000000592       0x12 ./User/ch32v30x_it.o
                0x0000000000000592                HardFault_Handler
 .text.ETH_IRQHandler
                0x00000000000005a4       0x28 ./User/ch32v30x_it.o
                0x00000000000005a4                ETH_IRQHandler
 .text.task1_task
                0x00000000000005cc       0x1c ./User/main.o
                0x00000000000005cc                task1_task
 .text.task2_task
                0x00000000000005e8       0x1c ./User/main.o
                0x00000000000005e8                task2_task
 .text.startup.main
                0x0000000000000604       0x9a ./User/main.o
                0x0000000000000604                main
 .text.SystemInit
                0x000000000000069e       0xf8 ./User/system_ch32v30x.o
                0x000000000000069e                SystemInit
 .text.vector_handler
                0x0000000000000796       0xbe ./Startup/startup_ch32v30x_D8C.o
                0x000000000000079a                Ecall_M_Mode_Handler
                0x000000000000079c                Ecall_U_Mode_Handler
                0x000000000000079e                Break_Point_Handler
                0x00000000000007a4                WWDG_IRQHandler
                0x00000000000007a6                PVD_IRQHandler
                0x00000000000007a8                TAMPER_IRQHandler
                0x00000000000007aa                RTC_IRQHandler
                0x00000000000007ac                FLASH_IRQHandler
                0x00000000000007ae                RCC_IRQHandler
                0x00000000000007b0                EXTI0_IRQHandler
                0x00000000000007b2                EXTI1_IRQHandler
                0x00000000000007b4                EXTI2_IRQHandler
                0x00000000000007b6                EXTI3_IRQHandler
                0x00000000000007b8                EXTI4_IRQHandler
                0x00000000000007ba                DMA1_Channel1_IRQHandler
                0x00000000000007bc                DMA1_Channel2_IRQHandler
                0x00000000000007be                DMA1_Channel3_IRQHandler
                0x00000000000007c0                DMA1_Channel4_IRQHandler
                0x00000000000007c2                DMA1_Channel5_IRQHandler
                0x00000000000007c4                DMA1_Channel6_IRQHandler
                0x00000000000007c6                DMA1_Channel7_IRQHandler
                0x00000000000007c8                ADC1_2_IRQHandler
                0x00000000000007ca                USB_HP_CAN1_TX_IRQHandler
                0x00000000000007cc                USB_LP_CAN1_RX0_IRQHandler
                0x00000000000007ce                CAN1_RX1_IRQHandler
                0x00000000000007d0                CAN1_SCE_IRQHandler
                0x00000000000007d2                EXTI9_5_IRQHandler
                0x00000000000007d4                TIM1_BRK_IRQHandler
                0x00000000000007d6                TIM1_UP_IRQHandler
                0x00000000000007d8                TIM1_TRG_COM_IRQHandler
                0x00000000000007da                TIM1_CC_IRQHandler
                0x00000000000007dc                TIM2_IRQHandler
                0x00000000000007de                TIM3_IRQHandler
                0x00000000000007e0                TIM4_IRQHandler
                0x00000000000007e2                I2C1_EV_IRQHandler
                0x00000000000007e4                I2C1_ER_IRQHandler
                0x00000000000007e6                I2C2_EV_IRQHandler
                0x00000000000007e8                I2C2_ER_IRQHandler
                0x00000000000007ea                SPI1_IRQHandler
                0x00000000000007ec                SPI2_IRQHandler
                0x00000000000007ee                USART1_IRQHandler
                0x00000000000007f0                USART2_IRQHandler
                0x00000000000007f2                USART3_IRQHandler
                0x00000000000007f4                EXTI15_10_IRQHandler
                0x00000000000007f6                RTCAlarm_IRQHandler
                0x00000000000007f8                USBWakeUp_IRQHandler
                0x00000000000007fa                TIM8_BRK_IRQHandler
                0x00000000000007fc                TIM8_UP_IRQHandler
                0x00000000000007fe                TIM8_TRG_COM_IRQHandler
                0x0000000000000800                TIM8_CC_IRQHandler
                0x0000000000000802                RNG_IRQHandler
                0x0000000000000804                FSMC_IRQHandler
                0x0000000000000806                SDIO_IRQHandler
                0x0000000000000808                TIM5_IRQHandler
                0x000000000000080a                SPI3_IRQHandler
                0x000000000000080c                UART4_IRQHandler
                0x000000000000080e                UART5_IRQHandler
                0x0000000000000810                TIM6_IRQHandler
                0x0000000000000812                TIM7_IRQHandler
                0x0000000000000814                DMA2_Channel1_IRQHandler
                0x0000000000000816                DMA2_Channel2_IRQHandler
                0x0000000000000818                DMA2_Channel3_IRQHandler
                0x000000000000081a                DMA2_Channel4_IRQHandler
                0x000000000000081c                DMA2_Channel5_IRQHandler
                0x0000000000000820                ETH_WKUP_IRQHandler
                0x0000000000000822                CAN2_TX_IRQHandler
                0x0000000000000824                CAN2_RX0_IRQHandler
                0x0000000000000826                CAN2_RX1_IRQHandler
                0x0000000000000828                CAN2_SCE_IRQHandler
                0x000000000000082a                OTG_FS_IRQHandler
                0x000000000000082c                USBHSWakeup_IRQHandler
                0x000000000000082e                USBHS_IRQHandler
                0x0000000000000830                DVP_IRQHandler
                0x0000000000000832                UART6_IRQHandler
                0x0000000000000834                UART7_IRQHandler
                0x0000000000000836                UART8_IRQHandler
                0x0000000000000838                TIM9_BRK_IRQHandler
                0x000000000000083a                TIM9_UP_IRQHandler
                0x000000000000083c                TIM9_TRG_COM_IRQHandler
                0x000000000000083e                TIM9_CC_IRQHandler
                0x0000000000000840                TIM10_BRK_IRQHandler
                0x0000000000000842                TIM10_UP_IRQHandler
                0x0000000000000844                TIM10_TRG_COM_IRQHandler
                0x0000000000000846                TIM10_CC_IRQHandler
                0x0000000000000848                DMA2_Channel6_IRQHandler
                0x000000000000084a                DMA2_Channel7_IRQHandler
                0x000000000000084c                DMA2_Channel8_IRQHandler
                0x000000000000084e                DMA2_Channel9_IRQHandler
                0x0000000000000850                DMA2_Channel10_IRQHandler
                0x0000000000000852                DMA2_Channel11_IRQHandler
 .text.handle_reset
                0x0000000000000854       0x92 ./Startup/startup_ch32v30x_D8C.o
                0x0000000000000854                handle_reset
 .text.ETH_DMAClearITPendingBit
                0x00000000000008e6        0x8 ./Peripheral/src/ch32v30x_eth.o
                0x00000000000008e6                ETH_DMAClearITPendingBit
 .text.GPIO_Init
                0x00000000000008ee       0xc0 ./Peripheral/src/ch32v30x_gpio.o
                0x00000000000008ee                GPIO_Init
 .text.NVIC_PriorityGroupConfig
                0x00000000000009ae        0xa ./Peripheral/src/ch32v30x_misc.o
                0x00000000000009ae                NVIC_PriorityGroupConfig
 .text.RCC_GetClocksFreq
                0x00000000000009b8      0x106 ./Peripheral/src/ch32v30x_rcc.o
                0x00000000000009b8                RCC_GetClocksFreq
 .text.RCC_APB2PeriphClockCmd
                0x0000000000000abe       0x1e ./Peripheral/src/ch32v30x_rcc.o
                0x0000000000000abe                RCC_APB2PeriphClockCmd
 .text.USART_Init
                0x0000000000000adc       0xbc ./Peripheral/src/ch32v30x_usart.o
                0x0000000000000adc                USART_Init
 .text.USART_Cmd
                0x0000000000000b98       0x16 ./Peripheral/src/ch32v30x_usart.o
                0x0000000000000b98                USART_Cmd
 .text.USART_SendData
                0x0000000000000bae        0x8 ./Peripheral/src/ch32v30x_usart.o
                0x0000000000000bae                USART_SendData
 .text.USART_GetFlagStatus
                0x0000000000000bb6        0xa ./Peripheral/src/ch32v30x_usart.o
                0x0000000000000bb6                USART_GetFlagStatus
 .text.prvInsertBlockIntoFreeList
                0x0000000000000bc0       0x4c ./FreeRTOS/portable/MemMang/heap_4.o
 .text.pvPortMalloc
                0x0000000000000c0c      0x19c ./FreeRTOS/portable/MemMang/heap_4.o
                0x0000000000000c0c                pvPortMalloc
 .text.vPortFree
                0x0000000000000da8       0xaa ./FreeRTOS/portable/MemMang/heap_4.o
                0x0000000000000da8                vPortFree
 .text.vPortSetupTimerInterrupt
                0x0000000000000e52       0x4a ./FreeRTOS/portable/GCC/RISC-V/port.o
                0x0000000000000e52                vPortSetupTimerInterrupt
 .text.xPortStartScheduler
                0x0000000000000e9c       0x86 ./FreeRTOS/portable/GCC/RISC-V/port.o
                0x0000000000000e9c                xPortStartScheduler
 .text.SysTick_Handler
                0x0000000000000f22       0x38 ./FreeRTOS/portable/GCC/RISC-V/port.o
                0x0000000000000f22                SysTick_Handler
 .text.vPortEnterCritical
                0x0000000000000f5a       0x16 ./FreeRTOS/portable/GCC/RISC-V/port.o
                0x0000000000000f5a                vPortEnterCritical
 .text.vPortExitCritical
                0x0000000000000f70       0x42 ./FreeRTOS/portable/GCC/RISC-V/port.o
                0x0000000000000f70                vPortExitCritical
 .text.vListInitialise
                0x0000000000000fb2       0x14 ./FreeRTOS/list.o
                0x0000000000000fb2                vListInitialise
 .text.vListInitialiseItem
                0x0000000000000fc6        0x6 ./FreeRTOS/list.o
                0x0000000000000fc6                vListInitialiseItem
 .text.vListInsert
                0x0000000000000fcc       0x2e ./FreeRTOS/list.o
                0x0000000000000fcc                vListInsert
 .text.uxListRemove
                0x0000000000000ffa       0x20 ./FreeRTOS/list.o
                0x0000000000000ffa                uxListRemove
 .text.prvIsQueueEmpty
                0x000000000000101a       0x1c ./FreeRTOS/queue.o
 .text.prvCopyDataFromQueue
                0x0000000000001036       0x20 ./FreeRTOS/queue.o
 .text.prvUnlockQueue
                0x0000000000001056       0x7a ./FreeRTOS/queue.o
 .text.xQueueGenericReset
                0x00000000000010d0       0xbe ./FreeRTOS/queue.o
                0x00000000000010d0                xQueueGenericReset
 .text.xQueueGenericCreate
                0x000000000000118e       0x70 ./FreeRTOS/queue.o
                0x000000000000118e                xQueueGenericCreate
 .text.xQueueReceive
                0x00000000000011fe      0x164 ./FreeRTOS/queue.o
                0x00000000000011fe                xQueueReceive
 .text.vQueueAddToRegistry
                0x0000000000001362       0x6c ./FreeRTOS/queue.o
                0x0000000000001362                vQueueAddToRegistry
 .text.vQueueWaitForMessageRestricted
                0x00000000000013ce       0x56 ./FreeRTOS/queue.o
                0x00000000000013ce                vQueueWaitForMessageRestricted
 .text.prvResetNextTaskUnblockTime
                0x0000000000001424       0x24 ./FreeRTOS/tasks.o
 .text.prvAddCurrentTaskToDelayedList
                0x0000000000001448       0xb8 ./FreeRTOS/tasks.o
 .text.prvIdleTask
                0x0000000000001500       0x56 ./FreeRTOS/tasks.o
 .text.xTaskCreate
                0x0000000000001556      0x226 ./FreeRTOS/tasks.o
                0x0000000000001556                xTaskCreate
 .text.vTaskStartScheduler
                0x000000000000177c       0x96 ./FreeRTOS/tasks.o
                0x000000000000177c                vTaskStartScheduler
 .text.vTaskSuspendAll
                0x0000000000001812       0x10 ./FreeRTOS/tasks.o
                0x0000000000001812                vTaskSuspendAll
 .text.xTaskGetTickCount
                0x0000000000001822        0xa ./FreeRTOS/tasks.o
                0x0000000000001822                xTaskGetTickCount
 .text.xTaskIncrementTick
                0x000000000000182c      0x1b0 ./FreeRTOS/tasks.o
                0x000000000000182c                xTaskIncrementTick
 .text.xTaskResumeAll
                0x00000000000019dc      0x174 ./FreeRTOS/tasks.o
                0x00000000000019dc                xTaskResumeAll
 .text.vTaskDelay
                0x0000000000001b50       0x60 ./FreeRTOS/tasks.o
                0x0000000000001b50                vTaskDelay
 .text.vTaskSwitchContext
                0x0000000000001bb0       0x9a ./FreeRTOS/tasks.o
                0x0000000000001bb0                vTaskSwitchContext
 .text.vTaskPlaceOnEventList
                0x0000000000001c4a       0x4c ./FreeRTOS/tasks.o
                0x0000000000001c4a                vTaskPlaceOnEventList
 .text.vTaskPlaceOnEventListRestricted
                0x0000000000001c96       0x72 ./FreeRTOS/tasks.o
                0x0000000000001c96                vTaskPlaceOnEventListRestricted
 .text.xTaskRemoveFromEventList
                0x0000000000001d08       0xea ./FreeRTOS/tasks.o
                0x0000000000001d08                xTaskRemoveFromEventList
 .text.vTaskInternalSetTimeOutState
                0x0000000000001df2       0x16 ./FreeRTOS/tasks.o
                0x0000000000001df2                vTaskInternalSetTimeOutState
 .text.xTaskCheckForTimeOut
                0x0000000000001e08       0xc6 ./FreeRTOS/tasks.o
                0x0000000000001e08                xTaskCheckForTimeOut
 .text.vTaskMissedYield
                0x0000000000001ece        0xc ./FreeRTOS/tasks.o
                0x0000000000001ece                vTaskMissedYield
 .text.xTaskGetSchedulerState
                0x0000000000001eda       0x1c ./FreeRTOS/tasks.o
                0x0000000000001eda                xTaskGetSchedulerState
 .text.prvCheckForValidListAndQueue
                0x0000000000001ef6       0x72 ./FreeRTOS/timers.o
 .text.prvInsertTimerInActiveList
                0x0000000000001f68       0x48 ./FreeRTOS/timers.o
 .text.prvReloadTimer
                0x0000000000001fb0       0x36 ./FreeRTOS/timers.o
 .text.prvProcessExpiredTimer
                0x0000000000001fe6       0x4a ./FreeRTOS/timers.o
 .text.prvSwitchTimerLists
                0x0000000000002030       0x34 ./FreeRTOS/timers.o
 .text.prvTimerTask
                0x0000000000002064      0x19c ./FreeRTOS/timers.o
 .text.xTimerCreateTimerTask
                0x0000000000002200       0x5e ./FreeRTOS/timers.o
                0x0000000000002200                xTimerCreateTimerTask
 .text.Delay_Init
                0x000000000000225e       0x32 ./Debug/debug.o
                0x000000000000225e                Delay_Init
 .text.USART_Printf_Init
                0x0000000000002290       0x5c ./Debug/debug.o
                0x0000000000002290                USART_Printf_Init
 .text._write   0x00000000000022ec       0x50 ./Debug/debug.o
                0x00000000000022ec                _write
 .text._sbrk    0x000000000000233c       0x2a ./Debug/debug.o
                0x000000000000233c                _sbrk
 .text.memcpy   0x0000000000002366       0xb2 d:/mounriver_studio2/resources/app/resources/win32/components/wch/toolchain/risc-v embedded gcc/bin/../lib/gcc/riscv-none-embed/8.2.0/../../../../riscv-none-embed/lib/rv32imacxw/ilp32\libg_nano.a(lib_a-memcpy.o)
                0x0000000000002366                memcpy
 .text.printf   0x0000000000002418       0x40 d:/mounriver_studio2/resources/app/resources/win32/components/wch/toolchain/risc-v embedded gcc/bin/../lib/gcc/riscv-none-embed/8.2.0/../../../../riscv-none-embed/lib/rv32imacxw/ilp32\libg_nano.a(lib_a-printf.o)
                0x0000000000002418                iprintf
                0x0000000000002418                printf
 .text._puts_r  0x0000000000002458       0xd4 d:/mounriver_studio2/resources/app/resources/win32/components/wch/toolchain/risc-v embedded gcc/bin/../lib/gcc/riscv-none-embed/8.2.0/../../../../riscv-none-embed/lib/rv32imacxw/ilp32\libg_nano.a(lib_a-puts.o)
                0x0000000000002458                _puts_r
 .text.puts     0x000000000000252c        0xa d:/mounriver_studio2/resources/app/resources/win32/components/wch/toolchain/risc-v embedded gcc/bin/../lib/gcc/riscv-none-embed/8.2.0/../../../../riscv-none-embed/lib/rv32imacxw/ilp32\libg_nano.a(lib_a-puts.o)
                0x000000000000252c                puts
 .text.__swbuf_r
                0x0000000000002536       0xbc d:/mounriver_studio2/resources/app/resources/win32/components/wch/toolchain/risc-v embedded gcc/bin/../lib/gcc/riscv-none-embed/8.2.0/../../../../riscv-none-embed/lib/rv32imacxw/ilp32\libg_nano.a(lib_a-wbuf.o)
                0x0000000000002536                __swbuf_r
 .text.__swsetup_r
                0x00000000000025f2       0xfc d:/mounriver_studio2/resources/app/resources/win32/components/wch/toolchain/risc-v embedded gcc/bin/../lib/gcc/riscv-none-embed/8.2.0/../../../../riscv-none-embed/lib/rv32imacxw/ilp32\libg_nano.a(lib_a-wsetup.o)
                0x00000000000025f2                __swsetup_r
 .text.__sflush_r
                0x00000000000026ee      0x130 d:/mounriver_studio2/resources/app/resources/win32/components/wch/toolchain/risc-v embedded gcc/bin/../lib/gcc/riscv-none-embed/8.2.0/../../../../riscv-none-embed/lib/rv32imacxw/ilp32\libg_nano.a(lib_a-fflush.o)
                0x00000000000026ee                __sflush_r
 .text._fflush_r
                0x000000000000281e       0x64 d:/mounriver_studio2/resources/app/resources/win32/components/wch/toolchain/risc-v embedded gcc/bin/../lib/gcc/riscv-none-embed/8.2.0/../../../../riscv-none-embed/lib/rv32imacxw/ilp32\libg_nano.a(lib_a-fflush.o)
                0x000000000000281e                _fflush_r
 .text.std      0x0000000000002882       0x66 d:/mounriver_studio2/resources/app/resources/win32/components/wch/toolchain/risc-v embedded gcc/bin/../lib/gcc/riscv-none-embed/8.2.0/../../../../riscv-none-embed/lib/rv32imacxw/ilp32\libg_nano.a(lib_a-findfp.o)
 .text._cleanup_r
                0x00000000000028e8        0xa d:/mounriver_studio2/resources/app/resources/win32/components/wch/toolchain/risc-v embedded gcc/bin/../lib/gcc/riscv-none-embed/8.2.0/../../../../riscv-none-embed/lib/rv32imacxw/ilp32\libg_nano.a(lib_a-findfp.o)
                0x00000000000028e8                _cleanup_r
 .text.__sfmoreglue
                0x00000000000028f2       0x46 d:/mounriver_studio2/resources/app/resources/win32/components/wch/toolchain/risc-v embedded gcc/bin/../lib/gcc/riscv-none-embed/8.2.0/../../../../riscv-none-embed/lib/rv32imacxw/ilp32\libg_nano.a(lib_a-findfp.o)
                0x00000000000028f2                __sfmoreglue
 .text.__sinit  0x0000000000002938       0x66 d:/mounriver_studio2/resources/app/resources/win32/components/wch/toolchain/risc-v embedded gcc/bin/../lib/gcc/riscv-none-embed/8.2.0/../../../../riscv-none-embed/lib/rv32imacxw/ilp32\libg_nano.a(lib_a-findfp.o)
                0x0000000000002938                __sinit
 .text.__sfp    0x000000000000299e       0x9c d:/mounriver_studio2/resources/app/resources/win32/components/wch/toolchain/risc-v embedded gcc/bin/../lib/gcc/riscv-none-embed/8.2.0/../../../../riscv-none-embed/lib/rv32imacxw/ilp32\libg_nano.a(lib_a-findfp.o)
                0x000000000000299e                __sfp
 .text._fwalk_reent
                0x0000000000002a3a       0x6a d:/mounriver_studio2/resources/app/resources/win32/components/wch/toolchain/risc-v embedded gcc/bin/../lib/gcc/riscv-none-embed/8.2.0/../../../../riscv-none-embed/lib/rv32imacxw/ilp32\libg_nano.a(lib_a-fwalk.o)
                0x0000000000002a3a                _fwalk_reent
 .text.__swhatbuf_r
                0x0000000000002aa4       0x58 d:/mounriver_studio2/resources/app/resources/win32/components/wch/toolchain/risc-v embedded gcc/bin/../lib/gcc/riscv-none-embed/8.2.0/../../../../riscv-none-embed/lib/rv32imacxw/ilp32\libg_nano.a(lib_a-makebuf.o)
                0x0000000000002aa4                __swhatbuf_r
 .text.__smakebuf_r
                0x0000000000002afc       0x90 d:/mounriver_studio2/resources/app/resources/win32/components/wch/toolchain/risc-v embedded gcc/bin/../lib/gcc/riscv-none-embed/8.2.0/../../../../riscv-none-embed/lib/rv32imacxw/ilp32\libg_nano.a(lib_a-makebuf.o)
                0x0000000000002afc                __smakebuf_r
 .text._free_r  0x0000000000002b8c       0xb0 d:/mounriver_studio2/resources/app/resources/win32/components/wch/toolchain/risc-v embedded gcc/bin/../lib/gcc/riscv-none-embed/8.2.0/../../../../riscv-none-embed/lib/rv32imacxw/ilp32\libg_nano.a(lib_a-nano-freer.o)
                0x0000000000002b8c                _free_r
 .text._malloc_r
                0x0000000000002c3c       0xe4 d:/mounriver_studio2/resources/app/resources/win32/components/wch/toolchain/risc-v embedded gcc/bin/../lib/gcc/riscv-none-embed/8.2.0/../../../../riscv-none-embed/lib/rv32imacxw/ilp32\libg_nano.a(lib_a-nano-mallocr.o)
                0x0000000000002c3c                _malloc_r
 .text.__sfputc_r
                0x0000000000002d20       0x28 d:/mounriver_studio2/resources/app/resources/win32/components/wch/toolchain/risc-v embedded gcc/bin/../lib/gcc/riscv-none-embed/8.2.0/../../../../riscv-none-embed/lib/rv32imacxw/ilp32\libg_nano.a(lib_a-nano-vfprintf.o)
 .text.__sfputs_r
                0x0000000000002d48       0x40 d:/mounriver_studio2/resources/app/resources/win32/components/wch/toolchain/risc-v embedded gcc/bin/../lib/gcc/riscv-none-embed/8.2.0/../../../../riscv-none-embed/lib/rv32imacxw/ilp32\libg_nano.a(lib_a-nano-vfprintf.o)
                0x0000000000002d48                __sfputs_r
 .text._vfprintf_r
                0x0000000000002d88      0x286 d:/mounriver_studio2/resources/app/resources/win32/components/wch/toolchain/risc-v embedded gcc/bin/../lib/gcc/riscv-none-embed/8.2.0/../../../../riscv-none-embed/lib/rv32imacxw/ilp32\libg_nano.a(lib_a-nano-vfprintf.o)
                0x0000000000002d88                _vfprintf_r
                0x0000000000002d88                _vfiprintf_r
 .text._printf_common
                0x000000000000300e      0x10c d:/mounriver_studio2/resources/app/resources/win32/components/wch/toolchain/risc-v embedded gcc/bin/../lib/gcc/riscv-none-embed/8.2.0/../../../../riscv-none-embed/lib/rv32imacxw/ilp32\libg_nano.a(lib_a-nano-vfprintf_i.o)
                0x000000000000300e                _printf_common
 .text._printf_i
                0x000000000000311a      0x2a0 d:/mounriver_studio2/resources/app/resources/win32/components/wch/toolchain/risc-v embedded gcc/bin/../lib/gcc/riscv-none-embed/8.2.0/../../../../riscv-none-embed/lib/rv32imacxw/ilp32\libg_nano.a(lib_a-nano-vfprintf_i.o)
                0x000000000000311a                _printf_i
 .text._sbrk_r  0x00000000000033ba       0x32 d:/mounriver_studio2/resources/app/resources/win32/components/wch/toolchain/risc-v embedded gcc/bin/../lib/gcc/riscv-none-embed/8.2.0/../../../../riscv-none-embed/lib/rv32imacxw/ilp32\libg_nano.a(lib_a-sbrkr.o)
                0x00000000000033ba                _sbrk_r
 .text.__sread  0x00000000000033ec       0x2c d:/mounriver_studio2/resources/app/resources/win32/components/wch/toolchain/risc-v embedded gcc/bin/../lib/gcc/riscv-none-embed/8.2.0/../../../../riscv-none-embed/lib/rv32imacxw/ilp32\libg_nano.a(lib_a-stdio.o)
                0x00000000000033ec                __sread
 .text.__swrite
                0x0000000000003418       0x48 d:/mounriver_studio2/resources/app/resources/win32/components/wch/toolchain/risc-v embedded gcc/bin/../lib/gcc/riscv-none-embed/8.2.0/../../../../riscv-none-embed/lib/rv32imacxw/ilp32\libg_nano.a(lib_a-stdio.o)
                0x0000000000003418                __swrite
 .text.__sseek  0x0000000000003460       0x30 d:/mounriver_studio2/resources/app/resources/win32/components/wch/toolchain/risc-v embedded gcc/bin/../lib/gcc/riscv-none-embed/8.2.0/../../../../riscv-none-embed/lib/rv32imacxw/ilp32\libg_nano.a(lib_a-stdio.o)
                0x0000000000003460                __sseek
 .text.__sclose
                0x0000000000003490        0x6 d:/mounriver_studio2/resources/app/resources/win32/components/wch/toolchain/risc-v embedded gcc/bin/../lib/gcc/riscv-none-embed/8.2.0/../../../../riscv-none-embed/lib/rv32imacxw/ilp32\libg_nano.a(lib_a-stdio.o)
                0x0000000000003490                __sclose
 .text._write_r
                0x0000000000003496       0x36 d:/mounriver_studio2/resources/app/resources/win32/components/wch/toolchain/risc-v embedded gcc/bin/../lib/gcc/riscv-none-embed/8.2.0/../../../../riscv-none-embed/lib/rv32imacxw/ilp32\libg_nano.a(lib_a-writer.o)
                0x0000000000003496                _write_r
 .text._close_r
                0x00000000000034cc       0x30 d:/mounriver_studio2/resources/app/resources/win32/components/wch/toolchain/risc-v embedded gcc/bin/../lib/gcc/riscv-none-embed/8.2.0/../../../../riscv-none-embed/lib/rv32imacxw/ilp32\libg_nano.a(lib_a-closer.o)
                0x00000000000034cc                _close_r
 .text._fstat_r
                0x00000000000034fc       0x32 d:/mounriver_studio2/resources/app/resources/win32/components/wch/toolchain/risc-v embedded gcc/bin/../lib/gcc/riscv-none-embed/8.2.0/../../../../riscv-none-embed/lib/rv32imacxw/ilp32\libg_nano.a(lib_a-fstatr.o)
                0x00000000000034fc                _fstat_r
 .text._isatty_r
                0x000000000000352e       0x30 d:/mounriver_studio2/resources/app/resources/win32/components/wch/toolchain/risc-v embedded gcc/bin/../lib/gcc/riscv-none-embed/8.2.0/../../../../riscv-none-embed/lib/rv32imacxw/ilp32\libg_nano.a(lib_a-isattyr.o)
                0x000000000000352e                _isatty_r
 .text._lseek_r
                0x000000000000355e       0x34 d:/mounriver_studio2/resources/app/resources/win32/components/wch/toolchain/risc-v embedded gcc/bin/../lib/gcc/riscv-none-embed/8.2.0/../../../../riscv-none-embed/lib/rv32imacxw/ilp32\libg_nano.a(lib_a-lseekr.o)
                0x000000000000355e                _lseek_r
 .text.memchr   0x0000000000003592       0x18 d:/mounriver_studio2/resources/app/resources/win32/components/wch/toolchain/risc-v embedded gcc/bin/../lib/gcc/riscv-none-embed/8.2.0/../../../../riscv-none-embed/lib/rv32imacxw/ilp32\libg_nano.a(lib_a-memchr.o)
                0x0000000000003592                memchr
 .text.__malloc_lock
                0x00000000000035aa        0x2 d:/mounriver_studio2/resources/app/resources/win32/components/wch/toolchain/risc-v embedded gcc/bin/../lib/gcc/riscv-none-embed/8.2.0/../../../../riscv-none-embed/lib/rv32imacxw/ilp32\libg_nano.a(lib_a-mlock.o)
                0x00000000000035aa                __malloc_lock
 .text.__malloc_unlock
                0x00000000000035ac        0x2 d:/mounriver_studio2/resources/app/resources/win32/components/wch/toolchain/risc-v embedded gcc/bin/../lib/gcc/riscv-none-embed/8.2.0/../../../../riscv-none-embed/lib/rv32imacxw/ilp32\libg_nano.a(lib_a-mlock.o)
                0x00000000000035ac                __malloc_unlock
 .text._read_r  0x00000000000035ae       0x34 d:/mounriver_studio2/resources/app/resources/win32/components/wch/toolchain/risc-v embedded gcc/bin/../lib/gcc/riscv-none-embed/8.2.0/../../../../riscv-none-embed/lib/rv32imacxw/ilp32\libg_nano.a(lib_a-readr.o)
                0x00000000000035ae                _read_r
 .text._close   0x00000000000035e2       0x10 d:/mounriver_studio2/resources/app/resources/win32/components/wch/toolchain/risc-v embedded gcc/bin/../lib/gcc/riscv-none-embed/8.2.0/../../../../riscv-none-embed/lib/rv32imacxw/ilp32\libnosys.a(close.o)
                0x00000000000035e2                _close
 .text._fstat   0x00000000000035f2       0x10 d:/mounriver_studio2/resources/app/resources/win32/components/wch/toolchain/risc-v embedded gcc/bin/../lib/gcc/riscv-none-embed/8.2.0/../../../../riscv-none-embed/lib/rv32imacxw/ilp32\libnosys.a(fstat.o)
                0x00000000000035f2                _fstat
 .text._isatty  0x0000000000003602       0x10 d:/mounriver_studio2/resources/app/resources/win32/components/wch/toolchain/risc-v embedded gcc/bin/../lib/gcc/riscv-none-embed/8.2.0/../../../../riscv-none-embed/lib/rv32imacxw/ilp32\libnosys.a(isatty.o)
                0x0000000000003602                _isatty
 .text._lseek   0x0000000000003612       0x10 d:/mounriver_studio2/resources/app/resources/win32/components/wch/toolchain/risc-v embedded gcc/bin/../lib/gcc/riscv-none-embed/8.2.0/../../../../riscv-none-embed/lib/rv32imacxw/ilp32\libnosys.a(lseek.o)
                0x0000000000003612                _lseek
 .text._read    0x0000000000003622       0x10 d:/mounriver_studio2/resources/app/resources/win32/components/wch/toolchain/risc-v embedded gcc/bin/../lib/gcc/riscv-none-embed/8.2.0/../../../../riscv-none-embed/lib/rv32imacxw/ilp32\libnosys.a(read.o)
                0x0000000000003622                _read
 *(.rodata)
 *(.rodata*)
 *fill*         0x0000000000003632        0x2 
 .rodata.HardFault_Handler.str1.4
                0x0000000000003634        0xd ./User/ch32v30x_it.o
 *fill*         0x0000000000003641        0x3 
 .rodata.main.str1.4
                0x0000000000003644       0x60 ./User/main.o
 .rodata.task1_task.str1.4
                0x00000000000036a4       0x10 ./User/main.o
 .rodata.task2_task.str1.4
                0x00000000000036b4       0x10 ./User/main.o
 .rodata.pvPortMalloc.str1.4
                0x00000000000036c4       0x49 ./FreeRTOS/portable/MemMang/heap_4.o
 *fill*         0x000000000000370d        0x3 
 .rodata.xPortStartScheduler.str1.4
                0x0000000000003710       0x27 ./FreeRTOS/portable/GCC/RISC-V/port.o
                                         0x49 (size before relaxing)
 *fill*         0x0000000000003737        0x1 
 .rodata.xQueueGenericReset.str1.4
                0x0000000000003738       0x14 ./FreeRTOS/queue.o
                                         0x35 (size before relaxing)
 .rodata.prvTaskIsTaskSuspended.str1.4
                0x000000000000374c       0x14 ./FreeRTOS/tasks.o
                                         0x35 (size before relaxing)
 .rodata.vTaskStartScheduler.str1.4
                0x0000000000003760        0x5 ./FreeRTOS/tasks.o
 *fill*         0x0000000000003765        0x3 
 .rodata.prvTimerTask
                0x0000000000003768       0x24 ./FreeRTOS/timers.o
 .rodata.prvCheckForValidListAndQueue.str1.4
                0x000000000000378c        0x5 ./FreeRTOS/timers.o
 *fill*         0x0000000000003791        0x3 
 .rodata.prvTimerTask.str1.4
                0x0000000000003794       0x15 ./FreeRTOS/timers.o
                                         0x39 (size before relaxing)
 *fill*         0x00000000000037a9        0x3 
 .rodata.xTimerCreateTimerTask.str1.4
                0x00000000000037ac        0x8 ./FreeRTOS/timers.o
 .rodata.__sf_fake_stderr
                0x00000000000037b4       0x20 d:/mounriver_studio2/resources/app/resources/win32/components/wch/toolchain/risc-v embedded gcc/bin/../lib/gcc/riscv-none-embed/8.2.0/../../../../riscv-none-embed/lib/rv32imacxw/ilp32\libg_nano.a(lib_a-findfp.o)
                0x00000000000037b4                __sf_fake_stderr
 .rodata.__sf_fake_stdin
                0x00000000000037d4       0x20 d:/mounriver_studio2/resources/app/resources/win32/components/wch/toolchain/risc-v embedded gcc/bin/../lib/gcc/riscv-none-embed/8.2.0/../../../../riscv-none-embed/lib/rv32imacxw/ilp32\libg_nano.a(lib_a-findfp.o)
                0x00000000000037d4                __sf_fake_stdin
 .rodata.__sf_fake_stdout
                0x00000000000037f4       0x20 d:/mounriver_studio2/resources/app/resources/win32/components/wch/toolchain/risc-v embedded gcc/bin/../lib/gcc/riscv-none-embed/8.2.0/../../../../riscv-none-embed/lib/rv32imacxw/ilp32\libg_nano.a(lib_a-findfp.o)
                0x00000000000037f4                __sf_fake_stdout
 .rodata._vfprintf_r.str1.4
                0x0000000000003814       0x13 d:/mounriver_studio2/resources/app/resources/win32/components/wch/toolchain/risc-v embedded gcc/bin/../lib/gcc/riscv-none-embed/8.2.0/../../../../riscv-none-embed/lib/rv32imacxw/ilp32\libg_nano.a(lib_a-nano-vfprintf.o)
 *fill*         0x0000000000003827        0x1 
 .rodata._printf_i.str1.4
                0x0000000000003828       0x28 d:/mounriver_studio2/resources/app/resources/win32/components/wch/toolchain/risc-v embedded gcc/bin/../lib/gcc/riscv-none-embed/8.2.0/../../../../riscv-none-embed/lib/rv32imacxw/ilp32\libg_nano.a(lib_a-nano-vfprintf_i.o)
                                         0x25 (size before relaxing)
 *(.glue_7)
 *(.glue_7t)
 *(.gnu.linkonce.t.*)
                0x0000000000003850                . = ALIGN (0x4)

.rela.dyn       0x0000000000003850        0x0
 .rela.text.startup.main
                0x0000000000003850        0x0 ./User/ch32v30x_it.o
 .rela.init     0x0000000000003850        0x0 ./User/ch32v30x_it.o
 .rela.vector   0x0000000000003850        0x0 ./User/ch32v30x_it.o
 .rela.text.handle_reset
                0x0000000000003850        0x0 ./User/ch32v30x_it.o
 .rela.text.xPortStartScheduler
                0x0000000000003850        0x0 ./User/ch32v30x_it.o
 .rela.sdata2.xISRStackTop
                0x0000000000003850        0x0 ./User/ch32v30x_it.o
 .rela.text.vQueueAddToRegistry
                0x0000000000003850        0x0 ./User/ch32v30x_it.o
 .rela.text._sbrk
                0x0000000000003850        0x0 ./User/ch32v30x_it.o
 .rela.sdata.curbrk.5543
                0x0000000000003850        0x0 ./User/ch32v30x_it.o
 .rela.text._vfprintf_r
                0x0000000000003850        0x0 ./User/ch32v30x_it.o
 .rela.text._sbrk_r
                0x0000000000003850        0x0 ./User/ch32v30x_it.o
 .rela.text._write_r
                0x0000000000003850        0x0 ./User/ch32v30x_it.o
 .rela.text._close_r
                0x0000000000003850        0x0 ./User/ch32v30x_it.o
 .rela.text._fstat_r
                0x0000000000003850        0x0 ./User/ch32v30x_it.o
 .rela.text._isatty_r
                0x0000000000003850        0x0 ./User/ch32v30x_it.o
 .rela.text._lseek_r
                0x0000000000003850        0x0 ./User/ch32v30x_it.o
 .rela.text._read_r
                0x0000000000003850        0x0 ./User/ch32v30x_it.o
 .rela.text._close
                0x0000000000003850        0x0 ./User/ch32v30x_it.o
 .rela.text._fstat
                0x0000000000003850        0x0 ./User/ch32v30x_it.o
 .rela.text._isatty
                0x0000000000003850        0x0 ./User/ch32v30x_it.o
 .rela.text._lseek
                0x0000000000003850        0x0 ./User/ch32v30x_it.o
 .rela.text._read
                0x0000000000003850        0x0 ./User/ch32v30x_it.o

.fini           0x0000000000003850        0x0
 *(SORT_NONE(.fini))
                0x0000000000003850                . = ALIGN (0x4)
                [!provide]                        PROVIDE (_etext = .)
                [!provide]                        PROVIDE (_eitcm = .)

.preinit_array  0x0000000000003850        0x0
                [!provide]                        PROVIDE (__preinit_array_start = .)
 *(.preinit_array)
                [!provide]                        PROVIDE (__preinit_array_end = .)

.init_array     0x0000000000003850        0x0
                [!provide]                        PROVIDE (__init_array_start = .)
 *(SORT_BY_INIT_PRIORITY(.init_array.*) SORT_BY_INIT_PRIORITY(.ctors.*))
 *(.init_array EXCLUDE_FILE(*crtend?.o *crtend.o *crtbegin?.o *crtbegin.o) .ctors)
                [!provide]                        PROVIDE (__init_array_end = .)

.fini_array     0x0000000000003850        0x0
                [!provide]                        PROVIDE (__fini_array_start = .)
 *(SORT_BY_INIT_PRIORITY(.fini_array.*) SORT_BY_INIT_PRIORITY(.dtors.*))
 *(.fini_array EXCLUDE_FILE(*crtend?.o *crtend.o *crtbegin?.o *crtbegin.o) .dtors)
                [!provide]                        PROVIDE (__fini_array_end = .)

.ctors
 *crtbegin.o(.ctors)
 *crtbegin?.o(.ctors)
 *(EXCLUDE_FILE(*crtend?.o *crtend.o) .ctors)
 *(SORT_BY_NAME(.ctors.*))
 *(.ctors)

.dtors
 *crtbegin.o(.dtors)
 *crtbegin?.o(.dtors)
 *(EXCLUDE_FILE(*crtend?.o *crtend.o) .dtors)
 *(SORT_BY_NAME(.dtors.*))
 *(.dtors)

.dalign         0x0000000020000000        0x0 load address 0x0000000000003850
                0x0000000020000000                . = ALIGN (0x4)
                0x0000000020000000                PROVIDE (_data_vma = .)

.dlalign        0x0000000000003850        0x0
                0x0000000000003850                . = ALIGN (0x4)
                0x0000000000003850                PROVIDE (_data_lma = .)

.data           0x0000000020000000       0x90 load address 0x0000000000003850
 *(.gnu.linkonce.r.*)
 *(.data .data.*)
 .data.APBAHBPrescTable
                0x0000000020000000       0x10 ./Peripheral/src/ch32v30x_rcc.o
 .data.impure_data
                0x0000000020000010       0x60 d:/mounriver_studio2/resources/app/resources/win32/components/wch/toolchain/risc-v embedded gcc/bin/../lib/gcc/riscv-none-embed/8.2.0/../../../../riscv-none-embed/lib/rv32imacxw/ilp32\libg_nano.a(lib_a-impure.o)
 *(.gnu.linkonce.d.*)
                0x0000000020000070                . = ALIGN (0x8)
                0x0000000020000870                PROVIDE (__global_pointer$ = (. + 0x800))
 *(.sdata .sdata.*)
 .sdata.SystemCoreClock
                0x0000000020000070        0x4 ./User/system_ch32v30x.o
                0x0000000020000070                SystemCoreClock
 .sdata.ADCPrescTable
                0x0000000020000074        0x4 ./Peripheral/src/ch32v30x_rcc.o
 .sdata.uxCriticalNesting
                0x0000000020000078        0x4 ./FreeRTOS/portable/GCC/RISC-V/port.o
 .sdata.uxTopUsedPriority
                0x000000002000007c        0x4 ./FreeRTOS/tasks.o
                0x000000002000007c                uxTopUsedPriority
 .sdata.curbrk.5543
                0x0000000020000080        0x4 ./Debug/debug.o
 .sdata._impure_ptr
                0x0000000020000084        0x4 d:/mounriver_studio2/resources/app/resources/win32/components/wch/toolchain/risc-v embedded gcc/bin/../lib/gcc/riscv-none-embed/8.2.0/../../../../riscv-none-embed/lib/rv32imacxw/ilp32\libg_nano.a(lib_a-impure.o)
                0x0000000020000084                _impure_ptr
 *(.sdata2.*)
 .sdata2.xISRStackTop
                0x0000000020000088        0x4 ./FreeRTOS/portable/GCC/RISC-V/port.o
                0x0000000020000088                xISRStackTop
 .sdata2._global_impure_ptr
                0x000000002000008c        0x4 d:/mounriver_studio2/resources/app/resources/win32/components/wch/toolchain/risc-v embedded gcc/bin/../lib/gcc/riscv-none-embed/8.2.0/../../../../riscv-none-embed/lib/rv32imacxw/ilp32\libg_nano.a(lib_a-impure.o)
                0x000000002000008c                _global_impure_ptr
 *(.gnu.linkonce.s.*)
                0x0000000020000090                . = ALIGN (0x8)
 *(.srodata.cst16)
 *(.srodata.cst8)
 *(.srodata.cst4)
 *(.srodata.cst2)
 *(.srodata .srodata.*)
                0x0000000020000090                . = ALIGN (0x4)
                0x0000000020000090                PROVIDE (_edata = .)

.bss            0x0000000020000090     0x5284 load address 0x00000000000038e0
                0x0000000020000090                . = ALIGN (0x4)
                0x0000000020000090                PROVIDE (_sbss = .)
 *(.sbss*)
 .sbss.NVIC_Priority_Group
                0x0000000020000090        0x4 ./Peripheral/src/ch32v30x_misc.o
                0x0000000020000090                NVIC_Priority_Group
 .sbss.pxEnd    0x0000000020000094        0x4 ./FreeRTOS/portable/MemMang/heap_4.o
 .sbss.xBlockAllocatedBit
                0x0000000020000098        0x4 ./FreeRTOS/portable/MemMang/heap_4.o
 .sbss.xFreeBytesRemaining
                0x000000002000009c        0x4 ./FreeRTOS/portable/MemMang/heap_4.o
 .sbss.xMinimumEverFreeBytesRemaining
                0x00000000200000a0        0x4 ./FreeRTOS/portable/MemMang/heap_4.o
 .sbss.xNumberOfSuccessfulAllocations
                0x00000000200000a4        0x4 ./FreeRTOS/portable/MemMang/heap_4.o
 .sbss.xNumberOfSuccessfulFrees
                0x00000000200000a8        0x4 ./FreeRTOS/portable/MemMang/heap_4.o
 .sbss.xStart   0x00000000200000ac        0x8 ./FreeRTOS/portable/MemMang/heap_4.o
 .sbss.pxCurrentTCB
                0x00000000200000b4        0x4 ./FreeRTOS/tasks.o
                0x00000000200000b4                pxCurrentTCB
 .sbss.pxDelayedTaskList
                0x00000000200000b8        0x4 ./FreeRTOS/tasks.o
 .sbss.pxOverflowDelayedTaskList
                0x00000000200000bc        0x4 ./FreeRTOS/tasks.o
 .sbss.uxCurrentNumberOfTasks
                0x00000000200000c0        0x4 ./FreeRTOS/tasks.o
 .sbss.uxDeletedTasksWaitingCleanUp
                0x00000000200000c4        0x4 ./FreeRTOS/tasks.o
 .sbss.uxSchedulerSuspended
                0x00000000200000c8        0x4 ./FreeRTOS/tasks.o
 .sbss.uxTaskNumber
                0x00000000200000cc        0x4 ./FreeRTOS/tasks.o
 .sbss.uxTopReadyPriority
                0x00000000200000d0        0x4 ./FreeRTOS/tasks.o
 .sbss.xIdleTaskHandle
                0x00000000200000d4        0x4 ./FreeRTOS/tasks.o
 .sbss.xNextTaskUnblockTime
                0x00000000200000d8        0x4 ./FreeRTOS/tasks.o
 .sbss.xNumOfOverflows
                0x00000000200000dc        0x4 ./FreeRTOS/tasks.o
 .sbss.xPendedTicks
                0x00000000200000e0        0x4 ./FreeRTOS/tasks.o
 .sbss.xSchedulerRunning
                0x00000000200000e4        0x4 ./FreeRTOS/tasks.o
 .sbss.xTickCount
                0x00000000200000e8        0x4 ./FreeRTOS/tasks.o
 .sbss.xYieldPending
                0x00000000200000ec        0x4 ./FreeRTOS/tasks.o
 .sbss.pxCurrentTimerList
                0x00000000200000f0        0x4 ./FreeRTOS/timers.o
 .sbss.pxOverflowTimerList
                0x00000000200000f4        0x4 ./FreeRTOS/timers.o
 .sbss.xLastTime.6595
                0x00000000200000f8        0x4 ./FreeRTOS/timers.o
 .sbss.xTimerQueue
                0x00000000200000fc        0x4 ./FreeRTOS/timers.o
 .sbss.xTimerTaskHandle
                0x0000000020000100        0x4 ./FreeRTOS/timers.o
 .sbss.p_ms     0x0000000020000104        0x2 ./Debug/debug.o
 .sbss.p_us     0x0000000020000106        0x1 ./Debug/debug.o
 *fill*         0x0000000020000107        0x1 
 .sbss.__malloc_free_list
                0x0000000020000108        0x4 d:/mounriver_studio2/resources/app/resources/win32/components/wch/toolchain/risc-v embedded gcc/bin/../lib/gcc/riscv-none-embed/8.2.0/../../../../riscv-none-embed/lib/rv32imacxw/ilp32\libg_nano.a(lib_a-nano-mallocr.o)
                0x0000000020000108                __malloc_free_list
 .sbss.__malloc_sbrk_start
                0x000000002000010c        0x4 d:/mounriver_studio2/resources/app/resources/win32/components/wch/toolchain/risc-v embedded gcc/bin/../lib/gcc/riscv-none-embed/8.2.0/../../../../riscv-none-embed/lib/rv32imacxw/ilp32\libg_nano.a(lib_a-nano-mallocr.o)
                0x000000002000010c                __malloc_sbrk_start
 *(.gnu.linkonce.sb.*)
 *(.bss*)
 .bss.ucHeap    0x0000000020000110     0x5000 ./FreeRTOS/portable/MemMang/heap_4.o
 .bss.pxReadyTasksLists
                0x0000000020005110      0x12c ./FreeRTOS/tasks.o
 .bss.xDelayedTaskList1
                0x000000002000523c       0x14 ./FreeRTOS/tasks.o
 .bss.xDelayedTaskList2
                0x0000000020005250       0x14 ./FreeRTOS/tasks.o
 .bss.xPendingReadyList
                0x0000000020005264       0x14 ./FreeRTOS/tasks.o
 .bss.xSuspendedTaskList
                0x0000000020005278       0x14 ./FreeRTOS/tasks.o
 .bss.xTasksWaitingTermination
                0x000000002000528c       0x14 ./FreeRTOS/tasks.o
 .bss.xActiveTimerList1
                0x00000000200052a0       0x14 ./FreeRTOS/timers.o
 .bss.xActiveTimerList2
                0x00000000200052b4       0x14 ./FreeRTOS/timers.o
 *(.gnu.linkonce.b.*)
 *(COMMON*)
 COMMON         0x00000000200052c8        0x8 ./User/main.o
                0x00000000200052c8                Task1Task_Handler
                0x00000000200052cc                Task2Task_Handler
 COMMON         0x00000000200052d0       0x40 ./FreeRTOS/queue.o
                0x00000000200052d0                xQueueRegistry
 COMMON         0x0000000020005310        0x4 d:/mounriver_studio2/resources/app/resources/win32/components/wch/toolchain/risc-v embedded gcc/bin/../lib/gcc/riscv-none-embed/8.2.0/../../../../riscv-none-embed/lib/rv32imacxw/ilp32\libg_nano.a(lib_a-reent.o)
                0x0000000020005310                errno
                0x0000000020005314                . = ALIGN (0x4)
                0x0000000020005314                PROVIDE (_ebss = .)
                0x0000000020005314                PROVIDE (_end = _ebss)
                [!provide]                        PROVIDE (end = .)

.stack          0x000000002001f800      0x800
                0x000000002001f800                PROVIDE (_heap_end = .)
                0x000000002001f800                . = ALIGN (0x4)
                [!provide]                        PROVIDE (_susrstack = .)
                0x0000000020020000                . = (. + __stack_size)
 *fill*         0x000000002001f800      0x800 
                0x0000000020020000                PROVIDE (_eusrstack = .)
                0x0000000020020000                __freertos_irq_stack_top = .
OUTPUT(lwIP_FreeRTOS.elf elf32-littleriscv)

.debug_info     0x0000000000000000    0x15f57
 .debug_info    0x0000000000000000      0xe1b ./User/ch32v30x_it.o
 .debug_info    0x0000000000000e1b      0xbda ./User/main.o
 .debug_info    0x00000000000019f5      0xb63 ./User/system_ch32v30x.o
 .debug_info    0x0000000000002558       0x22 ./Startup/startup_ch32v30x_D8C.o
 .debug_info    0x000000000000257a     0x270d ./Peripheral/src/ch32v30x_eth.o
 .debug_info    0x0000000000004c87     0x1093 ./Peripheral/src/ch32v30x_gpio.o
 .debug_info    0x0000000000005d1a      0xf67 ./Peripheral/src/ch32v30x_misc.o
 .debug_info    0x0000000000006c81     0x155d ./Peripheral/src/ch32v30x_rcc.o
 .debug_info    0x00000000000081de     0x1420 ./Peripheral/src/ch32v30x_usart.o
 .debug_info    0x00000000000095fe      0xe5c ./FreeRTOS/portable/MemMang/heap_4.o
 .debug_info    0x000000000000a45a     0x1181 ./FreeRTOS/portable/GCC/RISC-V/port.o
 .debug_info    0x000000000000b5db       0x26 ./FreeRTOS/portable/GCC/RISC-V/portASM.o
 .debug_info    0x000000000000b601      0xb80 ./FreeRTOS/list.o
 .debug_info    0x000000000000c181     0x30d1 ./FreeRTOS/queue.o
 .debug_info    0x000000000000f252     0x3c87 ./FreeRTOS/tasks.o
 .debug_info    0x0000000000012ed9     0x2162 ./FreeRTOS/timers.o
 .debug_info    0x000000000001503b      0xf1c ./Debug/debug.o

.debug_abbrev   0x0000000000000000     0x3385
 .debug_abbrev  0x0000000000000000      0x252 ./User/ch32v30x_it.o
 .debug_abbrev  0x0000000000000252      0x279 ./User/main.o
 .debug_abbrev  0x00000000000004cb      0x2c0 ./User/system_ch32v30x.o
 .debug_abbrev  0x000000000000078b       0x12 ./Startup/startup_ch32v30x_D8C.o
 .debug_abbrev  0x000000000000079d      0x49c ./Peripheral/src/ch32v30x_eth.o
 .debug_abbrev  0x0000000000000c39      0x31a ./Peripheral/src/ch32v30x_gpio.o
 .debug_abbrev  0x0000000000000f53      0x2fb ./Peripheral/src/ch32v30x_misc.o
 .debug_abbrev  0x000000000000124e      0x351 ./Peripheral/src/ch32v30x_rcc.o
 .debug_abbrev  0x000000000000159f      0x325 ./Peripheral/src/ch32v30x_usart.o
 .debug_abbrev  0x00000000000018c4      0x37a ./FreeRTOS/portable/MemMang/heap_4.o
 .debug_abbrev  0x0000000000001c3e      0x3bc ./FreeRTOS/portable/GCC/RISC-V/port.o
 .debug_abbrev  0x0000000000001ffa       0x14 ./FreeRTOS/portable/GCC/RISC-V/portASM.o
 .debug_abbrev  0x000000000000200e      0x254 ./FreeRTOS/list.o
 .debug_abbrev  0x0000000000002262      0x47b ./FreeRTOS/queue.o
 .debug_abbrev  0x00000000000026dd      0x550 ./FreeRTOS/tasks.o
 .debug_abbrev  0x0000000000002c2d      0x45f ./FreeRTOS/timers.o
 .debug_abbrev  0x000000000000308c      0x2f9 ./Debug/debug.o

.debug_aranges  0x0000000000000000      0xbf0
 .debug_aranges
                0x0000000000000000       0x30 ./User/ch32v30x_it.o
 .debug_aranges
                0x0000000000000030       0x30 ./User/main.o
 .debug_aranges
                0x0000000000000060       0x28 ./User/system_ch32v30x.o
 .debug_aranges
                0x0000000000000088       0x30 ./Startup/startup_ch32v30x_D8C.o
 .debug_aranges
                0x00000000000000b8      0x300 ./Peripheral/src/ch32v30x_eth.o
 .debug_aranges
                0x00000000000003b8       0xa8 ./Peripheral/src/ch32v30x_gpio.o
 .debug_aranges
                0x0000000000000460       0x28 ./Peripheral/src/ch32v30x_misc.o
 .debug_aranges
                0x0000000000000488      0x1a8 ./Peripheral/src/ch32v30x_rcc.o
 .debug_aranges
                0x0000000000000630      0x100 ./Peripheral/src/ch32v30x_usart.o
 .debug_aranges
                0x0000000000000730       0x50 ./FreeRTOS/portable/MemMang/heap_4.o
 .debug_aranges
                0x0000000000000780       0x58 ./FreeRTOS/portable/GCC/RISC-V/port.o
 .debug_aranges
                0x00000000000007d8       0x20 ./FreeRTOS/portable/GCC/RISC-V/portASM.o
 .debug_aranges
                0x00000000000007f8       0x40 ./FreeRTOS/list.o
 .debug_aranges
                0x0000000000000838      0x108 ./FreeRTOS/queue.o
 .debug_aranges
                0x0000000000000940      0x1b0 ./FreeRTOS/tasks.o
 .debug_aranges
                0x0000000000000af0       0xb8 ./FreeRTOS/timers.o
 .debug_aranges
                0x0000000000000ba8       0x48 ./Debug/debug.o

.debug_ranges   0x0000000000000000     0x1180
 .debug_ranges  0x0000000000000000       0x20 ./User/ch32v30x_it.o
 .debug_ranges  0x0000000000000020       0x20 ./User/main.o
 .debug_ranges  0x0000000000000040       0x38 ./User/system_ch32v30x.o
 .debug_ranges  0x0000000000000078       0x28 ./Startup/startup_ch32v30x_D8C.o
 .debug_ranges  0x00000000000000a0      0x390 ./Peripheral/src/ch32v30x_eth.o
 .debug_ranges  0x0000000000000430       0x98 ./Peripheral/src/ch32v30x_gpio.o
 .debug_ranges  0x00000000000004c8       0x48 ./Peripheral/src/ch32v30x_misc.o
 .debug_ranges  0x0000000000000510      0x198 ./Peripheral/src/ch32v30x_rcc.o
 .debug_ranges  0x00000000000006a8       0xf0 ./Peripheral/src/ch32v30x_usart.o
 .debug_ranges  0x0000000000000798       0x40 ./FreeRTOS/portable/MemMang/heap_4.o
 .debug_ranges  0x00000000000007d8       0x60 ./FreeRTOS/portable/GCC/RISC-V/port.o
 .debug_ranges  0x0000000000000838       0x30 ./FreeRTOS/list.o
 .debug_ranges  0x0000000000000868      0x2e8 ./FreeRTOS/queue.o
 .debug_ranges  0x0000000000000b50      0x4a8 ./FreeRTOS/tasks.o
 .debug_ranges  0x0000000000000ff8      0x150 ./FreeRTOS/timers.o
 .debug_ranges  0x0000000000001148       0x38 ./Debug/debug.o

.debug_line     0x0000000000000000    0x14b5f
 .debug_line    0x0000000000000000      0x39b ./User/ch32v30x_it.o
 .debug_line    0x000000000000039b      0x572 ./User/main.o
 .debug_line    0x000000000000090d      0x7a3 ./User/system_ch32v30x.o
 .debug_line    0x00000000000010b0      0x356 ./Startup/startup_ch32v30x_D8C.o
 .debug_line    0x0000000000001406     0x32ce ./Peripheral/src/ch32v30x_eth.o
 .debug_line    0x00000000000046d4      0xe54 ./Peripheral/src/ch32v30x_gpio.o
 .debug_line    0x0000000000005528      0x573 ./Peripheral/src/ch32v30x_misc.o
 .debug_line    0x0000000000005a9b     0x1894 ./Peripheral/src/ch32v30x_rcc.o
 .debug_line    0x000000000000732f     0x114d ./Peripheral/src/ch32v30x_usart.o
 .debug_line    0x000000000000847c      0xd58 ./FreeRTOS/portable/MemMang/heap_4.o
 .debug_line    0x00000000000091d4      0x85f ./FreeRTOS/portable/GCC/RISC-V/port.o
 .debug_line    0x0000000000009a33      0x374 ./FreeRTOS/portable/GCC/RISC-V/portASM.o
 .debug_line    0x0000000000009da7      0x73d ./FreeRTOS/list.o
 .debug_line    0x000000000000a4e4     0x33c8 ./FreeRTOS/queue.o
 .debug_line    0x000000000000d8ac     0x5361 ./FreeRTOS/tasks.o
 .debug_line    0x0000000000012c0d     0x17c3 ./FreeRTOS/timers.o
 .debug_line    0x00000000000143d0      0x78f ./Debug/debug.o

.debug_str      0x0000000000000000     0x4d27
 .debug_str     0x0000000000000000      0x7cd ./User/ch32v30x_it.o
                                        0x833 (size before relaxing)
 .debug_str     0x00000000000007cd      0x115 ./User/main.o
                                        0x6cb (size before relaxing)
 .debug_str     0x00000000000008e2       0xfa ./User/system_ch32v30x.o
                                        0x6c8 (size before relaxing)
 .debug_str     0x00000000000009dc       0x2e ./Startup/startup_ch32v30x_D8C.o
                                         0x7a (size before relaxing)
 .debug_str     0x0000000000000a0a     0x10e6 ./Peripheral/src/ch32v30x_eth.o
                                       0x1948 (size before relaxing)
 .debug_str     0x0000000000001af0      0x3b3 ./Peripheral/src/ch32v30x_gpio.o
                                        0x9b5 (size before relaxing)
 .debug_str     0x0000000000001ea3      0x6c8 ./Peripheral/src/ch32v30x_misc.o
                                        0xd00 (size before relaxing)
 .debug_str     0x000000000000256b      0x60e ./Peripheral/src/ch32v30x_rcc.o
                                        0xd05 (size before relaxing)
 .debug_str     0x0000000000002b79      0x455 ./Peripheral/src/ch32v30x_usart.o
                                        0xb5b (size before relaxing)
 .debug_str     0x0000000000002fce      0x31c ./FreeRTOS/portable/MemMang/heap_4.o
                                        0x8eb (size before relaxing)
 .debug_str     0x00000000000032ea      0x151 ./FreeRTOS/portable/GCC/RISC-V/port.o
                                        0xd65 (size before relaxing)
 .debug_str     0x000000000000343b       0x2a ./FreeRTOS/portable/GCC/RISC-V/portASM.o
                                         0x82 (size before relaxing)
 .debug_str     0x0000000000003465      0x125 ./FreeRTOS/list.o
                                        0x6f5 (size before relaxing)
 .debug_str     0x000000000000358a      0x7a6 ./FreeRTOS/queue.o
                                       0x1536 (size before relaxing)
 .debug_str     0x0000000000003d30      0xa69 ./FreeRTOS/tasks.o
                                       0x1a78 (size before relaxing)
 .debug_str     0x0000000000004799      0x4de ./FreeRTOS/timers.o
                                       0x1375 (size before relaxing)
 .debug_str     0x0000000000004c77       0xb0 ./Debug/debug.o
                                        0x943 (size before relaxing)

.comment        0x0000000000000000       0x33
 .comment       0x0000000000000000       0x33 ./User/ch32v30x_it.o
                                         0x34 (size before relaxing)
 .comment       0x0000000000000033       0x34 ./User/main.o
 .comment       0x0000000000000033       0x34 ./User/system_ch32v30x.o
 .comment       0x0000000000000033       0x34 ./Peripheral/src/ch32v30x_eth.o
 .comment       0x0000000000000033       0x34 ./Peripheral/src/ch32v30x_gpio.o
 .comment       0x0000000000000033       0x34 ./Peripheral/src/ch32v30x_misc.o
 .comment       0x0000000000000033       0x34 ./Peripheral/src/ch32v30x_rcc.o
 .comment       0x0000000000000033       0x34 ./Peripheral/src/ch32v30x_usart.o
 .comment       0x0000000000000033       0x34 ./FreeRTOS/portable/MemMang/heap_4.o
 .comment       0x0000000000000033       0x34 ./FreeRTOS/portable/GCC/RISC-V/port.o
 .comment       0x0000000000000033       0x34 ./FreeRTOS/list.o
 .comment       0x0000000000000033       0x34 ./FreeRTOS/queue.o
 .comment       0x0000000000000033       0x34 ./FreeRTOS/tasks.o
 .comment       0x0000000000000033       0x34 ./FreeRTOS/timers.o
 .comment       0x0000000000000033       0x34 ./Debug/debug.o

.debug_frame    0x0000000000000000     0x2818
 .debug_frame   0x0000000000000000       0x48 ./User/ch32v30x_it.o
 .debug_frame   0x0000000000000048       0x58 ./User/main.o
 .debug_frame   0x00000000000000a0       0x3c ./User/system_ch32v30x.o
 .debug_frame   0x00000000000000dc      0x6a4 ./Peripheral/src/ch32v30x_eth.o
 .debug_frame   0x0000000000000780      0x150 ./Peripheral/src/ch32v30x_gpio.o
 .debug_frame   0x00000000000008d0       0x30 ./Peripheral/src/ch32v30x_misc.o
 .debug_frame   0x0000000000000900      0x340 ./Peripheral/src/ch32v30x_rcc.o
 .debug_frame   0x0000000000000c40      0x210 ./Peripheral/src/ch32v30x_usart.o
 .debug_frame   0x0000000000000e50       0xd4 ./FreeRTOS/portable/MemMang/heap_4.o
 .debug_frame   0x0000000000000f24       0xa8 ./FreeRTOS/portable/GCC/RISC-V/port.o
 .debug_frame   0x0000000000000fcc       0x60 ./FreeRTOS/list.o
 .debug_frame   0x000000000000102c      0x498 ./FreeRTOS/queue.o
 .debug_frame   0x00000000000014c4      0x6d0 ./FreeRTOS/tasks.o
 .debug_frame   0x0000000000001b94      0x2ac ./FreeRTOS/timers.o
 .debug_frame   0x0000000000001e40       0xa4 ./Debug/debug.o
 .debug_frame   0x0000000000001ee4       0x20 d:/mounriver_studio2/resources/app/resources/win32/components/wch/toolchain/risc-v embedded gcc/bin/../lib/gcc/riscv-none-embed/8.2.0/../../../../riscv-none-embed/lib/rv32imacxw/ilp32\libg_nano.a(lib_a-memcpy.o)
 .debug_frame   0x0000000000001f04       0x54 d:/mounriver_studio2/resources/app/resources/win32/components/wch/toolchain/risc-v embedded gcc/bin/../lib/gcc/riscv-none-embed/8.2.0/../../../../riscv-none-embed/lib/rv32imacxw/ilp32\libg_nano.a(lib_a-printf.o)
 .debug_frame   0x0000000000001f58       0x54 d:/mounriver_studio2/resources/app/resources/win32/components/wch/toolchain/risc-v embedded gcc/bin/../lib/gcc/riscv-none-embed/8.2.0/../../../../riscv-none-embed/lib/rv32imacxw/ilp32\libg_nano.a(lib_a-puts.o)
 .debug_frame   0x0000000000001fac       0x50 d:/mounriver_studio2/resources/app/resources/win32/components/wch/toolchain/risc-v embedded gcc/bin/../lib/gcc/riscv-none-embed/8.2.0/../../../../riscv-none-embed/lib/rv32imacxw/ilp32\libg_nano.a(lib_a-wbuf.o)
 .debug_frame   0x0000000000001ffc       0x3c d:/mounriver_studio2/resources/app/resources/win32/components/wch/toolchain/risc-v embedded gcc/bin/../lib/gcc/riscv-none-embed/8.2.0/../../../../riscv-none-embed/lib/rv32imacxw/ilp32\libg_nano.a(lib_a-wsetup.o)
 .debug_frame   0x0000000000002038       0x7c d:/mounriver_studio2/resources/app/resources/win32/components/wch/toolchain/risc-v embedded gcc/bin/../lib/gcc/riscv-none-embed/8.2.0/../../../../riscv-none-embed/lib/rv32imacxw/ilp32\libg_nano.a(lib_a-fflush.o)
 .debug_frame   0x00000000000020b4      0x148 d:/mounriver_studio2/resources/app/resources/win32/components/wch/toolchain/risc-v embedded gcc/bin/../lib/gcc/riscv-none-embed/8.2.0/../../../../riscv-none-embed/lib/rv32imacxw/ilp32\libg_nano.a(lib_a-findfp.o)
 .debug_frame   0x00000000000021fc       0x88 d:/mounriver_studio2/resources/app/resources/win32/components/wch/toolchain/risc-v embedded gcc/bin/../lib/gcc/riscv-none-embed/8.2.0/../../../../riscv-none-embed/lib/rv32imacxw/ilp32\libg_nano.a(lib_a-fwalk.o)
 .debug_frame   0x0000000000002284       0x64 d:/mounriver_studio2/resources/app/resources/win32/components/wch/toolchain/risc-v embedded gcc/bin/../lib/gcc/riscv-none-embed/8.2.0/../../../../riscv-none-embed/lib/rv32imacxw/ilp32\libg_nano.a(lib_a-makebuf.o)
 .debug_frame   0x00000000000022e8       0x40 d:/mounriver_studio2/resources/app/resources/win32/components/wch/toolchain/risc-v embedded gcc/bin/../lib/gcc/riscv-none-embed/8.2.0/../../../../riscv-none-embed/lib/rv32imacxw/ilp32\libg_nano.a(lib_a-nano-freer.o)
 .debug_frame   0x0000000000002328       0x40 d:/mounriver_studio2/resources/app/resources/win32/components/wch/toolchain/risc-v embedded gcc/bin/../lib/gcc/riscv-none-embed/8.2.0/../../../../riscv-none-embed/lib/rv32imacxw/ilp32\libg_nano.a(lib_a-nano-mallocr.o)
 .debug_frame   0x0000000000002368       0xd0 d:/mounriver_studio2/resources/app/resources/win32/components/wch/toolchain/risc-v embedded gcc/bin/../lib/gcc/riscv-none-embed/8.2.0/../../../../riscv-none-embed/lib/rv32imacxw/ilp32\libg_nano.a(lib_a-nano-vfprintf.o)
 .debug_frame   0x0000000000002438       0x8c d:/mounriver_studio2/resources/app/resources/win32/components/wch/toolchain/risc-v embedded gcc/bin/../lib/gcc/riscv-none-embed/8.2.0/../../../../riscv-none-embed/lib/rv32imacxw/ilp32\libg_nano.a(lib_a-nano-vfprintf_i.o)
 .debug_frame   0x00000000000024c4       0x30 d:/mounriver_studio2/resources/app/resources/win32/components/wch/toolchain/risc-v embedded gcc/bin/../lib/gcc/riscv-none-embed/8.2.0/../../../../riscv-none-embed/lib/rv32imacxw/ilp32\libg_nano.a(lib_a-sbrkr.o)
 .debug_frame   0x00000000000024f4       0xa4 d:/mounriver_studio2/resources/app/resources/win32/components/wch/toolchain/risc-v embedded gcc/bin/../lib/gcc/riscv-none-embed/8.2.0/../../../../riscv-none-embed/lib/rv32imacxw/ilp32\libg_nano.a(lib_a-stdio.o)
 .debug_frame   0x0000000000002598       0x30 d:/mounriver_studio2/resources/app/resources/win32/components/wch/toolchain/risc-v embedded gcc/bin/../lib/gcc/riscv-none-embed/8.2.0/../../../../riscv-none-embed/lib/rv32imacxw/ilp32\libg_nano.a(lib_a-writer.o)
 .debug_frame   0x00000000000025c8       0x30 d:/mounriver_studio2/resources/app/resources/win32/components/wch/toolchain/risc-v embedded gcc/bin/../lib/gcc/riscv-none-embed/8.2.0/../../../../riscv-none-embed/lib/rv32imacxw/ilp32\libg_nano.a(lib_a-closer.o)
 .debug_frame   0x00000000000025f8       0x30 d:/mounriver_studio2/resources/app/resources/win32/components/wch/toolchain/risc-v embedded gcc/bin/../lib/gcc/riscv-none-embed/8.2.0/../../../../riscv-none-embed/lib/rv32imacxw/ilp32\libg_nano.a(lib_a-fstatr.o)
 .debug_frame   0x0000000000002628       0x30 d:/mounriver_studio2/resources/app/resources/win32/components/wch/toolchain/risc-v embedded gcc/bin/../lib/gcc/riscv-none-embed/8.2.0/../../../../riscv-none-embed/lib/rv32imacxw/ilp32\libg_nano.a(lib_a-isattyr.o)
 .debug_frame   0x0000000000002658       0x30 d:/mounriver_studio2/resources/app/resources/win32/components/wch/toolchain/risc-v embedded gcc/bin/../lib/gcc/riscv-none-embed/8.2.0/../../../../riscv-none-embed/lib/rv32imacxw/ilp32\libg_nano.a(lib_a-lseekr.o)
 .debug_frame   0x0000000000002688       0x20 d:/mounriver_studio2/resources/app/resources/win32/components/wch/toolchain/risc-v embedded gcc/bin/../lib/gcc/riscv-none-embed/8.2.0/../../../../riscv-none-embed/lib/rv32imacxw/ilp32\libg_nano.a(lib_a-memchr.o)
 .debug_frame   0x00000000000026a8       0x30 d:/mounriver_studio2/resources/app/resources/win32/components/wch/toolchain/risc-v embedded gcc/bin/../lib/gcc/riscv-none-embed/8.2.0/../../../../riscv-none-embed/lib/rv32imacxw/ilp32\libg_nano.a(lib_a-mlock.o)
 .debug_frame   0x00000000000026d8       0x30 d:/mounriver_studio2/resources/app/resources/win32/components/wch/toolchain/risc-v embedded gcc/bin/../lib/gcc/riscv-none-embed/8.2.0/../../../../riscv-none-embed/lib/rv32imacxw/ilp32\libg_nano.a(lib_a-readr.o)
 .debug_frame   0x0000000000002708       0x70 d:/mounriver_studio2/resources/app/resources/win32/components/wch/toolchain/risc-v embedded gcc/bin/../lib/gcc/riscv-none-embed/8.2.0/../../../../riscv-none-embed/lib/rv32imacxw/ilp32\libg_nano.a(lib_a-reent.o)
 .debug_frame   0x0000000000002778       0x20 d:/mounriver_studio2/resources/app/resources/win32/components/wch/toolchain/risc-v embedded gcc/bin/../lib/gcc/riscv-none-embed/8.2.0/../../../../riscv-none-embed/lib/rv32imacxw/ilp32\libnosys.a(close.o)
 .debug_frame   0x0000000000002798       0x20 d:/mounriver_studio2/resources/app/resources/win32/components/wch/toolchain/risc-v embedded gcc/bin/../lib/gcc/riscv-none-embed/8.2.0/../../../../riscv-none-embed/lib/rv32imacxw/ilp32\libnosys.a(fstat.o)
 .debug_frame   0x00000000000027b8       0x20 d:/mounriver_studio2/resources/app/resources/win32/components/wch/toolchain/risc-v embedded gcc/bin/../lib/gcc/riscv-none-embed/8.2.0/../../../../riscv-none-embed/lib/rv32imacxw/ilp32\libnosys.a(isatty.o)
 .debug_frame   0x00000000000027d8       0x20 d:/mounriver_studio2/resources/app/resources/win32/components/wch/toolchain/risc-v embedded gcc/bin/../lib/gcc/riscv-none-embed/8.2.0/../../../../riscv-none-embed/lib/rv32imacxw/ilp32\libnosys.a(lseek.o)
 .debug_frame   0x00000000000027f8       0x20 d:/mounriver_studio2/resources/app/resources/win32/components/wch/toolchain/risc-v embedded gcc/bin/../lib/gcc/riscv-none-embed/8.2.0/../../../../riscv-none-embed/lib/rv32imacxw/ilp32\libnosys.a(read.o)

.debug_loc      0x0000000000000000     0x85eb
 .debug_loc     0x0000000000000000       0x42 ./User/main.o
 .debug_loc     0x0000000000000042       0xe5 ./User/system_ch32v30x.o
 .debug_loc     0x0000000000000127      0xf68 ./Peripheral/src/ch32v30x_eth.o
 .debug_loc     0x000000000000108f      0x67b ./Peripheral/src/ch32v30x_gpio.o
 .debug_loc     0x000000000000170a       0xce ./Peripheral/src/ch32v30x_misc.o
 .debug_loc     0x00000000000017d8      0xa54 ./Peripheral/src/ch32v30x_rcc.o
 .debug_loc     0x000000000000222c      0x7f8 ./Peripheral/src/ch32v30x_usart.o
 .debug_loc     0x0000000000002a24      0x382 ./FreeRTOS/portable/MemMang/heap_4.o
 .debug_loc     0x0000000000002da6       0xad ./FreeRTOS/portable/GCC/RISC-V/port.o
 .debug_loc     0x0000000000002e53       0x94 ./FreeRTOS/list.o
 .debug_loc     0x0000000000002ee7     0x1f56 ./FreeRTOS/queue.o
 .debug_loc     0x0000000000004e3d     0x26c6 ./FreeRTOS/tasks.o
 .debug_loc     0x0000000000007503      0xf40 ./FreeRTOS/timers.o
 .debug_loc     0x0000000000008443      0x1a8 ./Debug/debug.o

.stab           0x0000000000000000       0x84
 .stab          0x0000000000000000       0x24 d:/mounriver_studio2/resources/app/resources/win32/components/wch/toolchain/risc-v embedded gcc/bin/../lib/gcc/riscv-none-embed/8.2.0/../../../../riscv-none-embed/lib/rv32imacxw/ilp32\libnosys.a(close.o)
 .stab          0x0000000000000024       0x18 d:/mounriver_studio2/resources/app/resources/win32/components/wch/toolchain/risc-v embedded gcc/bin/../lib/gcc/riscv-none-embed/8.2.0/../../../../riscv-none-embed/lib/rv32imacxw/ilp32\libnosys.a(fstat.o)
                                         0x24 (size before relaxing)
 .stab          0x000000000000003c       0x18 d:/mounriver_studio2/resources/app/resources/win32/components/wch/toolchain/risc-v embedded gcc/bin/../lib/gcc/riscv-none-embed/8.2.0/../../../../riscv-none-embed/lib/rv32imacxw/ilp32\libnosys.a(isatty.o)
                                         0x24 (size before relaxing)
 .stab          0x0000000000000054       0x18 d:/mounriver_studio2/resources/app/resources/win32/components/wch/toolchain/risc-v embedded gcc/bin/../lib/gcc/riscv-none-embed/8.2.0/../../../../riscv-none-embed/lib/rv32imacxw/ilp32\libnosys.a(lseek.o)
                                         0x24 (size before relaxing)
 .stab          0x000000000000006c       0x18 d:/mounriver_studio2/resources/app/resources/win32/components/wch/toolchain/risc-v embedded gcc/bin/../lib/gcc/riscv-none-embed/8.2.0/../../../../riscv-none-embed/lib/rv32imacxw/ilp32\libnosys.a(read.o)
                                         0x24 (size before relaxing)

.stabstr        0x0000000000000000      0x117
 .stabstr       0x0000000000000000      0x117 d:/mounriver_studio2/resources/app/resources/win32/components/wch/toolchain/risc-v embedded gcc/bin/../lib/gcc/riscv-none-embed/8.2.0/../../../../riscv-none-embed/lib/rv32imacxw/ilp32\libnosys.a(close.o)
