Archive member included to satisfy reference by file (symbol)

d:/mounriver/mounriver_studio2/resources/app/resources/win32/components/wch/toolchain/risc-v embedded gcc/bin/../lib/gcc/riscv-none-embed/8.2.0/../../../../riscv-none-embed/lib/rv32imacxw/ilp32\libprintfloat.a(printfloat.o)
                              ./code/esp32_concert.o (sprintf)
d:/mounriver/mounriver_studio2/resources/app/resources/win32/components/wch/toolchain/risc-v embedded gcc/bin/../lib/gcc/riscv-none-embed/8.2.0/rv32imacxw/ilp32\libgcc.a(_udivdi3.o)
                              d:/mounriver/mounriver_studio2/resources/app/resources/win32/components/wch/toolchain/risc-v embedded gcc/bin/../lib/gcc/riscv-none-embed/8.2.0/../../../../riscv-none-embed/lib/rv32imacxw/ilp32\libprintfloat.a(printfloat.o) (__udivdi3)
d:/mounriver/mounriver_studio2/resources/app/resources/win32/components/wch/toolchain/risc-v embedded gcc/bin/../lib/gcc/riscv-none-embed/8.2.0/rv32imacxw/ilp32\libgcc.a(_umoddi3.o)
                              d:/mounriver/mounriver_studio2/resources/app/resources/win32/components/wch/toolchain/risc-v embedded gcc/bin/../lib/gcc/riscv-none-embed/8.2.0/../../../../riscv-none-embed/lib/rv32imacxw/ilp32\libprintfloat.a(printfloat.o) (__umoddi3)
d:/mounriver/mounriver_studio2/resources/app/resources/win32/components/wch/toolchain/risc-v embedded gcc/bin/../lib/gcc/riscv-none-embed/8.2.0/rv32imacxw/ilp32\libgcc.a(ledf2.o)
                              d:/mounriver/mounriver_studio2/resources/app/resources/win32/components/wch/toolchain/risc-v embedded gcc/bin/../lib/gcc/riscv-none-embed/8.2.0/../../../../riscv-none-embed/lib/rv32imacxw/ilp32\libprintfloat.a(printfloat.o) (__ltdf2)
d:/mounriver/mounriver_studio2/resources/app/resources/win32/components/wch/toolchain/risc-v embedded gcc/bin/../lib/gcc/riscv-none-embed/8.2.0/rv32imacxw/ilp32\libgcc.a(muldf3.o)
                              d:/mounriver/mounriver_studio2/resources/app/resources/win32/components/wch/toolchain/risc-v embedded gcc/bin/../lib/gcc/riscv-none-embed/8.2.0/../../../../riscv-none-embed/lib/rv32imacxw/ilp32\libprintfloat.a(printfloat.o) (__muldf3)
d:/mounriver/mounriver_studio2/resources/app/resources/win32/components/wch/toolchain/risc-v embedded gcc/bin/../lib/gcc/riscv-none-embed/8.2.0/rv32imacxw/ilp32\libgcc.a(subdf3.o)
                              d:/mounriver/mounriver_studio2/resources/app/resources/win32/components/wch/toolchain/risc-v embedded gcc/bin/../lib/gcc/riscv-none-embed/8.2.0/../../../../riscv-none-embed/lib/rv32imacxw/ilp32\libprintfloat.a(printfloat.o) (__subdf3)
d:/mounriver/mounriver_studio2/resources/app/resources/win32/components/wch/toolchain/risc-v embedded gcc/bin/../lib/gcc/riscv-none-embed/8.2.0/rv32imacxw/ilp32\libgcc.a(fixdfdi.o)
                              d:/mounriver/mounriver_studio2/resources/app/resources/win32/components/wch/toolchain/risc-v embedded gcc/bin/../lib/gcc/riscv-none-embed/8.2.0/../../../../riscv-none-embed/lib/rv32imacxw/ilp32\libprintfloat.a(printfloat.o) (__fixdfdi)
d:/mounriver/mounriver_studio2/resources/app/resources/win32/components/wch/toolchain/risc-v embedded gcc/bin/../lib/gcc/riscv-none-embed/8.2.0/rv32imacxw/ilp32\libgcc.a(floatdidf.o)
                              d:/mounriver/mounriver_studio2/resources/app/resources/win32/components/wch/toolchain/risc-v embedded gcc/bin/../lib/gcc/riscv-none-embed/8.2.0/../../../../riscv-none-embed/lib/rv32imacxw/ilp32\libprintfloat.a(printfloat.o) (__floatdidf)
d:/mounriver/mounriver_studio2/resources/app/resources/win32/components/wch/toolchain/risc-v embedded gcc/bin/../lib/gcc/riscv-none-embed/8.2.0/rv32imacxw/ilp32\libgcc.a(addsf3.o)
                              ./code/tjc_usart_hmi.o (__addsf3)
d:/mounriver/mounriver_studio2/resources/app/resources/win32/components/wch/toolchain/risc-v embedded gcc/bin/../lib/gcc/riscv-none-embed/8.2.0/rv32imacxw/ilp32\libgcc.a(divsf3.o)
                              ./code/esp32_concert.o (__divsf3)
d:/mounriver/mounriver_studio2/resources/app/resources/win32/components/wch/toolchain/risc-v embedded gcc/bin/../lib/gcc/riscv-none-embed/8.2.0/rv32imacxw/ilp32\libgcc.a(gesf2.o)
                              ./code/water_quality.o (__gesf2)
d:/mounriver/mounriver_studio2/resources/app/resources/win32/components/wch/toolchain/risc-v embedded gcc/bin/../lib/gcc/riscv-none-embed/8.2.0/rv32imacxw/ilp32\libgcc.a(lesf2.o)
                              ./code/tjc_usart_hmi.o (__ltsf2)
d:/mounriver/mounriver_studio2/resources/app/resources/win32/components/wch/toolchain/risc-v embedded gcc/bin/../lib/gcc/riscv-none-embed/8.2.0/rv32imacxw/ilp32\libgcc.a(mulsf3.o)
                              ./code/water_quality.o (__mulsf3)
d:/mounriver/mounriver_studio2/resources/app/resources/win32/components/wch/toolchain/risc-v embedded gcc/bin/../lib/gcc/riscv-none-embed/8.2.0/rv32imacxw/ilp32\libgcc.a(subsf3.o)
                              ./code/tjc_usart_hmi.o (__subsf3)
[...]
Memory Configuration

Name             Origin             Length             Attributes
FLASH            0x0000000000000000 0x0000000000048000 xr
RAM              0x0000000020000000 0x0000000000008000 xrw
*default*        0x0000000000000000 0xffffffffffffffff

Linker script and memory map

LOAD ./code/adc_going.o
LOAD ./code/esp32_concert.o
LOAD ./code/fun.o
LOAD ./code/key.o
LOAD ./code/lcd.o
LOAD ./code/pwm.o
LOAD ./code/timer.o
LOAD ./code/tjc_usart_hmi.o
LOAD ./code/water_quality.o
LOAD ./code/water_speed.o
LOAD ./code/zigbee.o
LOAD ./User/ch32v30x_it.o
LOAD ./User/main.o
LOAD ./User/system_ch32v30x.o
LOAD ./Startup/startup_ch32v30x_D8C.o
LOAD ./Peripheral/src/ch32v30x_adc.o
LOAD ./Peripheral/src/ch32v30x_bkp.o
LOAD ./Peripheral/src/ch32v30x_can.o
LOAD ./Peripheral/src/ch32v30x_crc.o
LOAD ./Peripheral/src/ch32v30x_dac.o
LOAD ./Peripheral/src/ch32v30x_dbgmcu.o
LOAD ./Peripheral/src/ch32v30x_dma.o
LOAD ./Peripheral/src/ch32v30x_dvp.o
LOAD ./Peripheral/src/ch32v30x_eth.o
LOAD ./Peripheral/src/ch32v30x_exti.o
LOAD ./Peripheral/src/ch32v30x_flash.o
LOAD ./Peripheral/src/ch32v30x_fsmc.o
LOAD ./Peripheral/src/ch32v30x_gpio.o
LOAD ./Peripheral/src/ch32v30x_i2c.o
LOAD ./Peripheral/src/ch32v30x_iwdg.o
LOAD ./Peripheral/src/ch32v30x_misc.o
LOAD ./Peripheral/src/ch32v30x_opa.o
LOAD ./Peripheral/src/ch32v30x_pwr.o
LOAD ./Peripheral/src/ch32v30x_rcc.o
LOAD ./Peripheral/src/ch32v30x_rng.o
LOAD ./Peripheral/src/ch32v30x_rtc.o
LOAD ./Peripheral/src/ch32v30x_sdio.o
LOAD ./Peripheral/src/ch32v30x_spi.o
LOAD ./Peripheral/src/ch32v30x_tim.o
LOAD ./Peripheral/src/ch32v30x_usart.o
LOAD ./Peripheral/src/ch32v30x_wwdg.o
LOAD ./Debug/debug.o
LOAD ./Core/core_riscv.o
LOAD d:/mounriver/mounriver_studio2/resources/app/resources/win32/components/wch/toolchain/risc-v embedded gcc/bin/../lib/gcc/riscv-none-embed/8.2.0/../../../../riscv-none-embed/lib/rv32imacxw/ilp32\libm.a
LOAD d:/mounriver/mounriver_studio2/resources/app/resources/win32/components/wch/toolchain/risc-v embedded gcc/bin/../lib/gcc/riscv-none-embed/8.2.0/../../../../riscv-none-embed/lib/rv32imacxw/ilp32\libprintfloat.a
LOAD d:/mounriver/mounriver_studio2/resources/app/resources/win32/components/wch/toolchain/risc-v embedded gcc/bin/../lib/gcc/riscv-none-embed/8.2.0/rv32imacxw/ilp32\libgcc.a
LOAD d:/mounriver/mounriver_studio2/resources/app/resources/win32/components/wch/toolchain/risc-v embedded gcc/bin/../lib/gcc/riscv-none-embed/8.2.0/../../../../riscv-none-embed/lib/rv32imacxw/ilp32\libg_nano.a
LOAD d:/mounriver/mounriver_studio2/resources/app/resources/win32/components/wch/toolchain/risc-v embedded gcc/bin/../lib/gcc/riscv-none-embed/8.2.0/../../../../riscv-none-embed/lib/rv32imacxw/ilp32\libc_nano.a
LOAD d:/mounriver/mounriver_studio2/resources/app/resources/win32/components/wch/toolchain/risc-v embedded gcc/bin/../lib/gcc/riscv-none-embed/8.2.0/rv32imacxw/ilp32\libgcc.a
START GROUP
LOAD d:/mounriver/mounriver_studio2/resources/app/resources/win32/components/wch/toolchain/risc-v embedded gcc/bin/../lib/gcc/riscv-none-embed/8.2.0/rv32imacxw/ilp32\libgcc.a
LOAD d:/mounriver/mounriver_studio2/resources/app/resources/win32/components/wch/toolchain/risc-v embedded gcc/bin/../lib/gcc/riscv-none-embed/8.2.0/../../../../riscv-none-embed/lib/rv32imacxw/ilp32\libc_nano.a
LOAD d:/mounriver/mounriver_studio2/resources/app/resources/win32/components/wch/toolchain/risc-v embedded gcc/bin/../lib/gcc/riscv-none-embed/8.2.0/../../../../riscv-none-embed/lib/rv32imacxw/ilp32\libnosys.a
END GROUP
START GROUP
LOAD d:/mounriver/mounriver_studio2/resources/app/resources/win32/components/wch/toolchain/risc-v embedded gcc/bin/../lib/gcc/riscv-none-embed/8.2.0/rv32imacxw/ilp32\libgcc.a
LOAD d:/mounriver/mounriver_studio2/resources/app/resources/win32/components/wch/toolchain/risc-v embedded gcc/bin/../lib/gcc/riscv-none-embed/8.2.0/../../../../riscv-none-embed/lib/rv32imacxw/ilp32\libc_nano.a
LOAD d:/mounriver/mounriver_studio2/resources/app/resources/win32/components/wch/toolchain/risc-v embedded gcc/bin/../lib/gcc/riscv-none-embed/8.2.0/../../../../riscv-none-embed/lib/rv32imacxw/ilp32\libnosys.a
END GROUP
                0x0000000000000800                __stack_size = 0x800
                [!provide]                        PROVIDE (_stack_size = __stack_size)

.init           0x0000000000000000        0x4
                0x0000000000000000                _sinit = .
                0x0000000000000000                . = ALIGN (0x4)
 *(SORT_NONE(.init))
 .init          0x0000000000000000        0x4 ./Startup/startup_ch32v30x_D8C.o
                0x0000000000000000                _start
                0x0000000000000004                . = ALIGN (0x4)
                0x0000000000000004                _einit = .

.vector         0x0000000000000004      0x1bc
 *(.vector)
 .vector        0x0000000000000004      0x1a0 ./Startup/startup_ch32v30x_D8C.o
                0x00000000000001c0                . = ALIGN (0x40)
 *fill*         0x00000000000001a4       0x1c 

.text           0x00000000000001c0     0x9664
                0x00000000000001c0                . = ALIGN (0x4)
 *(.text)
 .text          0x00000000000001c0       0x60 d:/mounriver/mounriver_studio2/resources/app/resources/win32/components/wch/toolchain/risc-v embedded gcc/bin/../lib/gcc/riscv-none-embed/8.2.0/rv32imacxw/ilp32\libgcc.a(save-restore.o)
                0x00000000000001c0                __riscv_save_12
                0x00000000000001c8                __riscv_save_9
                0x00000000000001c8                __riscv_save_11
                0x00000000000001c8                __riscv_save_10
                0x00000000000001c8                __riscv_save_8
                0x00000000000001d6                __riscv_save_4
                0x00000000000001d6                __riscv_save_6
                0x00000000000001d6                __riscv_save_5
                0x00000000000001d6                __riscv_save_7
                0x00000000000001f0                __riscv_save_3
                0x00000000000001f0                __riscv_save_2
                0x00000000000001f0                __riscv_save_1
                0x00000000000001f0                __riscv_save_0
                0x00000000000001fc                __riscv_restore_12
                0x0000000000000200                __riscv_restore_11
                0x0000000000000200                __riscv_restore_9
                0x0000000000000200                __riscv_restore_10
                0x0000000000000200                __riscv_restore_8
                0x000000000000020a                __riscv_restore_5
                0x000000000000020a                __riscv_restore_7
                0x000000000000020a                __riscv_restore_6
                0x000000000000020a                __riscv_restore_4
                0x0000000000000214                __riscv_restore_3
                0x0000000000000214                __riscv_restore_0
                0x0000000000000214                __riscv_restore_2
                0x0000000000000214                __riscv_restore_1
 .text          0x0000000000000220       0xa8 d:/mounriver/mounriver_studio2/resources/app/resources/win32/components/wch/toolchain/risc-v embedded gcc/bin/../lib/gcc/riscv-none-embed/8.2.0/../../../../riscv-none-embed/lib/rv32imacxw/ilp32\libg_nano.a(lib_a-memset.o)
                0x0000000000000220                memset
 *(.text.*)
 .text.UART_ESP32_Init
                0x00000000000002c8       0xae ./code/esp32_concert.o
                0x00000000000002c8                UART_ESP32_Init
 .text.uart_send_esp_char
                0x0000000000000376       0x26 ./code/esp32_concert.o
                0x0000000000000376                uart_send_esp_char
 .text.uart_send_esp_string
                0x000000000000039c       0x14 ./code/esp32_concert.o
                0x000000000000039c                uart_send_esp_string
 .text.send_wifi_to_esp32
                0x00000000000003b0       0x24 ./code/esp32_concert.o
                0x00000000000003b0                send_wifi_to_esp32
 .text.send_serve_to_esp32
                0x00000000000003d4       0x22 ./code/esp32_concert.o
                0x00000000000003d4                send_serve_to_esp32
 .text.send_water_quality_to_esp32
                0x00000000000003f6       0xbe ./code/esp32_concert.o
                0x00000000000003f6                send_water_quality_to_esp32
 .text.send_leak_to_esp32
                0x00000000000004b4       0x22 ./code/esp32_concert.o
                0x00000000000004b4                send_leak_to_esp32
 .text.uart_process_frame
                0x00000000000004d6       0xee ./code/esp32_concert.o
                0x00000000000004d6                uart_process_frame
 .text.esp_received
                0x00000000000005c4       0x1e ./code/esp32_concert.o
                0x00000000000005c4                esp_received
 .text.USART3_IRQHandler
                0x00000000000005e2       0x8a ./code/esp32_concert.o
                0x00000000000005e2                USART3_IRQHandler
 .text.IsLeapYear
                0x000000000000066c       0x22 ./code/esp32_concert.o
                0x000000000000066c                IsLeapYear
 .text.GetMonthDays
                0x000000000000068e       0x3c ./code/esp32_concert.o
                0x000000000000068e                GetMonthDays
 .text.lcd_time
                0x00000000000006ca       0xae ./code/esp32_concert.o
                0x00000000000006ca                lcd_time
 .text.TIM2_Init
                0x0000000000000778       0x5a ./code/timer.o
                0x0000000000000778                TIM2_Init
 .text.TIM2_IRQHandler
                0x00000000000007d2       0x82 ./code/timer.o
                0x00000000000007d2                TIM2_IRQHandler
 .text.UART_HIM_Init
                0x0000000000000854       0xaa ./code/tjc_usart_hmi.o
                0x0000000000000854                UART_HIM_Init
 .text.uart_send_char
                0x00000000000008fe       0x28 ./code/tjc_usart_hmi.o
                0x00000000000008fe                uart_send_char
 .text.tjc_send_string
                0x0000000000000926       0x22 ./code/tjc_usart_hmi.o
                0x0000000000000926                tjc_send_string
 .text.initRingBuffer
                0x0000000000000948        0xe ./code/tjc_usart_hmi.o
                0x0000000000000948                initRingBuffer
 .text.write1ByteToRingBuffer
                0x0000000000000956       0x28 ./code/tjc_usart_hmi.o
                0x0000000000000956                write1ByteToRingBuffer
 .text.USART2_IRQHandler
                0x000000000000097e       0x48 ./code/tjc_usart_hmi.o
                0x000000000000097e                USART2_IRQHandler
 .text.read1ByteFromRingBuffer
                0x00000000000009c6       0x16 ./code/tjc_usart_hmi.o
                0x00000000000009c6                read1ByteFromRingBuffer
 .text.deleteRingBuffer
                0x00000000000009dc       0x2c ./code/tjc_usart_hmi.o
                0x00000000000009dc                deleteRingBuffer
 .text.HMI_task
                0x0000000000000a08      0x466 ./code/tjc_usart_hmi.o
                0x0000000000000a08                HMI_task
 .text.WQ_SetRate
                0x0000000000000e6e       0x1a ./code/water_quality.o
                0x0000000000000e6e                WQ_SetRate
 .text.WQ_GetRate
                0x0000000000000e88        0x6 ./code/water_quality.o
                0x0000000000000e88                WQ_GetRate
 .text.WQ_Init  0x0000000000000e8e       0xa8 ./code/water_quality.o
                0x0000000000000e8e                WQ_Init
 .text.WQ_SendRequest
                0x0000000000000f36       0x36 ./code/water_quality.o
                0x0000000000000f36                WQ_SendRequest
 .text.WQ_ParseResponse
                0x0000000000000f6c       0x7a ./code/water_quality.o
                0x0000000000000f6c                WQ_ParseResponse
 .text.WQ_GetMonthlyCost
                0x0000000000000fe6       0x3c ./code/water_quality.o
                0x0000000000000fe6                WQ_GetMonthlyCost
 .text.WQ_UpdateDisplay
                0x0000000000001022       0xe8 ./code/water_quality.o
                0x0000000000001022                WQ_UpdateDisplay
 .text.WQ_Task  0x000000000000110a       0x12 ./code/water_quality.o
                0x000000000000110a                WQ_Task
 .text.USART1_IRQHandler
                0x000000000000111c       0x92 ./code/water_quality.o
                0x000000000000111c                USART1_IRQHandler
 .text.Leak_SetNormalFlow
                0x00000000000011ae       0x1e ./code/water_speed.o
                0x00000000000011ae                Leak_SetNormalFlow
 .text.Leak_GetNormalFlow
                0x00000000000011cc        0x6 ./code/water_speed.o
                0x00000000000011cc                Leak_GetNormalFlow
 .text.Input_Capture_Init
                0x00000000000011d2       0xda ./code/water_speed.o
                0x00000000000011d2                Input_Capture_Init
 .text.TIM1_CC_IRQHandler
                0x00000000000012ac      0x140 ./code/water_speed.o
                0x00000000000012ac                TIM1_CC_IRQHandler
 .text.Leak_SetSystemActive
                0x00000000000013ec       0x14 ./code/water_speed.o
                0x00000000000013ec                Leak_SetSystemActive
 .text.Leak_Detect
                0x0000000000001400      0x16a ./code/water_speed.o
                0x0000000000001400                Leak_Detect
 .text.Leak_Task
                0x000000000000156a      0x15c ./code/water_speed.o
                0x000000000000156a                Leak_Task
 .text.Leak_Reset
                0x00000000000016c6       0x1e ./code/water_speed.o
                0x00000000000016c6                Leak_Reset
 .text.Zigbee_Init
                0x00000000000016e4       0xa2 ./code/zigbee.o
                0x00000000000016e4                Zigbee_Init
 .text.Zigbee_ParseCommand
                0x0000000000001786       0xa4 ./code/zigbee.o
                0x0000000000001786                Zigbee_ParseCommand
 .text.UART4_IRQHandler
                0x000000000000182a       0x7e ./code/zigbee.o
                0x000000000000182a                UART4_IRQHandler
 .text.NMI_Handler
                0x00000000000018a8        0x2 ./User/ch32v30x_it.o
                0x00000000000018a8                NMI_Handler
 .text.HardFault_Handler
                0x00000000000018aa       0x10 ./User/ch32v30x_it.o
                0x00000000000018aa                HardFault_Handler
 .text.GPIO_Toggle_INIT
                0x00000000000018ba       0x8a ./User/main.o
                0x00000000000018ba                GPIO_Toggle_INIT
 .text.startup.main
                0x0000000000001944       0xe2 ./User/main.o
                0x0000000000001944                main
 .text.SystemInit
                0x0000000000001a26       0xfa ./User/system_ch32v30x.o
                0x0000000000001a26                SystemInit
 .text.SystemCoreClockUpdate
                0x0000000000001b20      0x12a ./User/system_ch32v30x.o
                0x0000000000001b20                SystemCoreClockUpdate
 .text.vector_handler
                0x0000000000001c4a        0x2 ./Startup/startup_ch32v30x_D8C.o
                0x0000000000001c4a                EXTI2_IRQHandler
                0x0000000000001c4a                TIM8_TRG_COM_IRQHandler
                0x0000000000001c4a                TIM8_CC_IRQHandler
                0x0000000000001c4a                UART8_IRQHandler
                0x0000000000001c4a                TIM6_IRQHandler
                0x0000000000001c4a                SysTick_Handler
                0x0000000000001c4a                PVD_IRQHandler
                0x0000000000001c4a                SDIO_IRQHandler
                0x0000000000001c4a                TIM9_BRK_IRQHandler
                0x0000000000001c4a                DMA2_Channel8_IRQHandler
                0x0000000000001c4a                CAN2_RX1_IRQHandler
                0x0000000000001c4a                EXTI3_IRQHandler
                0x0000000000001c4a                USBHS_IRQHandler
                0x0000000000001c4a                DMA2_Channel9_IRQHandler
                0x0000000000001c4a                TIM10_CC_IRQHandler
                0x0000000000001c4a                USBFS_IRQHandler
                0x0000000000001c4a                EXTI0_IRQHandler
                0x0000000000001c4a                I2C2_EV_IRQHandler
                0x0000000000001c4a                TIM10_TRG_COM_IRQHandler
                0x0000000000001c4a                CAN2_SCE_IRQHandler
                0x0000000000001c4a                ADC1_2_IRQHandler
                0x0000000000001c4a                Break_Point_Handler
                0x0000000000001c4a                SPI1_IRQHandler
                0x0000000000001c4a                TAMPER_IRQHandler
                0x0000000000001c4a                CAN2_RX0_IRQHandler
                0x0000000000001c4a                TIM8_UP_IRQHandler
                0x0000000000001c4a                Ecall_M_Mode_Handler
                0x0000000000001c4a                DMA2_Channel2_IRQHandler
                0x0000000000001c4a                DMA1_Channel4_IRQHandler
                0x0000000000001c4a                TIM9_UP_IRQHandler
                0x0000000000001c4a                RTC_IRQHandler
                0x0000000000001c4a                DMA1_Channel7_IRQHandler
                0x0000000000001c4a                CAN1_RX1_IRQHandler
                0x0000000000001c4a                DVP_IRQHandler
                0x0000000000001c4a                UART5_IRQHandler
                0x0000000000001c4a                TIM4_IRQHandler
                0x0000000000001c4a                DMA2_Channel1_IRQHandler
                0x0000000000001c4a                I2C1_EV_IRQHandler
                0x0000000000001c4a                DMA1_Channel6_IRQHandler
                0x0000000000001c4a                DMA2_Channel4_IRQHandler
                0x0000000000001c4a                TIM3_IRQHandler
                0x0000000000001c4a                RCC_IRQHandler
                0x0000000000001c4a                TIM1_TRG_COM_IRQHandler
                0x0000000000001c4a                DMA1_Channel1_IRQHandler
                0x0000000000001c4a                DMA2_Channel7_IRQHandler
                0x0000000000001c4a                EXTI15_10_IRQHandler
                0x0000000000001c4a                TIM7_IRQHandler
                0x0000000000001c4a                CAN2_TX_IRQHandler
                0x0000000000001c4a                TIM5_IRQHandler
                0x0000000000001c4a                EXTI9_5_IRQHandler
                0x0000000000001c4a                ETH_WKUP_IRQHandler
                0x0000000000001c4a                SPI2_IRQHandler
                0x0000000000001c4a                TIM10_BRK_IRQHandler
                0x0000000000001c4a                TIM9_CC_IRQHandler
                0x0000000000001c4a                DMA2_Channel5_IRQHandler
                0x0000000000001c4a                DMA1_Channel5_IRQHandler
                0x0000000000001c4a                EXTI4_IRQHandler
                0x0000000000001c4a                USB_LP_CAN1_RX0_IRQHandler
                0x0000000000001c4a                RNG_IRQHandler
                0x0000000000001c4a                USB_HP_CAN1_TX_IRQHandler
                0x0000000000001c4a                DMA1_Channel3_IRQHandler
                0x0000000000001c4a                ETH_IRQHandler
                0x0000000000001c4a                TIM1_UP_IRQHandler
                0x0000000000001c4a                WWDG_IRQHandler
                0x0000000000001c4a                USBHSWakeup_IRQHandler
                0x0000000000001c4a                DMA2_Channel11_IRQHandler
                0x0000000000001c4a                Ecall_U_Mode_Handler
                0x0000000000001c4a                DMA2_Channel6_IRQHandler
                0x0000000000001c4a                SW_Handler
                0x0000000000001c4a                TIM1_BRK_IRQHandler
                0x0000000000001c4a                DMA2_Channel10_IRQHandler
                0x0000000000001c4a                EXTI1_IRQHandler
                0x0000000000001c4a                RTCAlarm_IRQHandler
                0x0000000000001c4a                TIM10_UP_IRQHandler
                0x0000000000001c4a                TIM9_TRG_COM_IRQHandler
                0x0000000000001c4a                UART7_IRQHandler
                0x0000000000001c4a                UART6_IRQHandler
                0x0000000000001c4a                I2C2_ER_IRQHandler
                0x0000000000001c4a                DMA1_Channel2_IRQHandler
                0x0000000000001c4a                TIM8_BRK_IRQHandler
                0x0000000000001c4a                CAN1_SCE_IRQHandler
                0x0000000000001c4a                FLASH_IRQHandler
                0x0000000000001c4a                SPI3_IRQHandler
                0x0000000000001c4a                I2C1_ER_IRQHandler
                0x0000000000001c4a                USBWakeUp_IRQHandler
                0x0000000000001c4a                DMA2_Channel3_IRQHandler
 .text.handle_reset
                0x0000000000001c4c       0x8a ./Startup/startup_ch32v30x_D8C.o
                0x0000000000001c4c                handle_reset
 .text.GPIO_Init
                0x0000000000001cd6       0xc0 ./Peripheral/src/ch32v30x_gpio.o
                0x0000000000001cd6                GPIO_Init
 .text.GPIO_ResetBits
                0x0000000000001d96        0x4 ./Peripheral/src/ch32v30x_gpio.o
                0x0000000000001d96                GPIO_ResetBits
 .text.GPIO_WriteBit
                0x0000000000001d9a        0xa ./Peripheral/src/ch32v30x_gpio.o
                0x0000000000001d9a                GPIO_WriteBit
 .text.NVIC_PriorityGroupConfig
                0x0000000000001da4        0x6 ./Peripheral/src/ch32v30x_misc.o
                0x0000000000001da4                NVIC_PriorityGroupConfig
 .text.NVIC_Init
                0x0000000000001daa       0x5c ./Peripheral/src/ch32v30x_misc.o
                0x0000000000001daa                NVIC_Init
 .text.RCC_GetClocksFreq
                0x0000000000001e06      0x176 ./Peripheral/src/ch32v30x_rcc.o
                0x0000000000001e06                RCC_GetClocksFreq
 .text.RCC_APB2PeriphClockCmd
                0x0000000000001f7c       0x1e ./Peripheral/src/ch32v30x_rcc.o
                0x0000000000001f7c                RCC_APB2PeriphClockCmd
 .text.RCC_APB1PeriphClockCmd
                0x0000000000001f9a       0x1e ./Peripheral/src/ch32v30x_rcc.o
                0x0000000000001f9a                RCC_APB1PeriphClockCmd
 .text.TI1_Config
                0x0000000000001fb8       0x36 ./Peripheral/src/ch32v30x_tim.o
 .text.TI2_Config
                0x0000000000001fee       0x44 ./Peripheral/src/ch32v30x_tim.o
 .text.TIM_TimeBaseInit
                0x0000000000002032       0xee ./Peripheral/src/ch32v30x_tim.o
                0x0000000000002032                TIM_TimeBaseInit
 .text.TIM_Cmd  0x0000000000002120       0x18 ./Peripheral/src/ch32v30x_tim.o
                0x0000000000002120                TIM_Cmd
 .text.TIM_ITConfig
                0x0000000000002138       0x12 ./Peripheral/src/ch32v30x_tim.o
                0x0000000000002138                TIM_ITConfig
 .text.TIM_SelectInputTrigger
                0x000000000000214a       0x10 ./Peripheral/src/ch32v30x_tim.o
                0x000000000000214a                TIM_SelectInputTrigger
 .text.TIM_SelectSlaveMode
                0x000000000000215a       0x16 ./Peripheral/src/ch32v30x_tim.o
                0x000000000000215a                TIM_SelectSlaveMode
 .text.TIM_SelectMasterSlaveMode
                0x0000000000002170       0x18 ./Peripheral/src/ch32v30x_tim.o
                0x0000000000002170                TIM_SelectMasterSlaveMode
 .text.TIM_SetIC1Prescaler
                0x0000000000002188       0x16 ./Peripheral/src/ch32v30x_tim.o
                0x0000000000002188                TIM_SetIC1Prescaler
 .text.TIM_SetIC2Prescaler
                0x000000000000219e       0x1a ./Peripheral/src/ch32v30x_tim.o
                0x000000000000219e                TIM_SetIC2Prescaler
 .text.TIM_PWMIConfig
                0x00000000000021b8       0x6a ./Peripheral/src/ch32v30x_tim.o
                0x00000000000021b8                TIM_PWMIConfig
 .text.TIM_GetCapture1
                0x0000000000002222        0x4 ./Peripheral/src/ch32v30x_tim.o
                0x0000000000002222                TIM_GetCapture1
 .text.TIM_GetITStatus
                0x0000000000002226       0x18 ./Peripheral/src/ch32v30x_tim.o
                0x0000000000002226                TIM_GetITStatus
 .text.TIM_ClearITPendingBit
                0x000000000000223e        0xc ./Peripheral/src/ch32v30x_tim.o
                0x000000000000223e                TIM_ClearITPendingBit
 .text.USART_Init
                0x000000000000224a       0x90 ./Peripheral/src/ch32v30x_usart.o
                0x000000000000224a                USART_Init
 .text.USART_Cmd
                0x00000000000022da       0x16 ./Peripheral/src/ch32v30x_usart.o
                0x00000000000022da                USART_Cmd
 .text.USART_ITConfig
                0x00000000000022f0       0x36 ./Peripheral/src/ch32v30x_usart.o
                0x00000000000022f0                USART_ITConfig
 .text.USART_SendData
                0x0000000000002326        0x8 ./Peripheral/src/ch32v30x_usart.o
                0x0000000000002326                USART_SendData
 .text.USART_ReceiveData
                0x000000000000232e        0x8 ./Peripheral/src/ch32v30x_usart.o
                0x000000000000232e                USART_ReceiveData
 .text.USART_GetFlagStatus
                0x0000000000002336        0xa ./Peripheral/src/ch32v30x_usart.o
                0x0000000000002336                USART_GetFlagStatus
 .text.USART_GetITStatus
                0x0000000000002340       0x3c ./Peripheral/src/ch32v30x_usart.o
                0x0000000000002340                USART_GetITStatus
 .text.USART_ClearITPendingBit
                0x000000000000237c       0x14 ./Peripheral/src/ch32v30x_usart.o
                0x000000000000237c                USART_ClearITPendingBit
 .text.Delay_Init
                0x0000000000002390       0x26 ./Debug/debug.o
                0x0000000000002390                Delay_Init
 .text.Delay_Ms
                0x00000000000023b6       0x36 ./Debug/debug.o
                0x00000000000023b6                Delay_Ms
 .text.USART_Printf_Init
                0x00000000000023ec       0x5a ./Debug/debug.o
                0x00000000000023ec                USART_Printf_Init
 .text._write   0x0000000000002446       0x3e ./Debug/debug.o
                0x0000000000002446                _write
 .text._sbrk    0x0000000000002484       0x26 ./Debug/debug.o
                0x0000000000002484                _sbrk
 .text.printchar
                0x00000000000024aa       0x4a d:/mounriver/mounriver_studio2/resources/app/resources/win32/components/wch/toolchain/risc-v embedded gcc/bin/../lib/gcc/riscv-none-embed/8.2.0/../../../../riscv-none-embed/lib/rv32imacxw/ilp32\libprintfloat.a(printfloat.o)
                0x00000000000024aa                printchar
 .text.prints   0x00000000000024f4       0xe0 d:/mounriver/mounriver_studio2/resources/app/resources/win32/components/wch/toolchain/risc-v embedded gcc/bin/../lib/gcc/riscv-none-embed/8.2.0/../../../../riscv-none-embed/lib/rv32imacxw/ilp32\libprintfloat.a(printfloat.o)
                0x00000000000024f4                prints
 .text.printInt
                0x00000000000025d4       0xf2 d:/mounriver/mounriver_studio2/resources/app/resources/win32/components/wch/toolchain/risc-v embedded gcc/bin/../lib/gcc/riscv-none-embed/8.2.0/../../../../riscv-none-embed/lib/rv32imacxw/ilp32\libprintfloat.a(printfloat.o)
                0x00000000000025d4                printInt
 .text.printLongLongInt
                0x00000000000026c6      0x120 d:/mounriver/mounriver_studio2/resources/app/resources/win32/components/wch/toolchain/risc-v embedded gcc/bin/../lib/gcc/riscv-none-embed/8.2.0/../../../../riscv-none-embed/lib/rv32imacxw/ilp32\libprintfloat.a(printfloat.o)
                0x00000000000026c6                printLongLongInt
 .text.printDouble
                0x00000000000027e6      0x100 d:/mounriver/mounriver_studio2/resources/app/resources/win32/components/wch/toolchain/risc-v embedded gcc/bin/../lib/gcc/riscv-none-embed/8.2.0/../../../../riscv-none-embed/lib/rv32imacxw/ilp32\libprintfloat.a(printfloat.o)
                0x00000000000027e6                printDouble
 .text.print    0x00000000000028e6      0x358 d:/mounriver/mounriver_studio2/resources/app/resources/win32/components/wch/toolchain/risc-v embedded gcc/bin/../lib/gcc/riscv-none-embed/8.2.0/../../../../riscv-none-embed/lib/rv32imacxw/ilp32\libprintfloat.a(printfloat.o)
                0x00000000000028e6                print
 .text.sprintf  0x0000000000002c3e       0x28 d:/mounriver/mounriver_studio2/resources/app/resources/win32/components/wch/toolchain/risc-v embedded gcc/bin/../lib/gcc/riscv-none-embed/8.2.0/../../../../riscv-none-embed/lib/rv32imacxw/ilp32\libprintfloat.a(printfloat.o)
                0x0000000000002c3e                sprintf
 .text.snprintf
                0x0000000000002c66       0x2a d:/mounriver/mounriver_studio2/resources/app/resources/win32/components/wch/toolchain/risc-v embedded gcc/bin/../lib/gcc/riscv-none-embed/8.2.0/../../../../riscv-none-embed/lib/rv32imacxw/ilp32\libprintfloat.a(printfloat.o)
                0x0000000000002c66                snprintf
 .text.__udivdi3
                0x0000000000002c90      0x392 d:/mounriver/mounriver_studio2/resources/app/resources/win32/components/wch/toolchain/risc-v embedded gcc/bin/../lib/gcc/riscv-none-embed/8.2.0/rv32imacxw/ilp32\libgcc.a(_udivdi3.o)
                0x0000000000002c90                __udivdi3
 .text.__umoddi3
                0x0000000000003022      0x38a d:/mounriver/mounriver_studio2/resources/app/resources/win32/components/wch/toolchain/risc-v embedded gcc/bin/../lib/gcc/riscv-none-embed/8.2.0/rv32imacxw/ilp32\libgcc.a(_umoddi3.o)
                0x0000000000003022                __umoddi3
 .text.__ledf2  0x00000000000033ac       0xb6 d:/mounriver/mounriver_studio2/resources/app/resources/win32/components/wch/toolchain/risc-v embedded gcc/bin/../lib/gcc/riscv-none-embed/8.2.0/rv32imacxw/ilp32\libgcc.a(ledf2.o)
                0x00000000000033ac                __ledf2
                0x00000000000033ac                __ltdf2
 .text.__muldf3
                0x0000000000003462      0x4b8 d:/mounriver/mounriver_studio2/resources/app/resources/win32/components/wch/toolchain/risc-v embedded gcc/bin/../lib/gcc/riscv-none-embed/8.2.0/rv32imacxw/ilp32\libgcc.a(muldf3.o)
                0x0000000000003462                __muldf3
 .text.__subdf3
                0x000000000000391a      0x73e d:/mounriver/mounriver_studio2/resources/app/resources/win32/components/wch/toolchain/risc-v embedded gcc/bin/../lib/gcc/riscv-none-embed/8.2.0/rv32imacxw/ilp32\libgcc.a(subdf3.o)
                0x000000000000391a                __subdf3
 .text.__fixdfdi
                0x0000000000004058       0xbc d:/mounriver/mounriver_studio2/resources/app/resources/win32/components/wch/toolchain/risc-v embedded gcc/bin/../lib/gcc/riscv-none-embed/8.2.0/rv32imacxw/ilp32\libgcc.a(fixdfdi.o)
                0x0000000000004058                __fixdfdi
 .text.__floatdidf
                0x0000000000004114      0x1b6 d:/mounriver/mounriver_studio2/resources/app/resources/win32/components/wch/toolchain/risc-v embedded gcc/bin/../lib/gcc/riscv-none-embed/8.2.0/rv32imacxw/ilp32\libgcc.a(floatdidf.o)
                0x0000000000004114                __floatdidf
 .text.__addsf3
                0x00000000000042ca      0x36a d:/mounriver/mounriver_studio2/resources/app/resources/win32/components/wch/toolchain/risc-v embedded gcc/bin/../lib/gcc/riscv-none-embed/8.2.0/rv32imacxw/ilp32\libgcc.a(addsf3.o)
                0x00000000000042ca                __addsf3
 .text.__divsf3
                0x0000000000004634      0x2b2 d:/mounriver/mounriver_studio2/resources/app/resources/win32/components/wch/toolchain/risc-v embedded gcc/bin/../lib/gcc/riscv-none-embed/8.2.0/rv32imacxw/ilp32\libgcc.a(divsf3.o)
                0x0000000000004634                __divsf3
 .text.__gesf2  0x00000000000048e6       0x86 d:/mounriver/mounriver_studio2/resources/app/resources/win32/components/wch/toolchain/risc-v embedded gcc/bin/../lib/gcc/riscv-none-embed/8.2.0/rv32imacxw/ilp32\libgcc.a(gesf2.o)
                0x00000000000048e6                __gesf2
                0x00000000000048e6                __gtsf2
 .text.__lesf2  0x000000000000496c       0x8c d:/mounriver/mounriver_studio2/resources/app/resources/win32/components/wch/toolchain/risc-v embedded gcc/bin/../lib/gcc/riscv-none-embed/8.2.0/rv32imacxw/ilp32\libgcc.a(lesf2.o)
                0x000000000000496c                __ltsf2
                0x000000000000496c                __lesf2
 .text.__mulsf3
                0x00000000000049f8      0x290 d:/mounriver/mounriver_studio2/resources/app/resources/win32/components/wch/toolchain/risc-v embedded gcc/bin/../lib/gcc/riscv-none-embed/8.2.0/rv32imacxw/ilp32\libgcc.a(mulsf3.o)
                0x00000000000049f8                __mulsf3
 .text.__subsf3
                0x0000000000004c88      0x388 d:/mounriver/mounriver_studio2/resources/app/resources/win32/components/wch/toolchain/risc-v embedded gcc/bin/../lib/gcc/riscv-none-embed/8.2.0/rv32imacxw/ilp32\libgcc.a(subsf3.o)
                0x0000000000004c88                __subsf3
 .text.__floatsisf
                0x0000000000005010       0xc6 d:/mounriver/mounriver_studio2/resources/app/resources/win32/components/wch/toolchain/risc-v embedded gcc/bin/../lib/gcc/riscv-none-embed/8.2.0/rv32imacxw/ilp32\libgcc.a(floatsisf.o)
                0x0000000000005010                __floatsisf
 .text.__floatunsisf
                0x00000000000050d6       0xce d:/mounriver/mounriver_studio2/resources/app/resources/win32/components/wch/toolchain/risc-v embedded gcc/bin/../lib/gcc/riscv-none-embed/8.2.0/rv32imacxw/ilp32\libgcc.a(floatunsisf.o)
                0x00000000000050d6                __floatunsisf
 .text.__extendsfdf2
                0x00000000000051a4       0xac d:/mounriver/mounriver_studio2/resources/app/resources/win32/components/wch/toolchain/risc-v embedded gcc/bin/../lib/gcc/riscv-none-embed/8.2.0/rv32imacxw/ilp32\libgcc.a(extendsfdf2.o)
                0x00000000000051a4                __extendsfdf2
 .text.__clzsi2
                0x0000000000005250       0x6e d:/mounriver/mounriver_studio2/resources/app/resources/win32/components/wch/toolchain/risc-v embedded gcc/bin/../lib/gcc/riscv-none-embed/8.2.0/rv32imacxw/ilp32\libgcc.a(_clzsi2.o)
                0x0000000000005250                __clzsi2
 .text.atof     0x00000000000052be        0x6 d:/mounriver/mounriver_studio2/resources/app/resources/win32/components/wch/toolchain/risc-v embedded gcc/bin/../lib/gcc/riscv-none-embed/8.2.0/../../../../riscv-none-embed/lib/rv32imacxw/ilp32\libg_nano.a(lib_a-atof.o)
                0x00000000000052be                atof
 .text.atoi     0x00000000000052c4        0x8 d:/mounriver/mounriver_studio2/resources/app/resources/win32/components/wch/toolchain/risc-v embedded gcc/bin/../lib/gcc/riscv-none-embed/8.2.0/../../../../riscv-none-embed/lib/rv32imacxw/ilp32\libg_nano.a(lib_a-atoi.o)
                0x00000000000052c4                atoi
 .text.sscanf   0x00000000000052cc       0x52 d:/mounriver/mounriver_studio2/resources/app/resources/win32/components/wch/toolchain/risc-v embedded gcc/bin/../lib/gcc/riscv-none-embed/8.2.0/../../../../riscv-none-embed/lib/rv32imacxw/ilp32\libg_nano.a(lib_a-sscanf.o)
                0x00000000000052cc                siscanf
                0x00000000000052cc                sscanf
 .text.__seofread
                0x000000000000531e        0x4 d:/mounriver/mounriver_studio2/resources/app/resources/win32/components/wch/toolchain/risc-v embedded gcc/bin/../lib/gcc/riscv-none-embed/8.2.0/../../../../riscv-none-embed/lib/rv32imacxw/ilp32\libg_nano.a(lib_a-stdio.o)
                0x000000000000531e                __seofread
 .text.strchr   0x0000000000005322       0x18 d:/mounriver/mounriver_studio2/resources/app/resources/win32/components/wch/toolchain/risc-v embedded gcc/bin/../lib/gcc/riscv-none-embed/8.2.0/../../../../riscv-none-embed/lib/rv32imacxw/ilp32\libg_nano.a(lib_a-strchr.o)
                0x0000000000005322                strchr
 .text.strcpy   0x000000000000533a       0x10 d:/mounriver/mounriver_studio2/resources/app/resources/win32/components/wch/toolchain/risc-v embedded gcc/bin/../lib/gcc/riscv-none-embed/8.2.0/../../../../riscv-none-embed/lib/rv32imacxw/ilp32\libg_nano.a(lib_a-strcpy.o)
                0x000000000000533a                strcpy
 .text.strlen   0x000000000000534a       0x12 d:/mounriver/mounriver_studio2/resources/app/resources/win32/components/wch/toolchain/risc-v embedded gcc/bin/../lib/gcc/riscv-none-embed/8.2.0/../../../../riscv-none-embed/lib/rv32imacxw/ilp32\libg_nano.a(lib_a-strlen.o)
                0x000000000000534a                strlen
 .text.strncmp  0x000000000000535c       0x28 d:/mounriver/mounriver_studio2/resources/app/resources/win32/components/wch/toolchain/risc-v embedded gcc/bin/../lib/gcc/riscv-none-embed/8.2.0/../../../../riscv-none-embed/lib/rv32imacxw/ilp32\libg_nano.a(lib_a-strncmp.o)
                0x000000000000535c                strncmp
 .text.strncpy  0x0000000000005384       0x24 d:/mounriver/mounriver_studio2/resources/app/resources/win32/components/wch/toolchain/risc-v embedded gcc/bin/../lib/gcc/riscv-none-embed/8.2.0/../../../../riscv-none-embed/lib/rv32imacxw/ilp32\libg_nano.a(lib_a-strncpy.o)
                0x0000000000005384                strncpy
 .text.sulp     0x00000000000053a8       0x4e d:/mounriver/mounriver_studio2/resources/app/resources/win32/components/wch/toolchain/risc-v embedded gcc/bin/../lib/gcc/riscv-none-embed/8.2.0/../../../../riscv-none-embed/lib/rv32imacxw/ilp32\libg_nano.a(lib_a-strtod.o)
 .text._strtod_l
                0x00000000000053f6      0xc6c d:/mounriver/mounriver_studio2/resources/app/resources/win32/components/wch/toolchain/risc-v embedded gcc/bin/../lib/gcc/riscv-none-embed/8.2.0/../../../../riscv-none-embed/lib/rv32imacxw/ilp32\libg_nano.a(lib_a-strtod.o)
                0x00000000000053f6                _strtod_l
 .text.strtod   0x0000000000006062       0x1c d:/mounriver/mounriver_studio2/resources/app/resources/win32/components/wch/toolchain/risc-v embedded gcc/bin/../lib/gcc/riscv-none-embed/8.2.0/../../../../riscv-none-embed/lib/rv32imacxw/ilp32\libg_nano.a(lib_a-strtod.o)
                0x0000000000006062                strtod
 .text._strtol_l.isra.0
                0x000000000000607e      0x13a d:/mounriver/mounriver_studio2/resources/app/resources/win32/components/wch/toolchain/risc-v embedded gcc/bin/../lib/gcc/riscv-none-embed/8.2.0/../../../../riscv-none-embed/lib/rv32imacxw/ilp32\libg_nano.a(lib_a-strtol.o)
 .text._strtol_r
                0x00000000000061b8       0x16 d:/mounriver/mounriver_studio2/resources/app/resources/win32/components/wch/toolchain/risc-v embedded gcc/bin/../lib/gcc/riscv-none-embed/8.2.0/../../../../riscv-none-embed/lib/rv32imacxw/ilp32\libg_nano.a(lib_a-strtol.o)
                0x00000000000061b8                _strtol_r
 .text.strtol   0x00000000000061ce       0x1e d:/mounriver/mounriver_studio2/resources/app/resources/win32/components/wch/toolchain/risc-v embedded gcc/bin/../lib/gcc/riscv-none-embed/8.2.0/../../../../riscv-none-embed/lib/rv32imacxw/ilp32\libg_nano.a(lib_a-strtol.o)
                0x00000000000061ce                strtol
 .text.rshift   0x00000000000061ec       0x76 d:/mounriver/mounriver_studio2/resources/app/resources/win32/components/wch/toolchain/risc-v embedded gcc/bin/../lib/gcc/riscv-none-embed/8.2.0/../../../../riscv-none-embed/lib/rv32imacxw/ilp32\libg_nano.a(lib_a-gdtoa-gethex.o)
 .text.__hexdig_fun
                0x0000000000006262       0x40 d:/mounriver/mounriver_studio2/resources/app/resources/win32/components/wch/toolchain/risc-v embedded gcc/bin/../lib/gcc/riscv-none-embed/8.2.0/../../../../riscv-none-embed/lib/rv32imacxw/ilp32\libg_nano.a(lib_a-gdtoa-gethex.o)
                0x0000000000006262                __hexdig_fun
 .text.__gethex
                0x00000000000062a2      0x4ca d:/mounriver/mounriver_studio2/resources/app/resources/win32/components/wch/toolchain/risc-v embedded gcc/bin/../lib/gcc/riscv-none-embed/8.2.0/../../../../riscv-none-embed/lib/rv32imacxw/ilp32\libg_nano.a(lib_a-gdtoa-gethex.o)
                0x00000000000062a2                __gethex
 .text.L_shift  0x000000000000676c       0x2c d:/mounriver/mounriver_studio2/resources/app/resources/win32/components/wch/toolchain/risc-v embedded gcc/bin/../lib/gcc/riscv-none-embed/8.2.0/../../../../riscv-none-embed/lib/rv32imacxw/ilp32\libg_nano.a(lib_a-gdtoa-hexnan.o)
 .text.__match  0x0000000000006798       0x2e d:/mounriver/mounriver_studio2/resources/app/resources/win32/components/wch/toolchain/risc-v embedded gcc/bin/../lib/gcc/riscv-none-embed/8.2.0/../../../../riscv-none-embed/lib/rv32imacxw/ilp32\libg_nano.a(lib_a-gdtoa-hexnan.o)
                0x0000000000006798                __match
 .text.__hexnan
                0x00000000000067c6      0x15e d:/mounriver/mounriver_studio2/resources/app/resources/win32/components/wch/toolchain/risc-v embedded gcc/bin/../lib/gcc/riscv-none-embed/8.2.0/../../../../riscv-none-embed/lib/rv32imacxw/ilp32\libg_nano.a(lib_a-gdtoa-hexnan.o)
                0x00000000000067c6                __hexnan
 .text.__locale_ctype_ptr_l
                0x0000000000006924        0x6 d:/mounriver/mounriver_studio2/resources/app/resources/win32/components/wch/toolchain/risc-v embedded gcc/bin/../lib/gcc/riscv-none-embed/8.2.0/../../../../riscv-none-embed/lib/rv32imacxw/ilp32\libg_nano.a(lib_a-locale.o)
                0x0000000000006924                __locale_ctype_ptr_l
 .text.__locale_ctype_ptr
                0x000000000000692a       0x18 d:/mounriver/mounriver_studio2/resources/app/resources/win32/components/wch/toolchain/risc-v embedded gcc/bin/../lib/gcc/riscv-none-embed/8.2.0/../../../../riscv-none-embed/lib/rv32imacxw/ilp32\libg_nano.a(lib_a-locale.o)
                0x000000000000692a                __locale_ctype_ptr
 .text.__localeconv_l
                0x0000000000006942        0x6 d:/mounriver/mounriver_studio2/resources/app/resources/win32/components/wch/toolchain/risc-v embedded gcc/bin/../lib/gcc/riscv-none-embed/8.2.0/../../../../riscv-none-embed/lib/rv32imacxw/ilp32\libg_nano.a(lib_a-localeconv.o)
                0x0000000000006942                __localeconv_l
 .text.__ascii_mbtowc
                0x0000000000006948       0x32 d:/mounriver/mounriver_studio2/resources/app/resources/win32/components/wch/toolchain/risc-v embedded gcc/bin/../lib/gcc/riscv-none-embed/8.2.0/../../../../riscv-none-embed/lib/rv32imacxw/ilp32\libg_nano.a(lib_a-mbtowc_r.o)
                0x0000000000006948                __ascii_mbtowc
 .text.memcpy   0x000000000000697a       0xb2 d:/mounriver/mounriver_studio2/resources/app/resources/win32/components/wch/toolchain/risc-v embedded gcc/bin/../lib/gcc/riscv-none-embed/8.2.0/../../../../riscv-none-embed/lib/rv32imacxw/ilp32\libg_nano.a(lib_a-memcpy.o)
                0x000000000000697a                memcpy
 .text._Balloc  0x0000000000006a2c       0x8c d:/mounriver/mounriver_studio2/resources/app/resources/win32/components/wch/toolchain/risc-v embedded gcc/bin/../lib/gcc/riscv-none-embed/8.2.0/../../../../riscv-none-embed/lib/rv32imacxw/ilp32\libg_nano.a(lib_a-mprec.o)
                0x0000000000006a2c                _Balloc
 .text._Bfree   0x0000000000006ab8       0x44 d:/mounriver/mounriver_studio2/resources/app/resources/win32/components/wch/toolchain/risc-v embedded gcc/bin/../lib/gcc/riscv-none-embed/8.2.0/../../../../riscv-none-embed/lib/rv32imacxw/ilp32\libg_nano.a(lib_a-mprec.o)
                0x0000000000006ab8                _Bfree
 .text.__multadd
                0x0000000000006afc       0x98 d:/mounriver/mounriver_studio2/resources/app/resources/win32/components/wch/toolchain/risc-v embedded gcc/bin/../lib/gcc/riscv-none-embed/8.2.0/../../../../riscv-none-embed/lib/rv32imacxw/ilp32\libg_nano.a(lib_a-mprec.o)
                0x0000000000006afc                __multadd
 .text.__s2b    0x0000000000006b94       0xa4 d:/mounriver/mounriver_studio2/resources/app/resources/win32/components/wch/toolchain/risc-v embedded gcc/bin/../lib/gcc/riscv-none-embed/8.2.0/../../../../riscv-none-embed/lib/rv32imacxw/ilp32\libg_nano.a(lib_a-mprec.o)
                0x0000000000006b94                __s2b
 .text.__hi0bits
                0x0000000000006c38       0x46 d:/mounriver/mounriver_studio2/resources/app/resources/win32/components/wch/toolchain/risc-v embedded gcc/bin/../lib/gcc/riscv-none-embed/8.2.0/../../../../riscv-none-embed/lib/rv32imacxw/ilp32\libg_nano.a(lib_a-mprec.o)
                0x0000000000006c38                __hi0bits
 .text.__lo0bits
                0x0000000000006c7e       0x6a d:/mounriver/mounriver_studio2/resources/app/resources/win32/components/wch/toolchain/risc-v embedded gcc/bin/../lib/gcc/riscv-none-embed/8.2.0/../../../../riscv-none-embed/lib/rv32imacxw/ilp32\libg_nano.a(lib_a-mprec.o)
                0x0000000000006c7e                __lo0bits
 .text.__i2b    0x0000000000006ce8       0x1c d:/mounriver/mounriver_studio2/resources/app/resources/win32/components/wch/toolchain/risc-v embedded gcc/bin/../lib/gcc/riscv-none-embed/8.2.0/../../../../riscv-none-embed/lib/rv32imacxw/ilp32\libg_nano.a(lib_a-mprec.o)
                0x0000000000006ce8                __i2b
 .text.__multiply
                0x0000000000006d04      0x144 d:/mounriver/mounriver_studio2/resources/app/resources/win32/components/wch/toolchain/risc-v embedded gcc/bin/../lib/gcc/riscv-none-embed/8.2.0/../../../../riscv-none-embed/lib/rv32imacxw/ilp32\libg_nano.a(lib_a-mprec.o)
                0x0000000000006d04                __multiply
 .text.__pow5mult
                0x0000000000006e48       0xbe d:/mounriver/mounriver_studio2/resources/app/resources/win32/components/wch/toolchain/risc-v embedded gcc/bin/../lib/gcc/riscv-none-embed/8.2.0/../../../../riscv-none-embed/lib/rv32imacxw/ilp32\libg_nano.a(lib_a-mprec.o)
                0x0000000000006e48                __pow5mult
 .text.__lshift
                0x0000000000006f06       0xce d:/mounriver/mounriver_studio2/resources/app/resources/win32/components/wch/toolchain/risc-v embedded gcc/bin/../lib/gcc/riscv-none-embed/8.2.0/../../../../riscv-none-embed/lib/rv32imacxw/ilp32\libg_nano.a(lib_a-mprec.o)
                0x0000000000006f06                __lshift
 .text.__mcmp   0x0000000000006fd4       0x32 d:/mounriver/mounriver_studio2/resources/app/resources/win32/components/wch/toolchain/risc-v embedded gcc/bin/../lib/gcc/riscv-none-embed/8.2.0/../../../../riscv-none-embed/lib/rv32imacxw/ilp32\libg_nano.a(lib_a-mprec.o)
                0x0000000000006fd4                __mcmp
 .text.__mdiff  0x0000000000007006       0xf2 d:/mounriver/mounriver_studio2/resources/app/resources/win32/components/wch/toolchain/risc-v embedded gcc/bin/../lib/gcc/riscv-none-embed/8.2.0/../../../../riscv-none-embed/lib/rv32imacxw/ilp32\libg_nano.a(lib_a-mprec.o)
                0x0000000000007006                __mdiff
 .text.__ulp    0x00000000000070f8       0x46 d:/mounriver/mounriver_studio2/resources/app/resources/win32/components/wch/toolchain/risc-v embedded gcc/bin/../lib/gcc/riscv-none-embed/8.2.0/../../../../riscv-none-embed/lib/rv32imacxw/ilp32\libg_nano.a(lib_a-mprec.o)
                0x00000000000070f8                __ulp
 .text.__b2d    0x000000000000713e       0xb4 d:/mounriver/mounriver_studio2/resources/app/resources/win32/components/wch/toolchain/risc-v embedded gcc/bin/../lib/gcc/riscv-none-embed/8.2.0/../../../../riscv-none-embed/lib/rv32imacxw/ilp32\libg_nano.a(lib_a-mprec.o)
                0x000000000000713e                __b2d
 .text.__d2b    0x00000000000071f2       0xd4 d:/mounriver/mounriver_studio2/resources/app/resources/win32/components/wch/toolchain/risc-v embedded gcc/bin/../lib/gcc/riscv-none-embed/8.2.0/../../../../riscv-none-embed/lib/rv32imacxw/ilp32\libg_nano.a(lib_a-mprec.o)
                0x00000000000071f2                __d2b
 .text.__ratio  0x00000000000072c6       0x74 d:/mounriver/mounriver_studio2/resources/app/resources/win32/components/wch/toolchain/risc-v embedded gcc/bin/../lib/gcc/riscv-none-embed/8.2.0/../../../../riscv-none-embed/lib/rv32imacxw/ilp32\libg_nano.a(lib_a-mprec.o)
                0x00000000000072c6                __ratio
 .text.__copybits
                0x000000000000733a       0x36 d:/mounriver/mounriver_studio2/resources/app/resources/win32/components/wch/toolchain/risc-v embedded gcc/bin/../lib/gcc/riscv-none-embed/8.2.0/../../../../riscv-none-embed/lib/rv32imacxw/ilp32\libg_nano.a(lib_a-mprec.o)
                0x000000000000733a                __copybits
 .text.__any_on
                0x0000000000007370       0x46 d:/mounriver/mounriver_studio2/resources/app/resources/win32/components/wch/toolchain/risc-v embedded gcc/bin/../lib/gcc/riscv-none-embed/8.2.0/../../../../riscv-none-embed/lib/rv32imacxw/ilp32\libg_nano.a(lib_a-mprec.o)
                0x0000000000007370                __any_on
 .text._calloc_r
                0x00000000000073b6       0x26 d:/mounriver/mounriver_studio2/resources/app/resources/win32/components/wch/toolchain/risc-v embedded gcc/bin/../lib/gcc/riscv-none-embed/8.2.0/../../../../riscv-none-embed/lib/rv32imacxw/ilp32\libg_nano.a(lib_a-nano-callocr.o)
                0x00000000000073b6                _calloc_r
 .text._malloc_r
                0x00000000000073dc       0xda d:/mounriver/mounriver_studio2/resources/app/resources/win32/components/wch/toolchain/risc-v embedded gcc/bin/../lib/gcc/riscv-none-embed/8.2.0/../../../../riscv-none-embed/lib/rv32imacxw/ilp32\libg_nano.a(lib_a-nano-mallocr.o)
                0x00000000000073dc                _malloc_r
 .text._sungetc_r
                0x00000000000074b6       0x96 d:/mounriver/mounriver_studio2/resources/app/resources/win32/components/wch/toolchain/risc-v embedded gcc/bin/../lib/gcc/riscv-none-embed/8.2.0/../../../../riscv-none-embed/lib/rv32imacxw/ilp32\libg_nano.a(lib_a-nano-svfscanf.o)
                0x00000000000074b6                _sungetc_r
 .text.__ssrefill_r
                0x000000000000754c       0x44 d:/mounriver/mounriver_studio2/resources/app/resources/win32/components/wch/toolchain/risc-v embedded gcc/bin/../lib/gcc/riscv-none-embed/8.2.0/../../../../riscv-none-embed/lib/rv32imacxw/ilp32\libg_nano.a(lib_a-nano-svfscanf.o)
                0x000000000000754c                __ssrefill_r
 .text.__ssvfscanf_r
                0x0000000000007590      0x3a2 d:/mounriver/mounriver_studio2/resources/app/resources/win32/components/wch/toolchain/risc-v embedded gcc/bin/../lib/gcc/riscv-none-embed/8.2.0/../../../../riscv-none-embed/lib/rv32imacxw/ilp32\libg_nano.a(lib_a-nano-svfscanf.o)
                0x0000000000007590                __ssvfiscanf_r
                0x0000000000007590                __ssvfscanf_r
 .text._scanf_chars
                0x0000000000007932       0xe2 d:/mounriver/mounriver_studio2/resources/app/resources/win32/components/wch/toolchain/risc-v embedded gcc/bin/../lib/gcc/riscv-none-embed/8.2.0/../../../../riscv-none-embed/lib/rv32imacxw/ilp32\libg_nano.a(lib_a-nano-vfscanf_i.o)
                0x0000000000007932                _scanf_chars
 .text._scanf_i
                0x0000000000007a14      0x256 d:/mounriver/mounriver_studio2/resources/app/resources/win32/components/wch/toolchain/risc-v embedded gcc/bin/../lib/gcc/riscv-none-embed/8.2.0/../../../../riscv-none-embed/lib/rv32imacxw/ilp32\libg_nano.a(lib_a-nano-vfscanf_i.o)
                0x0000000000007a14                _scanf_i
 .text._sbrk_r  0x0000000000007c6a       0x2a d:/mounriver/mounriver_studio2/resources/app/resources/win32/components/wch/toolchain/risc-v embedded gcc/bin/../lib/gcc/riscv-none-embed/8.2.0/../../../../riscv-none-embed/lib/rv32imacxw/ilp32\libg_nano.a(lib_a-sbrkr.o)
                0x0000000000007c6a                _sbrk_r
 .text.__sccl   0x0000000000007c94       0x82 d:/mounriver/mounriver_studio2/resources/app/resources/win32/components/wch/toolchain/risc-v embedded gcc/bin/../lib/gcc/riscv-none-embed/8.2.0/../../../../riscv-none-embed/lib/rv32imacxw/ilp32\libg_nano.a(lib_a-sccl.o)
                0x0000000000007c94                __sccl
 .text._strtoul_l.isra.0
                0x0000000000007d16      0x130 d:/mounriver/mounriver_studio2/resources/app/resources/win32/components/wch/toolchain/risc-v embedded gcc/bin/../lib/gcc/riscv-none-embed/8.2.0/../../../../riscv-none-embed/lib/rv32imacxw/ilp32\libg_nano.a(lib_a-strtoul.o)
 .text._strtoul_r
                0x0000000000007e46       0x16 d:/mounriver/mounriver_studio2/resources/app/resources/win32/components/wch/toolchain/risc-v embedded gcc/bin/../lib/gcc/riscv-none-embed/8.2.0/../../../../riscv-none-embed/lib/rv32imacxw/ilp32\libg_nano.a(lib_a-strtoul.o)
                0x0000000000007e46                _strtoul_r
 .text.__submore
                0x0000000000007e5c       0x84 d:/mounriver/mounriver_studio2/resources/app/resources/win32/components/wch/toolchain/risc-v embedded gcc/bin/../lib/gcc/riscv-none-embed/8.2.0/../../../../riscv-none-embed/lib/rv32imacxw/ilp32\libg_nano.a(lib_a-ungetc.o)
                0x0000000000007e5c                __submore
 .text.__ascii_wctomb
                0x0000000000007ee0       0x1e d:/mounriver/mounriver_studio2/resources/app/resources/win32/components/wch/toolchain/risc-v embedded gcc/bin/../lib/gcc/riscv-none-embed/8.2.0/../../../../riscv-none-embed/lib/rv32imacxw/ilp32\libg_nano.a(lib_a-wctomb_r.o)
                0x0000000000007ee0                __ascii_wctomb
 .text.malloc   0x0000000000007efe        0xc d:/mounriver/mounriver_studio2/resources/app/resources/win32/components/wch/toolchain/risc-v embedded gcc/bin/../lib/gcc/riscv-none-embed/8.2.0/../../../../riscv-none-embed/lib/rv32imacxw/ilp32\libg_nano.a(lib_a-malloc.o)
                0x0000000000007efe                malloc
 .text.memchr   0x0000000000007f0a       0x18 d:/mounriver/mounriver_studio2/resources/app/resources/win32/components/wch/toolchain/risc-v embedded gcc/bin/../lib/gcc/riscv-none-embed/8.2.0/../../../../riscv-none-embed/lib/rv32imacxw/ilp32\libg_nano.a(lib_a-memchr.o)
                0x0000000000007f0a                memchr
 .text.__malloc_lock
                0x0000000000007f22        0x2 d:/mounriver/mounriver_studio2/resources/app/resources/win32/components/wch/toolchain/risc-v embedded gcc/bin/../lib/gcc/riscv-none-embed/8.2.0/../../../../riscv-none-embed/lib/rv32imacxw/ilp32\libg_nano.a(lib_a-mlock.o)
                0x0000000000007f22                __malloc_lock
 .text.__malloc_unlock
                0x0000000000007f24        0x2 d:/mounriver/mounriver_studio2/resources/app/resources/win32/components/wch/toolchain/risc-v embedded gcc/bin/../lib/gcc/riscv-none-embed/8.2.0/../../../../riscv-none-embed/lib/rv32imacxw/ilp32\libg_nano.a(lib_a-mlock.o)
                0x0000000000007f24                __malloc_unlock
 .text._free_r  0x0000000000007f26       0xa8 d:/mounriver/mounriver_studio2/resources/app/resources/win32/components/wch/toolchain/risc-v embedded gcc/bin/../lib/gcc/riscv-none-embed/8.2.0/../../../../riscv-none-embed/lib/rv32imacxw/ilp32\libg_nano.a(lib_a-nano-freer.o)
                0x0000000000007f26                _free_r
 .text._realloc_r
                0x0000000000007fce       0x58 d:/mounriver/mounriver_studio2/resources/app/resources/win32/components/wch/toolchain/risc-v embedded gcc/bin/../lib/gcc/riscv-none-embed/8.2.0/../../../../riscv-none-embed/lib/rv32imacxw/ilp32\libg_nano.a(lib_a-nano-reallocr.o)
                0x0000000000007fce                _realloc_r
 .text._malloc_usable_size_r
                0x0000000000008026       0x14 d:/mounriver/mounriver_studio2/resources/app/resources/win32/components/wch/toolchain/risc-v embedded gcc/bin/../lib/gcc/riscv-none-embed/8.2.0/../../../../riscv-none-embed/lib/rv32imacxw/ilp32\libg_nano.a(lib_a-nano-msizer.o)
                0x0000000000008026                _malloc_usable_size_r
 .text.__adddf3
                0x000000000000803a      0x730 d:/mounriver/mounriver_studio2/resources/app/resources/win32/components/wch/toolchain/risc-v embedded gcc/bin/../lib/gcc/riscv-none-embed/8.2.0/rv32imacxw/ilp32\libgcc.a(adddf3.o)
                0x000000000000803a                __adddf3
 .text.__divdf3
                0x000000000000876a      0x5b4 d:/mounriver/mounriver_studio2/resources/app/resources/win32/components/wch/toolchain/risc-v embedded gcc/bin/../lib/gcc/riscv-none-embed/8.2.0/rv32imacxw/ilp32\libgcc.a(divdf3.o)
                0x000000000000876a                __divdf3
 .text.__eqdf2  0x0000000000008d1e       0x6a d:/mounriver/mounriver_studio2/resources/app/resources/win32/components/wch/toolchain/risc-v embedded gcc/bin/../lib/gcc/riscv-none-embed/8.2.0/rv32imacxw/ilp32\libgcc.a(eqdf2.o)
                0x0000000000008d1e                __nedf2
                0x0000000000008d1e                __eqdf2
 .text.__gedf2  0x0000000000008d88       0xae d:/mounriver/mounriver_studio2/resources/app/resources/win32/components/wch/toolchain/risc-v embedded gcc/bin/../lib/gcc/riscv-none-embed/8.2.0/rv32imacxw/ilp32\libgcc.a(gedf2.o)
                0x0000000000008d88                __gedf2
                0x0000000000008d88                __gtdf2
 .text.__fixdfsi
                0x0000000000008e36       0x68 d:/mounriver/mounriver_studio2/resources/app/resources/win32/components/wch/toolchain/risc-v embedded gcc/bin/../lib/gcc/riscv-none-embed/8.2.0/rv32imacxw/ilp32\libgcc.a(fixdfsi.o)
                0x0000000000008e36                __fixdfsi
 .text.__fixunsdfsi
                0x0000000000008e9e       0x5c d:/mounriver/mounriver_studio2/resources/app/resources/win32/components/wch/toolchain/risc-v embedded gcc/bin/../lib/gcc/riscv-none-embed/8.2.0/rv32imacxw/ilp32\libgcc.a(fixunsdfsi.o)
                0x0000000000008e9e                __fixunsdfsi
 .text.__floatsidf
                0x0000000000008efa       0x72 d:/mounriver/mounriver_studio2/resources/app/resources/win32/components/wch/toolchain/risc-v embedded gcc/bin/../lib/gcc/riscv-none-embed/8.2.0/rv32imacxw/ilp32\libgcc.a(floatsidf.o)
                0x0000000000008efa                __floatsidf
 .text.__floatunsidf
                0x0000000000008f6c       0x68 d:/mounriver/mounriver_studio2/resources/app/resources/win32/components/wch/toolchain/risc-v embedded gcc/bin/../lib/gcc/riscv-none-embed/8.2.0/rv32imacxw/ilp32\libgcc.a(floatunsidf.o)
                0x0000000000008f6c                __floatunsidf
 *(.rodata)
 *(.rodata*)
 *fill*         0x0000000000008fd4        0x0 
 .rodata.days_in_month.5678
                0x0000000000008fd4       0x30 ./code/esp32_concert.o
 .rodata.lcd_time.str1.4
                0x0000000000009004       0x28 ./code/esp32_concert.o
 .rodata.send_leak_to_esp32.str1.4
                0x000000000000902c        0xb ./code/esp32_concert.o
 *fill*         0x0000000000009037        0x1 
 .rodata.send_serve_to_esp32.str1.4
                0x0000000000009038        0xc ./code/esp32_concert.o
 .rodata.send_water_quality_to_esp32.cst4
                0x0000000000009044        0xc ./code/esp32_concert.o
 .rodata.send_water_quality_to_esp32.str1.4
                0x0000000000009050       0x2d ./code/esp32_concert.o
 *fill*         0x000000000000907d        0x3 
 .rodata.send_wifi_to_esp32.str1.4
                0x0000000000009080        0xe ./code/esp32_concert.o
 *fill*         0x000000000000908e        0x2 
 .rodata.uart_process_frame.str1.4
                0x0000000000009090       0x42 ./code/esp32_concert.o
 *fill*         0x00000000000090d2        0x2 
 .rodata.TIM2_IRQHandler.str1.4
                0x00000000000090d4       0x11 ./code/timer.o
 *fill*         0x00000000000090e5        0x3 
 .rodata.HMI_task.cst4
                0x00000000000090e8        0x8 ./code/tjc_usart_hmi.o
 .rodata.HMI_task.str1.4
                0x00000000000090f0       0x7b ./code/tjc_usart_hmi.o
 .rodata.WQ_GetMonthlyCost.cst4
                0x000000000000916b        0x4 ./code/water_quality.o
 *fill*         0x000000000000916b        0x1 
 .rodata.WQ_UpdateDisplay.str1.4
                0x000000000000916c       0x7f ./code/water_quality.o
 *fill*         0x00000000000091eb        0x1 
 .rodata.Leak_Detect.str1.4
                0x00000000000091ec       0x37 ./code/water_speed.o
 .rodata.Leak_SetNormalFlow.cst4
                0x0000000000009223        0x4 ./code/water_speed.o
 *fill*         0x0000000000009223        0x1 
 .rodata.Leak_Task.cst4
                0x0000000000009224        0xc ./code/water_speed.o
 .rodata.Leak_Task.str1.4
                0x0000000000009230       0x17 ./code/water_speed.o
 *fill*         0x0000000000009247        0x1 
 .rodata.TIM1_CC_IRQHandler.cst4
                0x0000000000009248       0x10 ./code/water_speed.o
 .rodata.TIM1_CC_IRQHandler.str1.4
                0x0000000000009258       0x24 ./code/water_speed.o
 .rodata.Zigbee_ParseCommand.cst4
                0x000000000000927c        0x4 ./code/zigbee.o
 .rodata.Zigbee_ParseCommand.str1.4
                0x0000000000009280        0x8 ./code/zigbee.o
 .rodata.main.str1.4
                0x0000000000009288       0x11 ./User/main.o
 *fill*         0x0000000000009299        0x3 
 .rodata.print.str1.4
                0x000000000000929c        0x7 d:/mounriver/mounriver_studio2/resources/app/resources/win32/components/wch/toolchain/risc-v embedded gcc/bin/../lib/gcc/riscv-none-embed/8.2.0/../../../../riscv-none-embed/lib/rv32imacxw/ilp32\libprintfloat.a(printfloat.o)
 *fill*         0x00000000000092a3        0x1 
 .rodata.__muldf3
                0x00000000000092a4       0x40 d:/mounriver/mounriver_studio2/resources/app/resources/win32/components/wch/toolchain/risc-v embedded gcc/bin/../lib/gcc/riscv-none-embed/8.2.0/rv32imacxw/ilp32\libgcc.a(muldf3.o)
 .rodata.__divsf3
                0x00000000000092e4       0x80 d:/mounriver/mounriver_studio2/resources/app/resources/win32/components/wch/toolchain/risc-v embedded gcc/bin/../lib/gcc/riscv-none-embed/8.2.0/rv32imacxw/ilp32\libgcc.a(divsf3.o)
 .rodata.__mulsf3
                0x0000000000009364       0x40 d:/mounriver/mounriver_studio2/resources/app/resources/win32/components/wch/toolchain/risc-v embedded gcc/bin/../lib/gcc/riscv-none-embed/8.2.0/rv32imacxw/ilp32\libgcc.a(mulsf3.o)
 .rodata.__clz_tab
                0x00000000000093a4      0x100 d:/mounriver/mounriver_studio2/resources/app/resources/win32/components/wch/toolchain/risc-v embedded gcc/bin/../lib/gcc/riscv-none-embed/8.2.0/rv32imacxw/ilp32\libgcc.a(_clz.o)
                0x00000000000093a4                __clz_tab
 .rodata._strtod_l
                0x00000000000094a4       0x14 d:/mounriver/mounriver_studio2/resources/app/resources/win32/components/wch/toolchain/risc-v embedded gcc/bin/../lib/gcc/riscv-none-embed/8.2.0/../../../../riscv-none-embed/lib/rv32imacxw/ilp32\libg_nano.a(lib_a-strtod.o)
 .rodata._strtod_l.cst8
                0x00000000000094b8       0x38 d:/mounriver/mounriver_studio2/resources/app/resources/win32/components/wch/toolchain/risc-v embedded gcc/bin/../lib/gcc/riscv-none-embed/8.2.0/../../../../riscv-none-embed/lib/rv32imacxw/ilp32\libg_nano.a(lib_a-strtod.o)
 .rodata._strtod_l.str1.4
                0x00000000000094f0        0xf d:/mounriver/mounriver_studio2/resources/app/resources/win32/components/wch/toolchain/risc-v embedded gcc/bin/../lib/gcc/riscv-none-embed/8.2.0/../../../../riscv-none-embed/lib/rv32imacxw/ilp32\libg_nano.a(lib_a-strtod.o)
 *fill*         0x00000000000094ff        0x1 
 .rodata.fpi.3395
                0x0000000000009500       0x14 d:/mounriver/mounriver_studio2/resources/app/resources/win32/components/wch/toolchain/risc-v embedded gcc/bin/../lib/gcc/riscv-none-embed/8.2.0/../../../../riscv-none-embed/lib/rv32imacxw/ilp32\libg_nano.a(lib_a-strtod.o)
 .rodata.fpinan.3431
                0x0000000000009514       0x14 d:/mounriver/mounriver_studio2/resources/app/resources/win32/components/wch/toolchain/risc-v embedded gcc/bin/../lib/gcc/riscv-none-embed/8.2.0/../../../../riscv-none-embed/lib/rv32imacxw/ilp32\libg_nano.a(lib_a-strtod.o)
 .rodata.tinytens
                0x0000000000009528       0x28 d:/mounriver/mounriver_studio2/resources/app/resources/win32/components/wch/toolchain/risc-v embedded gcc/bin/../lib/gcc/riscv-none-embed/8.2.0/../../../../riscv-none-embed/lib/rv32imacxw/ilp32\libg_nano.a(lib_a-strtod.o)
 .rodata._setlocale_r.str1.4
                0x0000000000009550        0xa d:/mounriver/mounriver_studio2/resources/app/resources/win32/components/wch/toolchain/risc-v embedded gcc/bin/../lib/gcc/riscv-none-embed/8.2.0/../../../../riscv-none-embed/lib/rv32imacxw/ilp32\libg_nano.a(lib_a-locale.o)
                                          0xd (size before relaxing)
 *fill*         0x000000000000955a        0x2 
 .rodata.str1.4
                0x000000000000955c        0x2 d:/mounriver/mounriver_studio2/resources/app/resources/win32/components/wch/toolchain/risc-v embedded gcc/bin/../lib/gcc/riscv-none-embed/8.2.0/../../../../riscv-none-embed/lib/rv32imacxw/ilp32\libg_nano.a(lib_a-locale.o)
 *fill*         0x000000000000955e        0x2 
 .rodata.__mprec_bigtens
                0x0000000000009560       0x28 d:/mounriver/mounriver_studio2/resources/app/resources/win32/components/wch/toolchain/risc-v embedded gcc/bin/../lib/gcc/riscv-none-embed/8.2.0/../../../../riscv-none-embed/lib/rv32imacxw/ilp32\libg_nano.a(lib_a-mprec.o)
                0x0000000000009560                __mprec_bigtens
 .rodata.__mprec_tens
                0x0000000000009588       0xc8 d:/mounriver/mounriver_studio2/resources/app/resources/win32/components/wch/toolchain/risc-v embedded gcc/bin/../lib/gcc/riscv-none-embed/8.2.0/../../../../riscv-none-embed/lib/rv32imacxw/ilp32\libg_nano.a(lib_a-mprec.o)
                0x0000000000009588                __mprec_tens
 .rodata.p05.3319
                0x0000000000009650        0xc d:/mounriver/mounriver_studio2/resources/app/resources/win32/components/wch/toolchain/risc-v embedded gcc/bin/../lib/gcc/riscv-none-embed/8.2.0/../../../../riscv-none-embed/lib/rv32imacxw/ilp32\libg_nano.a(lib_a-mprec.o)
 .rodata.__ssvfscanf_r.str1.4
                0x000000000000965c        0x4 d:/mounriver/mounriver_studio2/resources/app/resources/win32/components/wch/toolchain/risc-v embedded gcc/bin/../lib/gcc/riscv-none-embed/8.2.0/../../../../riscv-none-embed/lib/rv32imacxw/ilp32\libg_nano.a(lib_a-nano-svfscanf.o)
 .rodata._scanf_i.str1.4
                0x0000000000009660       0x12 d:/mounriver/mounriver_studio2/resources/app/resources/win32/components/wch/toolchain/risc-v embedded gcc/bin/../lib/gcc/riscv-none-embed/8.2.0/../../../../riscv-none-embed/lib/rv32imacxw/ilp32\libg_nano.a(lib_a-nano-vfscanf_i.o)
 *fill*         0x0000000000009672        0x2 
 .rodata.str1.4
                0x0000000000009674        0xc d:/mounriver/mounriver_studio2/resources/app/resources/win32/components/wch/toolchain/risc-v embedded gcc/bin/../lib/gcc/riscv-none-embed/8.2.0/../../../../riscv-none-embed/lib/rv32imacxw/ilp32\libg_nano.a(lib_a-nano-vfscanf_i.o)
                                          0xb (size before relaxing)
 .rodata._ctype_
                0x0000000000009680      0x101 d:/mounriver/mounriver_studio2/resources/app/resources/win32/components/wch/toolchain/risc-v embedded gcc/bin/../lib/gcc/riscv-none-embed/8.2.0/../../../../riscv-none-embed/lib/rv32imacxw/ilp32\libg_nano.a(lib_a-ctype_.o)
                0x0000000000009680                _ctype_
 *fill*         0x0000000000009781        0x3 
 .rodata.__sf_fake_stderr
                0x0000000000009784       0x20 d:/mounriver/mounriver_studio2/resources/app/resources/win32/components/wch/toolchain/risc-v embedded gcc/bin/../lib/gcc/riscv-none-embed/8.2.0/../../../../riscv-none-embed/lib/rv32imacxw/ilp32\libg_nano.a(lib_a-findfp.o)
                0x0000000000009784                __sf_fake_stderr
 .rodata.__sf_fake_stdin
                0x00000000000097a4       0x20 d:/mounriver/mounriver_studio2/resources/app/resources/win32/components/wch/toolchain/risc-v embedded gcc/bin/../lib/gcc/riscv-none-embed/8.2.0/../../../../riscv-none-embed/lib/rv32imacxw/ilp32\libg_nano.a(lib_a-findfp.o)
                0x00000000000097a4                __sf_fake_stdin
 .rodata.__sf_fake_stdout
                0x00000000000097c4       0x20 d:/mounriver/mounriver_studio2/resources/app/resources/win32/components/wch/toolchain/risc-v embedded gcc/bin/../lib/gcc/riscv-none-embed/8.2.0/../../../../riscv-none-embed/lib/rv32imacxw/ilp32\libg_nano.a(lib_a-findfp.o)
                0x00000000000097c4                __sf_fake_stdout
 .rodata.__divdf3
                0x00000000000097e4       0x40 d:/mounriver/mounriver_studio2/resources/app/resources/win32/components/wch/toolchain/risc-v embedded gcc/bin/../lib/gcc/riscv-none-embed/8.2.0/rv32imacxw/ilp32\libgcc.a(divdf3.o)
 *(.gnu.linkonce.t.*)
                0x0000000000009824                . = ALIGN (0x4)

.rela.dyn       0x0000000000009824        0x0
 .rela.init     0x0000000000009824        0x0 ./code/esp32_concert.o
 .rela.vector   0x0000000000009824        0x0 ./code/esp32_concert.o
 .rela.text.handle_reset
                0x0000000000009824        0x0 ./code/esp32_concert.o
 .rela.text._sbrk
                0x0000000000009824        0x0 ./code/esp32_concert.o
 .rela.sdata.curbrk.5273
                0x0000000000009824        0x0 ./code/esp32_concert.o
 .rela.text.prints
                0x0000000000009824        0x0 ./code/esp32_concert.o
 .rela.text.printInt
                0x0000000000009824        0x0 ./code/esp32_concert.o
 .rela.text.printLongLongInt
                0x0000000000009824        0x0 ./code/esp32_concert.o
 .rela.text.printDouble
                0x0000000000009824        0x0 ./code/esp32_concert.o
 .rela.text.print
                0x0000000000009824        0x0 ./code/esp32_concert.o
 .rela.text.sprintf
                0x0000000000009824        0x0 ./code/esp32_concert.o
 .rela.text.snprintf
                0x0000000000009824        0x0 ./code/esp32_concert.o
 .rela.text.__ssvfscanf_r
                0x0000000000009824        0x0 ./code/esp32_concert.o
 .rela.text._sbrk_r
                0x0000000000009824        0x0 ./code/esp32_concert.o

.fini           0x0000000000009824        0x0
 *(SORT_NONE(.fini))
                0x0000000000009824                . = ALIGN (0x4)
                [!provide]                        PROVIDE (_etext = .)
                [!provide]                        PROVIDE (_eitcm = .)

.preinit_array  0x0000000000009824        0x0
                [!provide]                        PROVIDE (__preinit_array_start = .)
 *(.preinit_array)
                [!provide]                        PROVIDE (__preinit_array_end = .)

.init_array     0x0000000000009824        0x0
                [!provide]                        PROVIDE (__init_array_start = .)
 *(SORT_BY_INIT_PRIORITY(.init_array.*) SORT_BY_INIT_PRIORITY(.ctors.*))
 *(.init_array EXCLUDE_FILE(*crtend?.o *crtend.o *crtbegin?.o *crtbegin.o) .ctors)
                [!provide]                        PROVIDE (__init_array_end = .)

.fini_array     0x0000000000009824        0x0
                [!provide]                        PROVIDE (__fini_array_start = .)
 *(SORT_BY_INIT_PRIORITY(.fini_array.*) SORT_BY_INIT_PRIORITY(.dtors.*))
 *(.fini_array EXCLUDE_FILE(*crtend?.o *crtend.o *crtbegin?.o *crtbegin.o) .dtors)
                [!provide]                        PROVIDE (__fini_array_end = .)

.ctors
 *crtbegin.o(.ctors)
 *crtbegin?.o(.ctors)
 *(EXCLUDE_FILE(*crtend?.o *crtend.o) .ctors)
 *(SORT_BY_NAME(.ctors.*))
 *(.ctors)

.dtors
 *crtbegin.o(.dtors)
 *crtbegin?.o(.dtors)
 *(EXCLUDE_FILE(*crtend?.o *crtend.o) .dtors)
 *(SORT_BY_NAME(.dtors.*))
 *(.dtors)

.dalign         0x0000000020000000        0x0 load address 0x0000000000009824
                0x0000000020000000                . = ALIGN (0x4)
                0x0000000020000000                PROVIDE (_data_vma = .)

.dlalign        0x0000000000009824        0x0
                0x0000000000009824                . = ALIGN (0x4)
                0x0000000000009824                PROVIDE (_data_lma = .)

.data           0x0000000020000000      0x238 load address 0x0000000000009824
 *(.gnu.linkonce.r.*)
 *(.data .data.*)
 .data.currentTime
                0x0000000020000000       0x18 ./code/esp32_concert.o
                0x0000000020000000                currentTime
 .data.AHBPrescTable
                0x0000000020000018       0x10 ./User/system_ch32v30x.o
                0x0000000020000018                AHBPrescTable
 .data.APBAHBPrescTable
                0x0000000020000028       0x10 ./Peripheral/src/ch32v30x_rcc.o
 .data.impure_data
                0x0000000020000038       0x60 d:/mounriver/mounriver_studio2/resources/app/resources/win32/components/wch/toolchain/risc-v embedded gcc/bin/../lib/gcc/riscv-none-embed/8.2.0/../../../../riscv-none-embed/lib/rv32imacxw/ilp32\libg_nano.a(lib_a-impure.o)
 .data.__global_locale
                0x0000000020000098      0x16c d:/mounriver/mounriver_studio2/resources/app/resources/win32/components/wch/toolchain/risc-v embedded gcc/bin/../lib/gcc/riscv-none-embed/8.2.0/../../../../riscv-none-embed/lib/rv32imacxw/ilp32\libg_nano.a(lib_a-locale.o)
                0x0000000020000098                __global_locale
 *(.gnu.linkonce.d.*)
                0x0000000020000208                . = ALIGN (0x8)
 *fill*         0x0000000020000204        0x4 
                0x0000000020000a08                PROVIDE (__global_pointer$ = (. + 0x800))
 *(.sdata .sdata.*)
 .sdata.flag    0x0000000020000208        0x1 ./code/lcd.o
                0x0000000020000208                flag
 *fill*         0x0000000020000209        0x3 
 .sdata.g_time_right
                0x000000002000020c        0x4 ./code/tjc_usart_hmi.o
 .sdata.g_water_rate
                0x0000000020000210        0x4 ./code/water_quality.o
 .sdata.g_flow_normal
                0x0000000020000214        0x4 ./code/water_speed.o
 .sdata.leak_last_alert
                0x0000000020000218        0x4 ./code/water_speed.o
 .sdata.g_tower_temperature
                0x000000002000021c        0x4 ./code/zigbee.o
                0x000000002000021c                g_tower_temperature
 .sdata.SystemCoreClock
                0x0000000020000220        0x4 ./User/system_ch32v30x.o
                0x0000000020000220                SystemCoreClock
 .sdata.ADCPrescTable
                0x0000000020000224        0x4 ./Peripheral/src/ch32v30x_rcc.o
 .sdata.curbrk.5273
                0x0000000020000228        0x4 ./Debug/debug.o
 .sdata._impure_ptr
                0x000000002000022c        0x4 d:/mounriver/mounriver_studio2/resources/app/resources/win32/components/wch/toolchain/risc-v embedded gcc/bin/../lib/gcc/riscv-none-embed/8.2.0/../../../../riscv-none-embed/lib/rv32imacxw/ilp32\libg_nano.a(lib_a-impure.o)
                0x000000002000022c                _impure_ptr
 *(.sdata2.*)
 .sdata2.WQ_SEND_CMD
                0x0000000020000230        0x6 ./code/water_quality.o
 *(.gnu.linkonce.s.*)
                0x0000000020000238                . = ALIGN (0x8)
 *fill*         0x0000000020000236        0x2 
 *(.srodata.cst16)
 *(.srodata.cst8)
 *(.srodata.cst4)
 *(.srodata.cst2)
 *(.srodata .srodata.*)
                0x0000000020000238                . = ALIGN (0x4)
                0x0000000020000238                PROVIDE (_edata = .)

.bss            0x0000000020000238      0x50c load address 0x0000000000009a5c
                0x0000000020000238                . = ALIGN (0x4)
                0x0000000020000238                PROVIDE (_sbss = .)
 *(.sbss*)
 .sbss.time_flag
                0x0000000020000238        0x1 ./code/esp32_concert.o
                0x0000000020000238                time_flag
 *fill*         0x0000000020000239        0x3 
 .sbss.speed_flag
                0x000000002000023c        0x4 ./code/timer.o
                0x000000002000023c                speed_flag
 .sbss.timer_cnt
                0x0000000020000240        0x4 ./code/timer.o
                0x0000000020000240                timer_cnt
 .sbss.USART_Rbuffer_Num
                0x0000000020000244        0x1 ./code/tjc_usart_hmi.o
                0x0000000020000244                USART_Rbuffer_Num
 *fill*         0x0000000020000245        0x3 
 .sbss.g_time_left
                0x0000000020000248        0x4 ./code/tjc_usart_hmi.o
 .sbss.leak_test.5712
                0x000000002000024c        0x1 ./code/tjc_usart_hmi.o
 .sbss.serve_len
                0x000000002000024d        0x1 ./code/tjc_usart_hmi.o
 .sbss.wifi_data_type
                0x000000002000024e        0x1 ./code/tjc_usart_hmi.o
 .sbss.wifi_frame_received
                0x000000002000024f        0x1 ./code/tjc_usart_hmi.o
 .sbss.wifi_pwd_len
                0x0000000020000250        0x1 ./code/tjc_usart_hmi.o
 .sbss.wifi_ssid_len
                0x0000000020000251        0x1 ./code/tjc_usart_hmi.o
 *fill*         0x0000000020000252        0x2 
 .sbss.g_monthly_start_flow
                0x0000000020000254        0x4 ./code/water_quality.o
 .sbss.g_wq_data_ready
                0x0000000020000258        0x1 ./code/water_quality.o
                0x0000000020000258                g_wq_data_ready
 .sbss.rx_in_progress
                0x0000000020000259        0x1 ./code/water_quality.o
 .sbss.rx_index
                0x000000002000025a        0x1 ./code/water_quality.o
 *fill*         0x000000002000025b        0x1 
 .sbss.flow_rate
                0x000000002000025c        0x4 ./code/water_speed.o
                0x000000002000025c                flow_rate
 .sbss.g_leak_alarm_active
                0x0000000020000260        0x1 ./code/water_speed.o
                0x0000000020000260                g_leak_alarm_active
 *fill*         0x0000000020000261        0x3 
 .sbss.idle_start.5664
                0x0000000020000264        0x4 ./code/water_speed.o
 .sbss.last_capture_time
                0x0000000020000268        0x4 ./code/water_speed.o
                0x0000000020000268                last_capture_time
 .sbss.last_check.5663
                0x000000002000026c        0x4 ./code/water_speed.o
 .sbss.last_timer_cnt.5641
                0x0000000020000270        0x4 ./code/water_speed.o
 .sbss.leak_clear_cnt
                0x0000000020000274        0x1 ./code/water_speed.o
 *fill*         0x0000000020000275        0x3 
 .sbss.s_micro_start
                0x0000000020000278        0x4 ./code/water_speed.o
 .sbss.s_micro_timing
                0x000000002000027c        0x1 ./code/water_speed.o
 *fill*         0x000000002000027d        0x3 
 .sbss.s_slow_start
                0x0000000020000280        0x4 ./code/water_speed.o
 .sbss.s_slow_timing
                0x0000000020000284        0x1 ./code/water_speed.o
 *fill*         0x0000000020000285        0x3 
 .sbss.time_interval
                0x0000000020000288        0x4 ./code/water_speed.o
                0x0000000020000288                time_interval
 .sbss.total_flow
                0x000000002000028c        0x4 ./code/water_speed.o
                0x000000002000028c                total_flow
 .sbss.total_pulses
                0x0000000020000290        0x4 ./code/water_speed.o
                0x0000000020000290                total_pulses
 .sbss.water_speedflage
                0x0000000020000294        0x1 ./code/water_speed.o
                0x0000000020000294                water_speedflage
 .sbss.g_tower_data_updated
                0x0000000020000295        0x1 ./code/zigbee.o
                0x0000000020000295                g_tower_data_updated
 *fill*         0x0000000020000296        0x2 
 .sbss.g_tower_humidity
                0x0000000020000298        0x4 ./code/zigbee.o
                0x0000000020000298                g_tower_humidity
 .sbss.g_tower_pump_speed
                0x000000002000029c        0x4 ./code/zigbee.o
                0x000000002000029c                g_tower_pump_speed
 .sbss.g_tower_water_level
                0x00000000200002a0        0x4 ./code/zigbee.o
                0x00000000200002a0                g_tower_water_level
 .sbss.rx_idx   0x00000000200002a4        0x1 ./code/zigbee.o
 *fill*         0x00000000200002a5        0x3 
 .sbss.t1s.5606
                0x00000000200002a8        0x4 ./User/main.o
 .sbss.NVIC_Priority_Group
                0x00000000200002ac        0x4 ./Peripheral/src/ch32v30x_misc.o
                0x00000000200002ac                NVIC_Priority_Group
 .sbss.p_ms     0x00000000200002b0        0x2 ./Debug/debug.o
 .sbss.p_us     0x00000000200002b2        0x1 ./Debug/debug.o
 *fill*         0x00000000200002b3        0x1 
 .sbss.__malloc_free_list
                0x00000000200002b4        0x4 d:/mounriver/mounriver_studio2/resources/app/resources/win32/components/wch/toolchain/risc-v embedded gcc/bin/../lib/gcc/riscv-none-embed/8.2.0/../../../../riscv-none-embed/lib/rv32imacxw/ilp32\libg_nano.a(lib_a-nano-mallocr.o)
                0x00000000200002b4                __malloc_free_list
 .sbss.__malloc_sbrk_start
                0x00000000200002b8        0x4 d:/mounriver/mounriver_studio2/resources/app/resources/win32/components/wch/toolchain/risc-v embedded gcc/bin/../lib/gcc/riscv-none-embed/8.2.0/../../../../riscv-none-embed/lib/rv32imacxw/ilp32\libg_nano.a(lib_a-nano-mallocr.o)
                0x00000000200002b8                __malloc_sbrk_start
 *(.gnu.linkonce.sb.*)
 *(.bss*)
 .bss.uart_rx   0x00000000200002bc       0x44 ./code/esp32_concert.o
                0x00000000200002bc                uart_rx
 .bss.test1     0x0000000020000300       0x64 ./code/timer.o
                0x0000000020000300                test1
 .bss.ringBuffer
                0x0000000020000364      0x1fa ./code/tjc_usart_hmi.o
                0x0000000020000364                ringBuffer
 *fill*         0x000000002000055e        0x2 
 .bss.serve_num
                0x0000000020000560       0x40 ./code/tjc_usart_hmi.o
                0x0000000020000560                serve_num
 .bss.str       0x00000000200005a0       0x24 ./code/tjc_usart_hmi.o
                0x00000000200005a0                str
 .bss.wifi_pwd  0x00000000200005c4       0x40 ./code/tjc_usart_hmi.o
 .bss.wifi_ssid
                0x0000000020000604       0x20 ./code/tjc_usart_hmi.o
 .bss.g_water_quality
                0x0000000020000624        0xe ./code/water_quality.o
                0x0000000020000624                g_water_quality
 *fill*         0x0000000020000632        0x2 
 .bss.rx_buf    0x0000000020000634       0x10 ./code/water_quality.o
 .bss.g_leak    0x0000000020000644       0x18 ./code/water_speed.o
 .bss.test      0x000000002000065c       0x64 ./code/water_speed.o
                0x000000002000065c                test
 .bss.rx_buf    0x00000000200006c0       0x80 ./code/zigbee.o
 *(.gnu.linkonce.b.*)
 *(COMMON*)
 COMMON         0x0000000020000740        0x4 d:/mounriver/mounriver_studio2/resources/app/resources/win32/components/wch/toolchain/risc-v embedded gcc/bin/../lib/gcc/riscv-none-embed/8.2.0/../../../../riscv-none-embed/lib/rv32imacxw/ilp32\libg_nano.a(lib_a-reent.o)
                0x0000000020000740                errno
                0x0000000020000744                . = ALIGN (0x4)
                0x0000000020000744                PROVIDE (_ebss = .)
                0x0000000020000744                PROVIDE (_end = _ebss)
                [!provide]                        PROVIDE (end = .)

.stack          0x0000000020007800      0x800
                0x0000000020007800                PROVIDE (_heap_end = .)
                0x0000000020007800                . = ALIGN (0x4)
                [!provide]                        PROVIDE (_susrstack = .)
                0x0000000020008000                . = (. + __stack_size)
 *fill*         0x0000000020007800      0x800 
                0x0000000020008000                PROVIDE (_eusrstack = .)
OUTPUT(CH32V307VCT.elf elf32-littleriscv)

.debug_info     0x0000000000000000    0x14eb5
 .debug_info    0x0000000000000000     0x1a6a ./code/esp32_concert.o
 .debug_info    0x0000000000001a6a      0xc02 ./code/lcd.o
 .debug_info    0x000000000000266c     0x12bb ./code/timer.o
 .debug_info    0x0000000000003927     0x1fb2 ./code/tjc_usart_hmi.o
 .debug_info    0x00000000000058d9     0x16a5 ./code/water_quality.o
 .debug_info    0x0000000000006f7e     0x1b70 ./code/water_speed.o
 .debug_info    0x0000000000008aee     0x168f ./code/zigbee.o
 .debug_info    0x000000000000a17d      0xbc0 ./User/ch32v30x_it.o
 .debug_info    0x000000000000ad3d     0x10a7 ./User/main.o
 .debug_info    0x000000000000bde4      0xbb5 ./User/system_ch32v30x.o
 .debug_info    0x000000000000c999       0x22 ./Startup/startup_ch32v30x_D8C.o
 .debug_info    0x000000000000c9bb     0x12aa ./Peripheral/src/ch32v30x_gpio.o
 .debug_info    0x000000000000dc65      0xf5b ./Peripheral/src/ch32v30x_misc.o
 .debug_info    0x000000000000ebc0     0x158a ./Peripheral/src/ch32v30x_rcc.o
 .debug_info    0x000000000001014a     0x2a54 ./Peripheral/src/ch32v30x_tim.o
 .debug_info    0x0000000000012b9e     0x13cd ./Peripheral/src/ch32v30x_usart.o
 .debug_info    0x0000000000013f6b      0xf4a ./Debug/debug.o

.debug_abbrev   0x0000000000000000     0x35e3
 .debug_abbrev  0x0000000000000000      0x3e0 ./code/esp32_concert.o
 .debug_abbrev  0x00000000000003e0      0x26d ./code/lcd.o
 .debug_abbrev  0x000000000000064d      0x2dc ./code/timer.o
 .debug_abbrev  0x0000000000000929      0x4bd ./code/tjc_usart_hmi.o
 .debug_abbrev  0x0000000000000de6      0x3f9 ./code/water_quality.o
 .debug_abbrev  0x00000000000011df      0x4b0 ./code/water_speed.o
 .debug_abbrev  0x000000000000168f      0x3f4 ./code/zigbee.o
 .debug_abbrev  0x0000000000001a83      0x22c ./User/ch32v30x_it.o
 .debug_abbrev  0x0000000000001caf      0x317 ./User/main.o
 .debug_abbrev  0x0000000000001fc6      0x2c0 ./User/system_ch32v30x.o
 .debug_abbrev  0x0000000000002286       0x12 ./Startup/startup_ch32v30x_D8C.o
 .debug_abbrev  0x0000000000002298      0x31a ./Peripheral/src/ch32v30x_gpio.o
 .debug_abbrev  0x00000000000025b2      0x2da ./Peripheral/src/ch32v30x_misc.o
 .debug_abbrev  0x000000000000288c      0x351 ./Peripheral/src/ch32v30x_rcc.o
 .debug_abbrev  0x0000000000002bdd      0x3ff ./Peripheral/src/ch32v30x_tim.o
 .debug_abbrev  0x0000000000002fdc      0x312 ./Peripheral/src/ch32v30x_usart.o
 .debug_abbrev  0x00000000000032ee      0x2f5 ./Debug/debug.o

.debug_loc      0x0000000000000000     0x4114
 .debug_loc     0x0000000000000000      0x239 ./code/esp32_concert.o
 .debug_loc     0x0000000000000239       0x42 ./code/timer.o
 .debug_loc     0x000000000000027b      0x481 ./code/tjc_usart_hmi.o
 .debug_loc     0x00000000000006fc       0xd9 ./code/water_quality.o
 .debug_loc     0x00000000000007d5      0x18d ./code/water_speed.o
 .debug_loc     0x0000000000000962      0x241 ./code/zigbee.o
 .debug_loc     0x0000000000000ba3      0x163 ./User/system_ch32v30x.o
 .debug_loc     0x0000000000000d06      0x72b ./Peripheral/src/ch32v30x_gpio.o
 .debug_loc     0x0000000000001431       0x61 ./Peripheral/src/ch32v30x_misc.o
 .debug_loc     0x0000000000001492      0xadb ./Peripheral/src/ch32v30x_rcc.o
 .debug_loc     0x0000000000001f6d     0x18b7 ./Peripheral/src/ch32v30x_tim.o
 .debug_loc     0x0000000000003824      0x779 ./Peripheral/src/ch32v30x_usart.o
 .debug_loc     0x0000000000003f9d      0x177 ./Debug/debug.o

.debug_aranges  0x0000000000000000      0x9c0
 .debug_aranges
                0x0000000000000000       0x88 ./code/esp32_concert.o
 .debug_aranges
                0x0000000000000088       0x28 ./code/lcd.o
 .debug_aranges
                0x00000000000000b0       0x28 ./code/timer.o
 .debug_aranges
                0x00000000000000d8       0x98 ./code/tjc_usart_hmi.o
 .debug_aranges
                0x0000000000000170       0x68 ./code/water_quality.o
 .debug_aranges
                0x00000000000001d8       0x60 ./code/water_speed.o
 .debug_aranges
                0x0000000000000238       0x50 ./code/zigbee.o
 .debug_aranges
                0x0000000000000288       0x28 ./User/ch32v30x_it.o
 .debug_aranges
                0x00000000000002b0       0x28 ./User/main.o
 .debug_aranges
                0x00000000000002d8       0x28 ./User/system_ch32v30x.o
 .debug_aranges
                0x0000000000000300       0x30 ./Startup/startup_ch32v30x_D8C.o
 .debug_aranges
                0x0000000000000330       0xb0 ./Peripheral/src/ch32v30x_gpio.o
 .debug_aranges
                0x00000000000003e0       0x28 ./Peripheral/src/ch32v30x_misc.o
 .debug_aranges
                0x0000000000000408      0x1a8 ./Peripheral/src/ch32v30x_rcc.o
 .debug_aranges
                0x00000000000005b0      0x2d0 ./Peripheral/src/ch32v30x_tim.o
 .debug_aranges
                0x0000000000000880       0xf0 ./Peripheral/src/ch32v30x_usart.o
 .debug_aranges
                0x0000000000000970       0x50 ./Debug/debug.o

.debug_ranges   0x0000000000000000      0xb70
 .debug_ranges  0x0000000000000000       0xa8 ./code/esp32_concert.o
 .debug_ranges  0x00000000000000a8       0x18 ./code/lcd.o
 .debug_ranges  0x00000000000000c0       0x18 ./code/timer.o
 .debug_ranges  0x00000000000000d8      0x1f0 ./code/tjc_usart_hmi.o
 .debug_ranges  0x00000000000002c8       0x70 ./code/water_quality.o
 .debug_ranges  0x0000000000000338       0xa8 ./code/water_speed.o
 .debug_ranges  0x00000000000003e0       0x80 ./code/zigbee.o
 .debug_ranges  0x0000000000000460       0x18 ./User/ch32v30x_it.o
 .debug_ranges  0x0000000000000478       0x50 ./User/main.o
 .debug_ranges  0x00000000000004c8       0x38 ./User/system_ch32v30x.o
 .debug_ranges  0x0000000000000500       0x28 ./Startup/startup_ch32v30x_D8C.o
 .debug_ranges  0x0000000000000528       0xa0 ./Peripheral/src/ch32v30x_gpio.o
 .debug_ranges  0x00000000000005c8       0x30 ./Peripheral/src/ch32v30x_misc.o
 .debug_ranges  0x00000000000005f8      0x198 ./Peripheral/src/ch32v30x_rcc.o
 .debug_ranges  0x0000000000000790      0x2c0 ./Peripheral/src/ch32v30x_tim.o
 .debug_ranges  0x0000000000000a50       0xe0 ./Peripheral/src/ch32v30x_usart.o
 .debug_ranges  0x0000000000000b30       0x40 ./Debug/debug.o

.debug_line     0x0000000000000000     0xe98f
 .debug_line    0x0000000000000000     0x10f2 ./code/esp32_concert.o
 .debug_line    0x00000000000010f2      0x424 ./code/lcd.o
 .debug_line    0x0000000000001516      0x5ca ./code/timer.o
 .debug_line    0x0000000000001ae0     0x171f ./code/tjc_usart_hmi.o
 .debug_line    0x00000000000031ff      0xca8 ./code/water_quality.o
 .debug_line    0x0000000000003ea7     0x10df ./code/water_speed.o
 .debug_line    0x0000000000004f86      0xa1b ./code/zigbee.o
 .debug_line    0x00000000000059a1      0x322 ./User/ch32v30x_it.o
 .debug_line    0x0000000000005cc3      0x814 ./User/main.o
 .debug_line    0x00000000000064d7      0x967 ./User/system_ch32v30x.o
 .debug_line    0x0000000000006e3e      0x122 ./Startup/startup_ch32v30x_D8C.o
 .debug_line    0x0000000000006f60     0x12d0 ./Peripheral/src/ch32v30x_gpio.o
 .debug_line    0x0000000000008230      0x44e ./Peripheral/src/ch32v30x_misc.o
 .debug_line    0x000000000000867e     0x1a02 ./Peripheral/src/ch32v30x_rcc.o
 .debug_line    0x000000000000a080     0x31e8 ./Peripheral/src/ch32v30x_tim.o
 .debug_line    0x000000000000d268      0xf6f ./Peripheral/src/ch32v30x_usart.o
 .debug_line    0x000000000000e1d7      0x7b8 ./Debug/debug.o

.debug_str      0x0000000000000000     0x32dd
 .debug_str     0x0000000000000000     0x116f ./code/esp32_concert.o
                                       0x1245 (size before relaxing)
 .debug_str     0x000000000000116f       0x3a ./code/lcd.o
                                        0x765 (size before relaxing)
 .debug_str     0x00000000000011a9      0x21d ./code/timer.o
                                        0xfa8 (size before relaxing)
 .debug_str     0x00000000000013c6      0x2b7 ./code/tjc_usart_hmi.o
                                       0x1354 (size before relaxing)
 .debug_str     0x000000000000167d       0xd4 ./code/water_quality.o
                                       0x112d (size before relaxing)
 .debug_str     0x0000000000001751      0x350 ./code/water_speed.o
                                       0x1474 (size before relaxing)
 .debug_str     0x0000000000001aa1       0xb1 ./code/zigbee.o
                                       0x10f4 (size before relaxing)
 .debug_str     0x0000000000001b52       0x9c ./User/ch32v30x_it.o
                                        0x68c (size before relaxing)
 .debug_str     0x0000000000001bee       0x96 ./User/main.o
                                        0xa16 (size before relaxing)
 .debug_str     0x0000000000001c84      0x109 ./User/system_ch32v30x.o
                                        0x6f1 (size before relaxing)
 .debug_str     0x0000000000001d8d       0x2e ./Startup/startup_ch32v30x_D8C.o
                                         0x61 (size before relaxing)
 .debug_str     0x0000000000001dbb      0x248 ./Peripheral/src/ch32v30x_gpio.o
                                        0x9b7 (size before relaxing)
 .debug_str     0x0000000000002003       0x9c ./Peripheral/src/ch32v30x_misc.o
                                        0xcc0 (size before relaxing)
 .debug_str     0x000000000000209f      0x5ab ./Peripheral/src/ch32v30x_rcc.o
                                        0xce6 (size before relaxing)
 .debug_str     0x000000000000264a      0x93d ./Peripheral/src/ch32v30x_tim.o
                                       0x1295 (size before relaxing)
 .debug_str     0x0000000000002f87      0x2d9 ./Peripheral/src/ch32v30x_usart.o
                                        0xb01 (size before relaxing)
 .debug_str     0x0000000000003260       0x7d ./Debug/debug.o
                                        0x928 (size before relaxing)

.comment        0x0000000000000000       0x33
 .comment       0x0000000000000000       0x33 ./code/esp32_concert.o
                                         0x34 (size before relaxing)
 .comment       0x0000000000000033       0x34 ./code/lcd.o
 .comment       0x0000000000000033       0x34 ./code/timer.o
 .comment       0x0000000000000033       0x34 ./code/tjc_usart_hmi.o
 .comment       0x0000000000000033       0x34 ./code/water_quality.o
 .comment       0x0000000000000033       0x34 ./code/water_speed.o