Archive member included to satisfy reference by file (symbol)

d:/mounriver/mounriver_studio2/resources/app/resources/win32/components/wch/toolchain/risc-v embedded gcc/bin/../lib/gcc/riscv-none-embed/8.2.0/../../../../riscv-none-embed/lib/rv32imacxw/ilp32\libprintfloat.a(printfloat.o)
                              ./code/zigbee.o (snprintf)
d:/mounriver/mounriver_studio2/resources/app/resources/win32/components/wch/toolchain/risc-v embedded gcc/bin/../lib/gcc/riscv-none-embed/8.2.0/rv32imacxw/ilp32\libgcc.a(_udivdi3.o)
                              d:/mounriver/mounriver_studio2/resources/app/resources/win32/components/wch/toolchain/risc-v embedded gcc/bin/../lib/gcc/riscv-none-embed/8.2.0/../../../../riscv-none-embed/lib/rv32imacxw/ilp32\libprintfloat.a(printfloat.o) (__udivdi3)
d:/mounriver/mounriver_studio2/resources/app/resources/win32/components/wch/toolchain/risc-v embedded gcc/bin/../lib/gcc/riscv-none-embed/8.2.0/rv32imacxw/ilp32\libgcc.a(_umoddi3.o)
                              d:/mounriver/mounriver_studio2/resources/app/resources/win32/components/wch/toolchain/risc-v embedded gcc/bin/../lib/gcc/riscv-none-embed/8.2.0/../../../../riscv-none-embed/lib/rv32imacxw/ilp32\libprintfloat.a(printfloat.o) (__umoddi3)
d:/mounriver/mounriver_studio2/resources/app/resources/win32/components/wch/toolchain/risc-v embedded gcc/bin/../lib/gcc/riscv-none-embed/8.2.0/rv32imacxw/ilp32\libgcc.a(ledf2.o)
                              d:/mounriver/mounriver_studio2/resources/app/resources/win32/components/wch/toolchain/risc-v embedded gcc/bin/../lib/gcc/riscv-none-embed/8.2.0/../../../../riscv-none-embed/lib/rv32imacxw/ilp32\libprintfloat.a(printfloat.o) (__ltdf2)
d:/mounriver/mounriver_studio2/resources/app/resources/win32/components/wch/toolchain/risc-v embedded gcc/bin/../lib/gcc/riscv-none-embed/8.2.0/rv32imacxw/ilp32\libgcc.a(muldf3.o)
                              d:/mounriver/mounriver_studio2/resources/app/resources/win32/components/wch/toolchain/risc-v embedded gcc/bin/../lib/gcc/riscv-none-embed/8.2.0/../../../../riscv-none-embed/lib/rv32imacxw/ilp32\libprintfloat.a(printfloat.o) (__muldf3)
d:/mounriver/mounriver_studio2/resources/app/resources/win32/components/wch/toolchain/risc-v embedded gcc/bin/../lib/gcc/riscv-none-embed/8.2.0/rv32imacxw/ilp32\libgcc.a(subdf3.o)
                              d:/mounriver/mounriver_studio2/resources/app/resources/win32/components/wch/toolchain/risc-v embedded gcc/bin/../lib/gcc/riscv-none-embed/8.2.0/../../../../riscv-none-embed/lib/rv32imacxw/ilp32\libprintfloat.a(printfloat.o) (__subdf3)
d:/mounriver/mounriver_studio2/resources/app/resources/win32/components/wch/toolchain/risc-v embedded gcc/bin/../lib/gcc/riscv-none-embed/8.2.0/rv32imacxw/ilp32\libgcc.a(fixdfdi.o)
                              d:/mounriver/mounriver_studio2/resources/app/resources/win32/components/wch/toolchain/risc-v embedded gcc/bin/../lib/gcc/riscv-none-embed/8.2.0/../../../../riscv-none-embed/lib/rv32imacxw/ilp32\libprintfloat.a(printfloat.o) (__fixdfdi)
d:/mounriver/mounriver_studio2/resources/app/resources/win32/components/wch/toolchain/risc-v embedded gcc/bin/../lib/gcc/riscv-none-embed/8.2.0/rv32imacxw/ilp32\libgcc.a(floatdidf.o)
                              d:/mounriver/mounriver_studio2/resources/app/resources/win32/components/wch/toolchain/risc-v embedded gcc/bin/../lib/gcc/riscv-none-embed/8.2.0/../../../../riscv-none-embed/lib/rv32imacxw/ilp32\libprintfloat.a(printfloat.o) (__floatdidf)
d:/mounriver/mounriver_studio2/resources/app/resources/win32/components/wch/toolchain/risc-v embedded gcc/bin/../lib/gcc/riscv-none-embed/8.2.0/rv32imacxw/ilp32\libgcc.a(addsf3.o)
                              ./code/hc_sr04.o (__addsf3)
d:/mounriver/mounriver_studio2/resources/app/resources/win32/components/wch/toolchain/risc-v embedded gcc/bin/../lib/gcc/riscv-none-embed/8.2.0/rv32imacxw/ilp32\libgcc.a(divsf3.o)
                              ./code/adc_going.o (__divsf3)
d:/mounriver/mounriver_studio2/resources/app/resources/win32/components/wch/toolchain/risc-v embedded gcc/bin/../lib/gcc/riscv-none-embed/8.2.0/rv32imacxw/ilp32\libgcc.a(gesf2.o)
                              ./code/hc_sr04.o (__gtsf2)
d:/mounriver/mounriver_studio2/resources/app/resources/win32/components/wch/toolchain/risc-v embedded gcc/bin/../lib/gcc/riscv-none-embed/8.2.0/rv32imacxw/ilp32\libgcc.a(lesf2.o)
                              ./code/hc_sr04.o (__ltsf2)
d:/mounriver/mounriver_studio2/resources/app/resources/win32/components/wch/toolchain/risc-v embedded gcc/bin/../lib/gcc/riscv-none-embed/8.2.0/rv32imacxw/ilp32\libgcc.a(mulsf3.o)
                              ./code/MYI2C.o (__mulsf3)
d:/mounriver/mounriver_studio2/resources/app/resources/win32/components/wch/toolchain/risc-v embedded gcc/bin/../lib/gcc/riscv-none-embed/8.2.0/rv32imacxw/ilp32\libgcc.a(subsf3.o)
                              ./code/MYI2C.o (__subsf3)
[...]
Memory Configuration

Name             Origin             Length             Attributes
FLASH            0x0000000000000000 0x0000000000048000 xr
RAM              0x0000000020000000 0x0000000000008000 xrw
*default*        0x0000000000000000 0xffffffffffffffff

Linker script and memory map

LOAD ./code/JLNU_OLED.o
LOAD ./code/MYI2C.o
LOAD ./code/adc_going.o
LOAD ./code/aht20.o
LOAD ./code/encoder.o
LOAD ./code/hc_sr04.o
LOAD ./code/humidity.o
LOAD ./code/pump_ctrl.o
LOAD ./code/temperature.o
LOAD ./code/timer.o
LOAD ./code/zigbee.o
LOAD ./User/ch32v30x_it.o
LOAD ./User/main.o
LOAD ./User/system_ch32v30x.o
LOAD ./Startup/startup_ch32v30x_D8C.o
LOAD ./Peripheral/src/ch32v30x_adc.o
LOAD ./Peripheral/src/ch32v30x_bkp.o
LOAD ./Peripheral/src/ch32v30x_can.o
LOAD ./Peripheral/src/ch32v30x_crc.o
LOAD ./Peripheral/src/ch32v30x_dac.o
LOAD ./Peripheral/src/ch32v30x_dbgmcu.o
LOAD ./Peripheral/src/ch32v30x_dma.o
LOAD ./Peripheral/src/ch32v30x_dvp.o
LOAD ./Peripheral/src/ch32v30x_eth.o
LOAD ./Peripheral/src/ch32v30x_exti.o
LOAD ./Peripheral/src/ch32v30x_flash.o
LOAD ./Peripheral/src/ch32v30x_fsmc.o
LOAD ./Peripheral/src/ch32v30x_gpio.o
LOAD ./Peripheral/src/ch32v30x_i2c.o
LOAD ./Peripheral/src/ch32v30x_iwdg.o
LOAD ./Peripheral/src/ch32v30x_misc.o
LOAD ./Peripheral/src/ch32v30x_opa.o
LOAD ./Peripheral/src/ch32v30x_pwr.o
LOAD ./Peripheral/src/ch32v30x_rcc.o
LOAD ./Peripheral/src/ch32v30x_rng.o
LOAD ./Peripheral/src/ch32v30x_rtc.o
LOAD ./Peripheral/src/ch32v30x_sdio.o
LOAD ./Peripheral/src/ch32v30x_spi.o
LOAD ./Peripheral/src/ch32v30x_tim.o
LOAD ./Peripheral/src/ch32v30x_usart.o
LOAD ./Peripheral/src/ch32v30x_wwdg.o
LOAD ./Debug/debug.o
LOAD ./Core/core_riscv.o
LOAD d:/mounriver/mounriver_studio2/resources/app/resources/win32/components/wch/toolchain/risc-v embedded gcc/bin/../lib/gcc/riscv-none-embed/8.2.0/../../../../riscv-none-embed/lib/rv32imacxw/ilp32\libm.a
LOAD d:/mounriver/mounriver_studio2/resources/app/resources/win32/components/wch/toolchain/risc-v embedded gcc/bin/../lib/gcc/riscv-none-embed/8.2.0/../../../../riscv-none-embed/lib/rv32imacxw/ilp32\libprintfloat.a
LOAD d:/mounriver/mounriver_studio2/resources/app/resources/win32/components/wch/toolchain/risc-v embedded gcc/bin/../lib/gcc/riscv-none-embed/8.2.0/rv32imacxw/ilp32\libgcc.a
LOAD d:/mounriver/mounriver_studio2/resources/app/resources/win32/components/wch/toolchain/risc-v embedded gcc/bin/../lib/gcc/riscv-none-embed/8.2.0/../../../../riscv-none-embed/lib/rv32imacxw/ilp32\libg_nano.a
LOAD d:/mounriver/mounriver_studio2/resources/app/resources/win32/components/wch/toolchain/risc-v embedded gcc/bin/../lib/gcc/riscv-none-embed/8.2.0/../../../../riscv-none-embed/lib/rv32imacxw/ilp32\libc_nano.a
LOAD d:/mounriver/mounriver_studio2/resources/app/resources/win32/components/wch/toolchain/risc-v embedded gcc/bin/../lib/gcc/riscv-none-embed/8.2.0/rv32imacxw/ilp32\libgcc.a
START GROUP
LOAD d:/mounriver/mounriver_studio2/resources/app/resources/win32/components/wch/toolchain/risc-v embedded gcc/bin/../lib/gcc/riscv-none-embed/8.2.0/rv32imacxw/ilp32\libgcc.a
LOAD d:/mounriver/mounriver_studio2/resources/app/resources/win32/components/wch/toolchain/risc-v embedded gcc/bin/../lib/gcc/riscv-none-embed/8.2.0/../../../../riscv-none-embed/lib/rv32imacxw/ilp32\libc_nano.a
LOAD d:/mounriver/mounriver_studio2/resources/app/resources/win32/components/wch/toolchain/risc-v embedded gcc/bin/../lib/gcc/riscv-none-embed/8.2.0/../../../../riscv-none-embed/lib/rv32imacxw/ilp32\libnosys.a
END GROUP
START GROUP
LOAD d:/mounriver/mounriver_studio2/resources/app/resources/win32/components/wch/toolchain/risc-v embedded gcc/bin/../lib/gcc/riscv-none-embed/8.2.0/rv32imacxw/ilp32\libgcc.a
LOAD d:/mounriver/mounriver_studio2/resources/app/resources/win32/components/wch/toolchain/risc-v embedded gcc/bin/../lib/gcc/riscv-none-embed/8.2.0/../../../../riscv-none-embed/lib/rv32imacxw/ilp32\libc_nano.a
LOAD d:/mounriver/mounriver_studio2/resources/app/resources/win32/components/wch/toolchain/risc-v embedded gcc/bin/../lib/gcc/riscv-none-embed/8.2.0/../../../../riscv-none-embed/lib/rv32imacxw/ilp32\libnosys.a
END GROUP
                0x0000000000000800                __stack_size = 0x800
                [!provide]                        PROVIDE (_stack_size = __stack_size)

.init           0x0000000000000000        0x4
                0x0000000000000000                _sinit = .
                0x0000000000000000                . = ALIGN (0x4)
 *(SORT_NONE(.init))
 .init          0x0000000000000000        0x4 ./Startup/startup_ch32v30x_D8C.o
                0x0000000000000000                _start
                0x0000000000000004                . = ALIGN (0x4)
                0x0000000000000004                _einit = .

.vector         0x0000000000000004      0x1bc
 *(.vector)
 .vector        0x0000000000000004      0x1a0 ./Startup/startup_ch32v30x_D8C.o
                0x00000000000001c0                . = ALIGN (0x40)
 *fill*         0x00000000000001a4       0x1c 

.text           0x00000000000001c0     0x592c
                0x00000000000001c0                . = ALIGN (0x4)
 *(.text)
 .text          0x00000000000001c0       0x60 d:/mounriver/mounriver_studio2/resources/app/resources/win32/components/wch/toolchain/risc-v embedded gcc/bin/../lib/gcc/riscv-none-embed/8.2.0/rv32imacxw/ilp32\libgcc.a(save-restore.o)
                0x00000000000001c0                __riscv_save_12
                0x00000000000001c8                __riscv_save_9
                0x00000000000001c8                __riscv_save_11
                0x00000000000001c8                __riscv_save_10
                0x00000000000001c8                __riscv_save_8
                0x00000000000001d6                __riscv_save_4
                0x00000000000001d6                __riscv_save_6
                0x00000000000001d6                __riscv_save_5
                0x00000000000001d6                __riscv_save_7
                0x00000000000001f0                __riscv_save_3
                0x00000000000001f0                __riscv_save_2
                0x00000000000001f0                __riscv_save_1
                0x00000000000001f0                __riscv_save_0
                0x00000000000001fc                __riscv_restore_12
                0x0000000000000200                __riscv_restore_11
                0x0000000000000200                __riscv_restore_9
                0x0000000000000200                __riscv_restore_10
                0x0000000000000200                __riscv_restore_8
                0x000000000000020a                __riscv_restore_5
                0x000000000000020a                __riscv_restore_7
                0x000000000000020a                __riscv_restore_6
                0x000000000000020a                __riscv_restore_4
                0x0000000000000214                __riscv_restore_3
                0x0000000000000214                __riscv_restore_0
                0x0000000000000214                __riscv_restore_2
                0x0000000000000214                __riscv_restore_1
 *(.text.*)
 .text.I2C_SendByte
                0x0000000000000220       0x5a ./code/JLNU_OLED.o
 .text.I2C_WaitAck
                0x000000000000027a       0x4a ./code/JLNU_OLED.o
 .text.I2C_WriteByte
                0x00000000000002c4       0x8e ./code/JLNU_OLED.o
 .text.OLED_I2C_Init
                0x0000000000000352       0x40 ./code/JLNU_OLED.o
                0x0000000000000352                OLED_I2C_Init
 .text.OLED_WriteCmd
                0x0000000000000392        0xc ./code/JLNU_OLED.o
                0x0000000000000392                OLED_WriteCmd
 .text.OLED_WriteData
                0x000000000000039e        0xe ./code/JLNU_OLED.o
                0x000000000000039e                OLED_WriteData
 .text.OLED_Init
                0x00000000000003ac       0xaa ./code/JLNU_OLED.o
                0x00000000000003ac                OLED_Init
 .text.OLED_SetPos
                0x0000000000000456       0x26 ./code/JLNU_OLED.o
                0x0000000000000456                OLED_SetPos
 .text.OLED_Clear
                0x000000000000047c       0x34 ./code/JLNU_OLED.o
                0x000000000000047c                OLED_Clear
 .text.OLED_ShowStr
                0x00000000000004b0       0xdc ./code/JLNU_OLED.o
                0x00000000000004b0                OLED_ShowStr
 .text.SDA_SetOutput
                0x000000000000058c       0x24 ./code/MYI2C.o
 .text.SDA_SetInput
                0x00000000000005b0       0x26 ./code/MYI2C.o
 .text.MYI2C_IIC_Start
                0x00000000000005d6       0x4a ./code/MYI2C.o
 .text.MYI2C_Write_IIC_Byte
                0x0000000000000620       0x5a ./code/MYI2C.o
 .text.MYI2C_IIC_Stop
                0x000000000000067a       0x44 ./code/MYI2C.o
 .text.MYI2C_IIC_Wait_Ack.constprop.4
                0x00000000000006be       0x5e ./code/MYI2C.o
 .text.CheckCrc8
                0x000000000000071c       0x44 ./code/MYI2C.o
                0x000000000000071c                CheckCrc8
 .text.MYI2C_Init
                0x0000000000000760       0x62 ./code/MYI2C.o
                0x0000000000000760                MYI2C_Init
 .text.MYI2C_Handle
                0x00000000000007c2      0x20e ./code/MYI2C.o
                0x00000000000007c2                MYI2C_Handle
 .text.AHT20_Init
                0x00000000000009d0       0x16 ./code/aht20.o
                0x00000000000009d0                AHT20_Init
 .text.AHT20_Task
                0x00000000000009e6        0xe ./code/aht20.o
                0x00000000000009e6                AHT20_Task
 .text.AHT20_GetTemperature
                0x00000000000009f4        0x6 ./code/aht20.o
                0x00000000000009f4                AHT20_GetTemperature
 .text.AHT20_GetHumidity
                0x00000000000009fa        0x6 ./code/aht20.o
                0x00000000000009fa                AHT20_GetHumidity
 .text.Encoder_Init
                0x0000000000000a00       0x70 ./code/encoder.o
                0x0000000000000a00                Encoder_Init
 .text.Encoder_GetSpeed
                0x0000000000000a70       0x26 ./code/encoder.o
                0x0000000000000a70                Encoder_GetSpeed
 .text.EXTI9_5_IRQHandler
                0x0000000000000a96       0x6c ./code/encoder.o
                0x0000000000000a96                EXTI9_5_IRQHandler
 .text.HC_SR04_Init
                0x0000000000000b02       0xa8 ./code/hc_sr04.o
                0x0000000000000b02                HC_SR04_Init
 .text.HC_SR04_GetDistance_cm
                0x0000000000000baa      0x194 ./code/hc_sr04.o
                0x0000000000000baa                HC_SR04_GetDistance_cm
 .text.TIM4_IRQHandler
                0x0000000000000d3e       0x34 ./code/hc_sr04.o
                0x0000000000000d3e                TIM4_IRQHandler
 .text.Humidity_GetPercent
                0x0000000000000d72        0xc ./code/humidity.o
                0x0000000000000d72                Humidity_GetPercent
 .text.Pump_Init
                0x0000000000000d7e      0x10a ./code/pump_ctrl.o
                0x0000000000000d7e                Pump_Init
 .text.Pump_SetSpeed
                0x0000000000000e88       0x3a ./code/pump_ctrl.o
                0x0000000000000e88                Pump_SetSpeed
 .text.Pump_Start
                0x0000000000000ec2       0x2c ./code/pump_ctrl.o
                0x0000000000000ec2                Pump_Start
 .text.Pump_Stop
                0x0000000000000eee       0x28 ./code/pump_ctrl.o
                0x0000000000000eee                Pump_Stop
 .text.Pump_GetSpeed
                0x0000000000000f16        0x6 ./code/pump_ctrl.o
                0x0000000000000f16                Pump_GetSpeed
 .text.Temperature_GetCelsius
                0x0000000000000f1c        0xc ./code/temperature.o
                0x0000000000000f1c                Temperature_GetCelsius
 .text.TIM2_Init
                0x0000000000000f28       0x5c ./code/timer.o
                0x0000000000000f28                TIM2_Init
 .text.TIM2_IRQHandler
                0x0000000000000f84       0x24 ./code/timer.o
                0x0000000000000f84                TIM2_IRQHandler
 .text.Zigbee_Init
                0x0000000000000fa8       0xa8 ./code/zigbee.o
                0x0000000000000fa8                Zigbee_Init
 .text.Zigbee_SendString
                0x0000000000001050       0x32 ./code/zigbee.o
                0x0000000000001050                Zigbee_SendString
 .text.Zigbee_SendSensorData
                0x0000000000001082       0x5a ./code/zigbee.o
                0x0000000000001082                Zigbee_SendSensorData
 .text.Zigbee_ParseCommand
                0x00000000000010dc       0x9c ./code/zigbee.o
                0x00000000000010dc                Zigbee_ParseCommand
 .text.UART4_IRQHandler
                0x0000000000001178       0x7c ./code/zigbee.o
                0x0000000000001178                UART4_IRQHandler
 .text.NMI_Handler
                0x00000000000011f4        0x2 ./User/ch32v30x_it.o
                0x00000000000011f4                NMI_Handler
 .text.HardFault_Handler
                0x00000000000011f6       0x10 ./User/ch32v30x_it.o
                0x00000000000011f6                HardFault_Handler
 .text.startup.main
                0x0000000000001206      0x1e2 ./User/main.o
                0x0000000000001206                main
 .text.SystemInit
                0x00000000000013e8       0xfa ./User/system_ch32v30x.o
                0x00000000000013e8                SystemInit
 .text.SystemCoreClockUpdate
                0x00000000000014e2      0x12a ./User/system_ch32v30x.o
                0x00000000000014e2                SystemCoreClockUpdate
 .text.vector_handler
                0x000000000000160c        0x2 ./Startup/startup_ch32v30x_D8C.o
                0x000000000000160c                EXTI2_IRQHandler
                0x000000000000160c                TIM8_TRG_COM_IRQHandler
                0x000000000000160c                TIM8_CC_IRQHandler
                0x000000000000160c                UART8_IRQHandler
                0x000000000000160c                TIM1_CC_IRQHandler
                0x000000000000160c                TIM6_IRQHandler
                0x000000000000160c                SysTick_Handler
                0x000000000000160c                PVD_IRQHandler
                0x000000000000160c                SDIO_IRQHandler
                0x000000000000160c                TIM9_BRK_IRQHandler
                0x000000000000160c                DMA2_Channel8_IRQHandler
                0x000000000000160c                CAN2_RX1_IRQHandler
                0x000000000000160c                EXTI3_IRQHandler
                0x000000000000160c                USBHS_IRQHandler
                0x000000000000160c                DMA2_Channel9_IRQHandler
                0x000000000000160c                TIM10_CC_IRQHandler
                0x000000000000160c                USBFS_IRQHandler
                0x000000000000160c                EXTI0_IRQHandler
                0x000000000000160c                I2C2_EV_IRQHandler
                0x000000000000160c                TIM10_TRG_COM_IRQHandler
                0x000000000000160c                CAN2_SCE_IRQHandler
                0x000000000000160c                ADC1_2_IRQHandler
                0x000000000000160c                Break_Point_Handler
                0x000000000000160c                SPI1_IRQHandler
                0x000000000000160c                TAMPER_IRQHandler
                0x000000000000160c                CAN2_RX0_IRQHandler
                0x000000000000160c                TIM8_UP_IRQHandler
                0x000000000000160c                Ecall_M_Mode_Handler
                0x000000000000160c                DMA2_Channel2_IRQHandler
                0x000000000000160c                DMA1_Channel4_IRQHandler
                0x000000000000160c                TIM9_UP_IRQHandler
                0x000000000000160c                USART3_IRQHandler
                0x000000000000160c                RTC_IRQHandler
                0x000000000000160c                DMA1_Channel7_IRQHandler
                0x000000000000160c                CAN1_RX1_IRQHandler
                0x000000000000160c                DVP_IRQHandler
                0x000000000000160c                UART5_IRQHandler
                0x000000000000160c                DMA2_Channel1_IRQHandler
                0x000000000000160c                I2C1_EV_IRQHandler
                0x000000000000160c                DMA1_Channel6_IRQHandler
                0x000000000000160c                DMA2_Channel4_IRQHandler
                0x000000000000160c                TIM3_IRQHandler
                0x000000000000160c                RCC_IRQHandler
                0x000000000000160c                TIM1_TRG_COM_IRQHandler
                0x000000000000160c                DMA1_Channel1_IRQHandler
                0x000000000000160c                DMA2_Channel7_IRQHandler
                0x000000000000160c                EXTI15_10_IRQHandler
                0x000000000000160c                TIM7_IRQHandler
                0x000000000000160c                CAN2_TX_IRQHandler
                0x000000000000160c                TIM5_IRQHandler
                0x000000000000160c                ETH_WKUP_IRQHandler
                0x000000000000160c                SPI2_IRQHandler
                0x000000000000160c                TIM10_BRK_IRQHandler
                0x000000000000160c                TIM9_CC_IRQHandler
                0x000000000000160c                DMA2_Channel5_IRQHandler
                0x000000000000160c                DMA1_Channel5_IRQHandler
                0x000000000000160c                EXTI4_IRQHandler
                0x000000000000160c                USB_LP_CAN1_RX0_IRQHandler
                0x000000000000160c                RNG_IRQHandler
                0x000000000000160c                USB_HP_CAN1_TX_IRQHandler
                0x000000000000160c                DMA1_Channel3_IRQHandler
                0x000000000000160c                ETH_IRQHandler
                0x000000000000160c                TIM1_UP_IRQHandler
                0x000000000000160c                WWDG_IRQHandler
                0x000000000000160c                USBHSWakeup_IRQHandler
                0x000000000000160c                DMA2_Channel11_IRQHandler
                0x000000000000160c                Ecall_U_Mode_Handler
                0x000000000000160c                DMA2_Channel6_IRQHandler
                0x000000000000160c                SW_Handler
                0x000000000000160c                TIM1_BRK_IRQHandler
                0x000000000000160c                DMA2_Channel10_IRQHandler
                0x000000000000160c                EXTI1_IRQHandler
                0x000000000000160c                RTCAlarm_IRQHandler
                0x000000000000160c                TIM10_UP_IRQHandler
                0x000000000000160c                TIM9_TRG_COM_IRQHandler
                0x000000000000160c                UART7_IRQHandler
                0x000000000000160c                USART2_IRQHandler
                0x000000000000160c                UART6_IRQHandler
                0x000000000000160c                I2C2_ER_IRQHandler
                0x000000000000160c                DMA1_Channel2_IRQHandler
                0x000000000000160c                TIM8_BRK_IRQHandler
                0x000000000000160c                CAN1_SCE_IRQHandler
                0x000000000000160c                FLASH_IRQHandler
                0x000000000000160c                USART1_IRQHandler
                0x000000000000160c                SPI3_IRQHandler
                0x000000000000160c                I2C1_ER_IRQHandler
                0x000000000000160c                USBWakeUp_IRQHandler
                0x000000000000160c                DMA2_Channel3_IRQHandler
 .text.handle_reset
                0x000000000000160e       0x8a ./Startup/startup_ch32v30x_D8C.o
                0x000000000000160e                handle_reset
 .text.EXTI_Init
                0x0000000000001698       0x6a ./Peripheral/src/ch32v30x_exti.o
                0x0000000000001698                EXTI_Init
 .text.EXTI_GetITStatus
                0x0000000000001702       0x1e ./Peripheral/src/ch32v30x_exti.o
                0x0000000000001702                EXTI_GetITStatus
 .text.EXTI_ClearITPendingBit
                0x0000000000001720        0xa ./Peripheral/src/ch32v30x_exti.o
                0x0000000000001720                EXTI_ClearITPendingBit
 .text.GPIO_Init
                0x000000000000172a       0xc0 ./Peripheral/src/ch32v30x_gpio.o
                0x000000000000172a                GPIO_Init
 .text.GPIO_ReadInputDataBit
                0x00000000000017ea        0xa ./Peripheral/src/ch32v30x_gpio.o
                0x00000000000017ea                GPIO_ReadInputDataBit
 .text.GPIO_SetBits
                0x00000000000017f4        0x4 ./Peripheral/src/ch32v30x_gpio.o
                0x00000000000017f4                GPIO_SetBits
 .text.GPIO_ResetBits
                0x00000000000017f8        0x4 ./Peripheral/src/ch32v30x_gpio.o
                0x00000000000017f8                GPIO_ResetBits
 .text.GPIO_EXTILineConfig
                0x00000000000017fc       0x2c ./Peripheral/src/ch32v30x_gpio.o
                0x00000000000017fc                GPIO_EXTILineConfig
 .text.NVIC_PriorityGroupConfig
                0x0000000000001828        0x6 ./Peripheral/src/ch32v30x_misc.o
                0x0000000000001828                NVIC_PriorityGroupConfig
 .text.NVIC_Init
                0x000000000000182e       0x5c ./Peripheral/src/ch32v30x_misc.o
                0x000000000000182e                NVIC_Init
 .text.RCC_GetClocksFreq
                0x000000000000188a      0x176 ./Peripheral/src/ch32v30x_rcc.o
                0x000000000000188a                RCC_GetClocksFreq
 .text.RCC_APB2PeriphClockCmd
                0x0000000000001a00       0x1e ./Peripheral/src/ch32v30x_rcc.o
                0x0000000000001a00                RCC_APB2PeriphClockCmd
 .text.RCC_APB1PeriphClockCmd
                0x0000000000001a1e       0x1e ./Peripheral/src/ch32v30x_rcc.o
                0x0000000000001a1e                RCC_APB1PeriphClockCmd
 .text.TIM_TimeBaseInit
                0x0000000000001a3c       0xee ./Peripheral/src/ch32v30x_tim.o
                0x0000000000001a3c                TIM_TimeBaseInit
 .text.TIM_OC3Init
                0x0000000000001b2a       0xac ./Peripheral/src/ch32v30x_tim.o
                0x0000000000001b2a                TIM_OC3Init
 .text.TIM_Cmd  0x0000000000001bd6       0x18 ./Peripheral/src/ch32v30x_tim.o
                0x0000000000001bd6                TIM_Cmd
 .text.TIM_CtrlPWMOutputs
                0x0000000000001bee       0x16 ./Peripheral/src/ch32v30x_tim.o
                0x0000000000001bee                TIM_CtrlPWMOutputs
 .text.TIM_ITConfig
                0x0000000000001c04       0x12 ./Peripheral/src/ch32v30x_tim.o
                0x0000000000001c04                TIM_ITConfig
 .text.TIM_ARRPreloadConfig
                0x0000000000001c16       0x1a ./Peripheral/src/ch32v30x_tim.o
                0x0000000000001c16                TIM_ARRPreloadConfig
 .text.TIM_OC3PreloadConfig
                0x0000000000001c30        0xe ./Peripheral/src/ch32v30x_tim.o
                0x0000000000001c30                TIM_OC3PreloadConfig
 .text.TIM_SetCounter
                0x0000000000001c3e        0x4 ./Peripheral/src/ch32v30x_tim.o
                0x0000000000001c3e                TIM_SetCounter
 .text.TIM_SetCompare3
                0x0000000000001c42        0x4 ./Peripheral/src/ch32v30x_tim.o
                0x0000000000001c42                TIM_SetCompare3
 .text.TIM_GetCounter
                0x0000000000001c46        0x4 ./Peripheral/src/ch32v30x_tim.o
                0x0000000000001c46                TIM_GetCounter
 .text.TIM_GetITStatus
                0x0000000000001c4a       0x18 ./Peripheral/src/ch32v30x_tim.o
                0x0000000000001c4a                TIM_GetITStatus
 .text.TIM_ClearITPendingBit
                0x0000000000001c62        0xc ./Peripheral/src/ch32v30x_tim.o
                0x0000000000001c62                TIM_ClearITPendingBit
 .text.USART_Init
                0x0000000000001c6e       0x90 ./Peripheral/src/ch32v30x_usart.o
                0x0000000000001c6e                USART_Init
 .text.USART_Cmd
                0x0000000000001cfe       0x16 ./Peripheral/src/ch32v30x_usart.o
                0x0000000000001cfe                USART_Cmd
 .text.USART_ITConfig
                0x0000000000001d14       0x36 ./Peripheral/src/ch32v30x_usart.o
                0x0000000000001d14                USART_ITConfig
 .text.USART_SendData
                0x0000000000001d4a        0x8 ./Peripheral/src/ch32v30x_usart.o
                0x0000000000001d4a                USART_SendData
 .text.USART_ReceiveData
                0x0000000000001d52        0x8 ./Peripheral/src/ch32v30x_usart.o
                0x0000000000001d52                USART_ReceiveData
 .text.USART_GetFlagStatus
                0x0000000000001d5a        0xa ./Peripheral/src/ch32v30x_usart.o
                0x0000000000001d5a                USART_GetFlagStatus
 .text.USART_GetITStatus
                0x0000000000001d64       0x3c ./Peripheral/src/ch32v30x_usart.o
                0x0000000000001d64                USART_GetITStatus
 .text.USART_ClearITPendingBit
                0x0000000000001da0       0x14 ./Peripheral/src/ch32v30x_usart.o
                0x0000000000001da0                USART_ClearITPendingBit
 .text.Delay_Init
                0x0000000000001db4       0x2a ./Debug/debug.o
                0x0000000000001db4                Delay_Init
 .text.Delay_Us
                0x0000000000001dde       0x36 ./Debug/debug.o
                0x0000000000001dde                Delay_Us
 .text.Delay_Ms
                0x0000000000001e14       0x36 ./Debug/debug.o
                0x0000000000001e14                Delay_Ms
 .text.USART_Printf_Init
                0x0000000000001e4a       0x62 ./Debug/debug.o
                0x0000000000001e4a                USART_Printf_Init
 .text._write   0x0000000000001eac       0x3e ./Debug/debug.o
                0x0000000000001eac                _write
 .text.printchar
                0x0000000000001eea       0x48 d:/mounriver/mounriver_studio2/resources/app/resources/win32/components/wch/toolchain/risc-v embedded gcc/bin/../lib/gcc/riscv-none-embed/8.2.0/../../../../riscv-none-embed/lib/rv32imacxw/ilp32\libprintfloat.a(printfloat.o)
                0x0000000000001eea                printchar
 .text.prints   0x0000000000001f32       0xde d:/mounriver/mounriver_studio2/resources/app/resources/win32/components/wch/toolchain/risc-v embedded gcc/bin/../lib/gcc/riscv-none-embed/8.2.0/../../../../riscv-none-embed/lib/rv32imacxw/ilp32\libprintfloat.a(printfloat.o)
                0x0000000000001f32                prints
 .text.printInt
                0x0000000000002010       0xf2 d:/mounriver/mounriver_studio2/resources/app/resources/win32/components/wch/toolchain/risc-v embedded gcc/bin/../lib/gcc/riscv-none-embed/8.2.0/../../../../riscv-none-embed/lib/rv32imacxw/ilp32\libprintfloat.a(printfloat.o)
                0x0000000000002010                printInt
 .text.printLongLongInt
                0x0000000000002102      0x120 d:/mounriver/mounriver_studio2/resources/app/resources/win32/components/wch/toolchain/risc-v embedded gcc/bin/../lib/gcc/riscv-none-embed/8.2.0/../../../../riscv-none-embed/lib/rv32imacxw/ilp32\libprintfloat.a(printfloat.o)
                0x0000000000002102                printLongLongInt
 .text.printDouble
                0x0000000000002222      0x100 d:/mounriver/mounriver_studio2/resources/app/resources/win32/components/wch/toolchain/risc-v embedded gcc/bin/../lib/gcc/riscv-none-embed/8.2.0/../../../../riscv-none-embed/lib/rv32imacxw/ilp32\libprintfloat.a(printfloat.o)
                0x0000000000002222                printDouble
 .text.print    0x0000000000002322      0x358 d:/mounriver/mounriver_studio2/resources/app/resources/win32/components/wch/toolchain/risc-v embedded gcc/bin/../lib/gcc/riscv-none-embed/8.2.0/../../../../riscv-none-embed/lib/rv32imacxw/ilp32\libprintfloat.a(printfloat.o)
                0x0000000000002322                print
 .text.snprintf
                0x000000000000267a       0x2a d:/mounriver/mounriver_studio2/resources/app/resources/win32/components/wch/toolchain/risc-v embedded gcc/bin/../lib/gcc/riscv-none-embed/8.2.0/../../../../riscv-none-embed/lib/rv32imacxw/ilp32\libprintfloat.a(printfloat.o)
                0x000000000000267a                snprintf
 .text.puts     0x00000000000026a4       0x4a d:/mounriver/mounriver_studio2/resources/app/resources/win32/components/wch/toolchain/risc-v embedded gcc/bin/../lib/gcc/riscv-none-embed/8.2.0/../../../../riscv-none-embed/lib/rv32imacxw/ilp32\libprintfloat.a(printfloat.o)
                0x00000000000026a4                puts
 .text.__udivdi3
                0x00000000000026ee      0x392 d:/mounriver/mounriver_studio2/resources/app/resources/win32/components/wch/toolchain/risc-v embedded gcc/bin/../lib/gcc/riscv-none-embed/8.2.0/rv32imacxw/ilp32\libgcc.a(_udivdi3.o)
                0x00000000000026ee                __udivdi3
 .text.__umoddi3
                0x0000000000002a80      0x38a d:/mounriver/mounriver_studio2/resources/app/resources/win32/components/wch/toolchain/risc-v embedded gcc/bin/../lib/gcc/riscv-none-embed/8.2.0/rv32imacxw/ilp32\libgcc.a(_umoddi3.o)
                0x0000000000002a80                __umoddi3
 .text.__ledf2  0x0000000000002e0a       0xb6 d:/mounriver/mounriver_studio2/resources/app/resources/win32/components/wch/toolchain/risc-v embedded gcc/bin/../lib/gcc/riscv-none-embed/8.2.0/rv32imacxw/ilp32\libgcc.a(ledf2.o)
                0x0000000000002e0a                __ledf2
                0x0000000000002e0a                __ltdf2
 .text.__muldf3
                0x0000000000002ec0      0x4b8 d:/mounriver/mounriver_studio2/resources/app/resources/win32/components/wch/toolchain/risc-v embedded gcc/bin/../lib/gcc/riscv-none-embed/8.2.0/rv32imacxw/ilp32\libgcc.a(muldf3.o)
                0x0000000000002ec0                __muldf3
 .text.__subdf3
                0x0000000000003378      0x73e d:/mounriver/mounriver_studio2/resources/app/resources/win32/components/wch/toolchain/risc-v embedded gcc/bin/../lib/gcc/riscv-none-embed/8.2.0/rv32imacxw/ilp32\libgcc.a(subdf3.o)
                0x0000000000003378                __subdf3
 .text.__fixdfdi
                0x0000000000003ab6       0xbc d:/mounriver/mounriver_studio2/resources/app/resources/win32/components/wch/toolchain/risc-v embedded gcc/bin/../lib/gcc/riscv-none-embed/8.2.0/rv32imacxw/ilp32\libgcc.a(fixdfdi.o)
                0x0000000000003ab6                __fixdfdi
 .text.__floatdidf
                0x0000000000003b72      0x1b6 d:/mounriver/mounriver_studio2/resources/app/resources/win32/components/wch/toolchain/risc-v embedded gcc/bin/../lib/gcc/riscv-none-embed/8.2.0/rv32imacxw/ilp32\libgcc.a(floatdidf.o)
                0x0000000000003b72                __floatdidf
 .text.__addsf3
                0x0000000000003d28      0x36a d:/mounriver/mounriver_studio2/resources/app/resources/win32/components/wch/toolchain/risc-v embedded gcc/bin/../lib/gcc/riscv-none-embed/8.2.0/rv32imacxw/ilp32\libgcc.a(addsf3.o)
                0x0000000000003d28                __addsf3
 .text.__divsf3
                0x0000000000004092      0x2b2 d:/mounriver/mounriver_studio2/resources/app/resources/win32/components/wch/toolchain/risc-v embedded gcc/bin/../lib/gcc/riscv-none-embed/8.2.0/rv32imacxw/ilp32\libgcc.a(divsf3.o)
                0x0000000000004092                __divsf3
 .text.__gesf2  0x0000000000004344       0x86 d:/mounriver/mounriver_studio2/resources/app/resources/win32/components/wch/toolchain/risc-v embedded gcc/bin/../lib/gcc/riscv-none-embed/8.2.0/rv32imacxw/ilp32\libgcc.a(gesf2.o)
                0x0000000000004344                __gesf2
                0x0000000000004344                __gtsf2
 .text.__lesf2  0x00000000000043ca       0x8c d:/mounriver/mounriver_studio2/resources/app/resources/win32/components/wch/toolchain/risc-v embedded gcc/bin/../lib/gcc/riscv-none-embed/8.2.0/rv32imacxw/ilp32\libgcc.a(lesf2.o)
                0x00000000000043ca                __ltsf2
                0x00000000000043ca                __lesf2
 .text.__mulsf3
                0x0000000000004456      0x290 d:/mounriver/mounriver_studio2/resources/app/resources/win32/components/wch/toolchain/risc-v embedded gcc/bin/../lib/gcc/riscv-none-embed/8.2.0/rv32imacxw/ilp32\libgcc.a(mulsf3.o)
                0x0000000000004456                __mulsf3
 .text.__subsf3
                0x00000000000046e6      0x388 d:/mounriver/mounriver_studio2/resources/app/resources/win32/components/wch/toolchain/risc-v embedded gcc/bin/../lib/gcc/riscv-none-embed/8.2.0/rv32imacxw/ilp32\libgcc.a(subsf3.o)
                0x00000000000046e6                __subsf3
 .text.__floatsisf
                0x0000000000004a6e       0xc6 d:/mounriver/mounriver_studio2/resources/app/resources/win32/components/wch/toolchain/risc-v embedded gcc/bin/../lib/gcc/riscv-none-embed/8.2.0/rv32imacxw/ilp32\libgcc.a(floatsisf.o)
                0x0000000000004a6e                __floatsisf
 .text.__floatunsisf
                0x0000000000004b34       0xce d:/mounriver/mounriver_studio2/resources/app/resources/win32/components/wch/toolchain/risc-v embedded gcc/bin/../lib/gcc/riscv-none-embed/8.2.0/rv32imacxw/ilp32\libgcc.a(floatunsisf.o)
                0x0000000000004b34                __floatunsisf
 .text.__extendsfdf2
                0x0000000000004c02       0xac d:/mounriver/mounriver_studio2/resources/app/resources/win32/components/wch/toolchain/risc-v embedded gcc/bin/../lib/gcc/riscv-none-embed/8.2.0/rv32imacxw/ilp32\libgcc.a(extendsfdf2.o)
                0x0000000000004c02                __extendsfdf2
 .text.__clzsi2
                0x0000000000004cae       0x6e d:/mounriver/mounriver_studio2/resources/app/resources/win32/components/wch/toolchain/risc-v embedded gcc/bin/../lib/gcc/riscv-none-embed/8.2.0/rv32imacxw/ilp32\libgcc.a(_clzsi2.o)
                0x0000000000004cae                __clzsi2
 .text.atoi     0x0000000000004d1c        0x6 d:/mounriver/mounriver_studio2/resources/app/resources/win32/components/wch/toolchain/risc-v embedded gcc/bin/../lib/gcc/riscv-none-embed/8.2.0/../../../../riscv-none-embed/lib/rv32imacxw/ilp32\libg_nano.a(lib_a-atoi.o)
                0x0000000000004d1c                atoi
 .text.strncmp  0x0000000000004d22       0x28 d:/mounriver/mounriver_studio2/resources/app/resources/win32/components/wch/toolchain/risc-v embedded gcc/bin/../lib/gcc/riscv-none-embed/8.2.0/../../../../riscv-none-embed/lib/rv32imacxw/ilp32\libg_nano.a(lib_a-strncmp.o)
                0x0000000000004d22                strncmp
 .text._strtol_l.isra.0
                0x0000000000004d4a      0x138 d:/mounriver/mounriver_studio2/resources/app/resources/win32/components/wch/toolchain/risc-v embedded gcc/bin/../lib/gcc/riscv-none-embed/8.2.0/../../../../riscv-none-embed/lib/rv32imacxw/ilp32\libg_nano.a(lib_a-strtol.o)
 .text.strtol   0x0000000000004e82       0x1e d:/mounriver/mounriver_studio2/resources/app/resources/win32/components/wch/toolchain/risc-v embedded gcc/bin/../lib/gcc/riscv-none-embed/8.2.0/../../../../riscv-none-embed/lib/rv32imacxw/ilp32\libg_nano.a(lib_a-strtol.o)
                0x0000000000004e82                strtol
 .text.__locale_ctype_ptr_l
                0x0000000000004ea0        0x6 d:/mounriver/mounriver_studio2/resources/app/resources/win32/components/wch/toolchain/risc-v embedded gcc/bin/../lib/gcc/riscv-none-embed/8.2.0/../../../../riscv-none-embed/lib/rv32imacxw/ilp32\libg_nano.a(lib_a-locale.o)
                0x0000000000004ea0                __locale_ctype_ptr_l
 .text.__ascii_mbtowc
                0x0000000000004ea6       0x32 d:/mounriver/mounriver_studio2/resources/app/resources/win32/components/wch/toolchain/risc-v embedded gcc/bin/../lib/gcc/riscv-none-embed/8.2.0/../../../../riscv-none-embed/lib/rv32imacxw/ilp32\libg_nano.a(lib_a-mbtowc_r.o)
                0x0000000000004ea6                __ascii_mbtowc
 .text.__ascii_wctomb
                0x0000000000004ed8       0x1e d:/mounriver/mounriver_studio2/resources/app/resources/win32/components/wch/toolchain/risc-v embedded gcc/bin/../lib/gcc/riscv-none-embed/8.2.0/../../../../riscv-none-embed/lib/rv32imacxw/ilp32\libg_nano.a(lib_a-wctomb_r.o)
                0x0000000000004ed8                __ascii_wctomb
 *(.rodata)
 *(.rodata*)
 *fill*         0x0000000000004ef6        0x2 
 .rodata.Ch6x8  0x0000000000004ef8      0x228 ./code/JLNU_OLED.o
                0x0000000000004ef8                Ch6x8
 .rodata.Ch8x16
                0x0000000000005120      0x5f0 ./code/JLNU_OLED.o
                0x0000000000005120                Ch8x16
 .rodata.MYI2C_Handle.cst4
                0x0000000000005710       0x10 ./code/MYI2C.o
 .rodata.HC_SR04_GetDistance_cm.cst4
                0x0000000000005720       0x10 ./code/hc_sr04.o
 .rodata.Zigbee_ParseCommand.str1.4
                0x0000000000005730       0x16 ./code/zigbee.o
 *fill*         0x0000000000005746        0x2 
 .rodata.Zigbee_SendSensorData.str1.4
                0x0000000000005748       0x1b ./code/zigbee.o
 *fill*         0x0000000000005763        0x1 
 .rodata.main.cst4
                0x0000000000005764        0x4 ./User/main.o
 .rodata.main.str1.4
                0x0000000000005768       0x67 ./User/main.o
 *fill*         0x00000000000057cf        0x1 
 .rodata.print.str1.4
                0x00000000000057d0        0x7 d:/mounriver/mounriver_studio2/resources/app/resources/win32/components/wch/toolchain/risc-v embedded gcc/bin/../lib/gcc/riscv-none-embed/8.2.0/../../../../riscv-none-embed/lib/rv32imacxw/ilp32\libprintfloat.a(printfloat.o)
 *fill*         0x00000000000057d7        0x1 
 .rodata.__muldf3
                0x00000000000057d8       0x40 d:/mounriver/mounriver_studio2/resources/app/resources/win32/components/wch/toolchain/risc-v embedded gcc/bin/../lib/gcc/riscv-none-embed/8.2.0/rv32imacxw/ilp32\libgcc.a(muldf3.o)
 .rodata.__divsf3
                0x0000000000005818       0x80 d:/mounriver/mounriver_studio2/resources/app/resources/win32/components/wch/toolchain/risc-v embedded gcc/bin/../lib/gcc/riscv-none-embed/8.2.0/rv32imacxw/ilp32\libgcc.a(divsf3.o)
 .rodata.__mulsf3
                0x0000000000005898       0x40 d:/mounriver/mounriver_studio2/resources/app/resources/win32/components/wch/toolchain/risc-v embedded gcc/bin/../lib/gcc/riscv-none-embed/8.2.0/rv32imacxw/ilp32\libgcc.a(mulsf3.o)
 .rodata.__clz_tab
                0x00000000000058d8      0x100 d:/mounriver/mounriver_studio2/resources/app/resources/win32/components/wch/toolchain/risc-v embedded gcc/bin/../lib/gcc/riscv-none-embed/8.2.0/rv32imacxw/ilp32\libgcc.a(_clz.o)
                0x00000000000058d8                __clz_tab
 .rodata._setlocale_r.str1.4
                0x00000000000059d8        0xa d:/mounriver/mounriver_studio2/resources/app/resources/win32/components/wch/toolchain/risc-v embedded gcc/bin/../lib/gcc/riscv-none-embed/8.2.0/../../../../riscv-none-embed/lib/rv32imacxw/ilp32\libg_nano.a(lib_a-locale.o)
                                          0xd (size before relaxing)
 *fill*         0x00000000000059e2        0x2 
 .rodata.str1.4
                0x00000000000059e4        0x4 d:/mounriver/mounriver_studio2/resources/app/resources/win32/components/wch/toolchain/risc-v embedded gcc/bin/../lib/gcc/riscv-none-embed/8.2.0/../../../../riscv-none-embed/lib/rv32imacxw/ilp32\libg_nano.a(lib_a-locale.o)
                                          0x2 (size before relaxing)
 .rodata._ctype_
                0x00000000000059e8      0x101 d:/mounriver/mounriver_studio2/resources/app/resources/win32/components/wch/toolchain/risc-v embedded gcc/bin/../lib/gcc/riscv-none-embed/8.2.0/../../../../riscv-none-embed/lib/rv32imacxw/ilp32\libg_nano.a(lib_a-ctype_.o)
                0x00000000000059e8                _ctype_
 *(.gnu.linkonce.t.*)
                0x0000000000005aec                . = ALIGN (0x4)
 *fill*         0x0000000000005ae9        0x3 

.rela.dyn       0x0000000000005aec        0x0
 .rela.text.startup.main
                0x0000000000005aec        0x0 ./code/JLNU_OLED.o
 .rela.init     0x0000000000005aec        0x0 ./code/JLNU_OLED.o
 .rela.vector   0x0000000000005aec        0x0 ./code/JLNU_OLED.o
 .rela.text.handle_reset
                0x0000000000005aec        0x0 ./code/JLNU_OLED.o
 .rela.text.prints
                0x0000000000005aec        0x0 ./code/JLNU_OLED.o
 .rela.text.printInt
                0x0000000000005aec        0x0 ./code/JLNU_OLED.o
 .rela.text.printLongLongInt
                0x0000000000005aec        0x0 ./code/JLNU_OLED.o
 .rela.text.printDouble
                0x0000000000005aec        0x0 ./code/JLNU_OLED.o
 .rela.text.print
                0x0000000000005aec        0x0 ./code/JLNU_OLED.o
 .rela.text.snprintf
                0x0000000000005aec        0x0 ./code/JLNU_OLED.o
 .rela.data.impure_data
                0x0000000000005aec        0x0 ./code/JLNU_OLED.o

.fini           0x0000000000005aec        0x0
 *(SORT_NONE(.fini))
                0x0000000000005aec                . = ALIGN (0x4)
                [!provide]                        PROVIDE (_etext = .)
                [!provide]                        PROVIDE (_eitcm = .)

.preinit_array  0x0000000000005aec        0x0
                [!provide]                        PROVIDE (__preinit_array_start = .)
 *(.preinit_array)
                [!provide]                        PROVIDE (__preinit_array_end = .)

.init_array     0x0000000000005aec        0x0
                [!provide]                        PROVIDE (__init_array_start = .)
 *(SORT_BY_INIT_PRIORITY(.init_array.*) SORT_BY_INIT_PRIORITY(.ctors.*))
 *(.init_array EXCLUDE_FILE(*crtend?.o *crtend.o *crtbegin?.o *crtbegin.o) .ctors)
                [!provide]                        PROVIDE (__init_array_end = .)

.fini_array     0x0000000000005aec        0x0
                [!provide]                        PROVIDE (__fini_array_start = .)
 *(SORT_BY_INIT_PRIORITY(.fini_array.*) SORT_BY_INIT_PRIORITY(.dtors.*))
 *(.fini_array EXCLUDE_FILE(*crtend?.o *crtend.o *crtbegin?.o *crtbegin.o) .dtors)
                [!provide]                        PROVIDE (__fini_array_end = .)

.ctors
 *crtbegin.o(.ctors)
 *crtbegin?.o(.ctors)
 *(EXCLUDE_FILE(*crtend?.o *crtend.o) .ctors)
 *(SORT_BY_NAME(.ctors.*))
 *(.ctors)

.dtors
 *crtbegin.o(.dtors)
 *crtbegin?.o(.dtors)
 *(EXCLUDE_FILE(*crtend?.o *crtend.o) .dtors)
 *(SORT_BY_NAME(.dtors.*))
 *(.dtors)

.dalign         0x0000000020000000        0x0 load address 0x0000000000005aec
                0x0000000020000000                . = ALIGN (0x4)
                0x0000000020000000                PROVIDE (_data_vma = .)

.dlalign        0x0000000000005aec        0x0
                0x0000000000005aec                . = ALIGN (0x4)
                0x0000000000005aec                PROVIDE (_data_lma = .)

.data           0x0000000020000000      0x200 load address 0x0000000000005aec
 *(.gnu.linkonce.r.*)
 *(.data .data.*)
 .data.AHBPrescTable
                0x0000000020000000       0x10 ./User/system_ch32v30x.o
                0x0000000020000000                AHBPrescTable
 .data.APBAHBPrescTable
                0x0000000020000010       0x10 ./Peripheral/src/ch32v30x_rcc.o
 .data.impure_data
                0x0000000020000020       0x60 d:/mounriver/mounriver_studio2/resources/app/resources/win32/components/wch/toolchain/risc-v embedded gcc/bin/../lib/gcc/riscv-none-embed/8.2.0/../../../../riscv-none-embed/lib/rv32imacxw/ilp32\libg_nano.a(lib_a-impure.o)
 .data.__global_locale
                0x0000000020000080      0x16c d:/mounriver/mounriver_studio2/resources/app/resources/win32/components/wch/toolchain/risc-v embedded gcc/bin/../lib/gcc/riscv-none-embed/8.2.0/../../../../riscv-none-embed/lib/rv32imacxw/ilp32\libg_nano.a(lib_a-locale.o)
                0x0000000020000080                __global_locale
 *(.gnu.linkonce.d.*)
                0x00000000200001f0                . = ALIGN (0x8)
 *fill*         0x00000000200001ec        0x4 
                0x00000000200009f0                PROVIDE (__global_pointer$ = (. + 0x800))
 *(.sdata .sdata.*)
 .sdata.g_enc_count
                0x00000000200001f0        0x4 ./code/encoder.o
 .sdata.SystemCoreClock
                0x00000000200001f4        0x4 ./User/system_ch32v30x.o
                0x00000000200001f4                SystemCoreClock
 .sdata.ADCPrescTable
                0x00000000200001f8        0x4 ./Peripheral/src/ch32v30x_rcc.o
 .sdata._impure_ptr
                0x00000000200001fc        0x4 d:/mounriver/mounriver_studio2/resources/app/resources/win32/components/wch/toolchain/risc-v embedded gcc/bin/../lib/gcc/riscv-none-embed/8.2.0/../../../../riscv-none-embed/lib/rv32imacxw/ilp32\libg_nano.a(lib_a-impure.o)
                0x00000000200001fc                _impure_ptr
 *(.sdata2.*)
 *(.gnu.linkonce.s.*)
                0x0000000020000200                . = ALIGN (0x8)
 *(.srodata.cst16)
 *(.srodata.cst8)
 *(.srodata.cst4)
 *(.srodata.cst2)
 *(.srodata .srodata.*)
                0x0000000020000200                . = ALIGN (0x4)
                0x0000000020000200                PROVIDE (_edata = .)

.bss            0x0000000020000200       0xe8 load address 0x0000000000005cec
                0x0000000020000200                . = ALIGN (0x4)
                0x0000000020000200                PROVIDE (_sbss = .)
 *(.sbss*)
 .sbss.last_t.5972
                0x0000000020000200        0x4 ./code/encoder.o
 .sbss.msHcCount
                0x0000000020000204        0x2 ./code/hc_sr04.o
 .sbss.g_pump_speed
                0x0000000020000206        0x1 ./code/pump_ctrl.o
 *fill*         0x0000000020000207        0x1 
 .sbss.timer_cnt
                0x0000000020000208        0x4 ./code/timer.o
                0x0000000020000208                timer_cnt
 .sbss.g_zigbee_rx_ready
                0x000000002000020c        0x1 ./code/zigbee.o
                0x000000002000020c                g_zigbee_rx_ready
 .sbss.rx_idx   0x000000002000020d        0x1 ./code/zigbee.o
 *fill*         0x000000002000020e        0x2 
 .sbss.g_zigbee_level
                0x0000000020000210        0x4 ./User/main.o
                0x0000000020000210                g_zigbee_level
 .sbss.last_oled.5960
                0x0000000020000214        0x4 ./User/main.o
 .sbss.last_sr.5957
                0x0000000020000218        0x4 ./User/main.o
 .sbss.last_zig.5965
                0x000000002000021c        0x4 ./User/main.o
 .sbss.NVIC_Priority_Group
                0x0000000020000220        0x4 ./Peripheral/src/ch32v30x_misc.o
                0x0000000020000220                NVIC_Priority_Group
 .sbss.p_ms     0x0000000020000224        0x2 ./Debug/debug.o
 .sbss.p_us     0x0000000020000226        0x1 ./Debug/debug.o
 *(.gnu.linkonce.sb.*)
 *(.bss*)
 *fill*         0x0000000020000227        0x1 
 .bss.aht20_dev
                0x0000000020000228       0x40 ./code/aht20.o
 .bss.g_zigbee_rx_buf
                0x0000000020000268       0x80 ./code/zigbee.o
                0x0000000020000268                g_zigbee_rx_buf
 *(.gnu.linkonce.b.*)
 *(COMMON*)
                0x00000000200002e8                . = ALIGN (0x4)
                0x00000000200002e8                PROVIDE (_ebss = .)
                0x00000000200002e8                PROVIDE (_end = _ebss)
                [!provide]                        PROVIDE (end = .)

.stack          0x0000000020007800      0x800
                0x0000000020007800                PROVIDE (_heap_end = .)
                0x0000000020007800                . = ALIGN (0x4)
                [!provide]                        PROVIDE (_susrstack = .)
                0x0000000020008000                . = (. + __stack_size)
 *fill*         0x0000000020007800      0x800 
                0x0000000020008000                PROVIDE (_eusrstack = .)
OUTPUT(CH32V307VCT.elf elf32-littleriscv)

.debug_info     0x0000000000000000    0x16935
 .debug_info    0x0000000000000000     0x1716 ./code/JLNU_OLED.o
 .debug_info    0x0000000000001716     0x17db ./code/MYI2C.o
 .debug_info    0x0000000000002ef1      0xb38 ./code/aht20.o
 .debug_info    0x0000000000003a29     0x114b ./code/encoder.o
 .debug_info    0x0000000000004b74     0x168d ./code/hc_sr04.o
 .debug_info    0x0000000000006201      0xac3 ./code/humidity.o
 .debug_info    0x0000000000006cc4     0x12f3 ./code/pump_ctrl.o
 .debug_info    0x0000000000007fb7      0xac3 ./code/temperature.o
 .debug_info    0x0000000000008a7a     0x1194 ./code/timer.o
 .debug_info    0x0000000000009c0e     0x1504 ./code/zigbee.o
 .debug_info    0x000000000000b112      0xbc0 ./User/ch32v30x_it.o
 .debug_info    0x000000000000bcd2      0xf60 ./User/main.o
 .debug_info    0x000000000000cc32      0xbb5 ./User/system_ch32v30x.o
 .debug_info    0x000000000000d7e7       0x22 ./Startup/startup_ch32v30x_D8C.o
 .debug_info    0x000000000000d809      0xc0d ./Peripheral/src/ch32v30x_exti.o
 .debug_info    0x000000000000e416     0x12aa ./Peripheral/src/ch32v30x_gpio.o
 .debug_info    0x000000000000f6c0      0xf5b ./Peripheral/src/ch32v30x_misc.o
 .debug_info    0x000000000001061b     0x158a ./Peripheral/src/ch32v30x_rcc.o
 .debug_info    0x0000000000011ba5     0x2a54 ./Peripheral/src/ch32v30x_tim.o
 .debug_info    0x00000000000145f9     0x13cd ./Peripheral/src/ch32v30x_usart.o
 .debug_info    0x00000000000159c6      0xf6f ./Debug/debug.o

.debug_abbrev   0x0000000000000000     0x3bd3
 .debug_abbrev  0x0000000000000000      0x3dd ./code/JLNU_OLED.o
 .debug_abbrev  0x00000000000003dd      0x415 ./code/MYI2C.o
 .debug_abbrev  0x00000000000007f2      0x237 ./code/aht20.o
 .debug_abbrev  0x0000000000000a29      0x2ee ./code/encoder.o
 .debug_abbrev  0x0000000000000d17      0x390 ./code/hc_sr04.o
 .debug_abbrev  0x00000000000010a7      0x21a ./code/humidity.o
 .debug_abbrev  0x00000000000012c1      0x2fa ./code/pump_ctrl.o
 .debug_abbrev  0x00000000000015bb      0x21a ./code/temperature.o
 .debug_abbrev  0x00000000000017d5      0x2ad ./code/timer.o
 .debug_abbrev  0x0000000000001a82      0x366 ./code/zigbee.o
 .debug_abbrev  0x0000000000001de8      0x22c ./User/ch32v30x_it.o
 .debug_abbrev  0x0000000000002014      0x2c8 ./User/main.o
 .debug_abbrev  0x00000000000022dc      0x2c0 ./User/system_ch32v30x.o
 .debug_abbrev  0x000000000000259c       0x12 ./Startup/startup_ch32v30x_D8C.o
 .debug_abbrev  0x00000000000025ae      0x2da ./Peripheral/src/ch32v30x_exti.o
 .debug_abbrev  0x0000000000002888      0x31a ./Peripheral/src/ch32v30x_gpio.o
 .debug_abbrev  0x0000000000002ba2      0x2da ./Peripheral/src/ch32v30x_misc.o
 .debug_abbrev  0x0000000000002e7c      0x351 ./Peripheral/src/ch32v30x_rcc.o
 .debug_abbrev  0x00000000000031cd      0x3ff ./Peripheral/src/ch32v30x_tim.o
 .debug_abbrev  0x00000000000035cc      0x312 ./Peripheral/src/ch32v30x_usart.o
 .debug_abbrev  0x00000000000038de      0x2f5 ./Debug/debug.o

.debug_loc      0x0000000000000000     0x48df
 .debug_loc     0x0000000000000000      0x59d ./code/JLNU_OLED.o
 .debug_loc     0x000000000000059d      0x6a0 ./code/MYI2C.o
 .debug_loc     0x0000000000000c3d       0x4f ./code/encoder.o
 .debug_loc     0x0000000000000c8c      0x29f ./code/hc_sr04.o
 .debug_loc     0x0000000000000f2b       0x53 ./code/pump_ctrl.o
 .debug_loc     0x0000000000000f7e       0x42 ./code/timer.o
 .debug_loc     0x0000000000000fc0      0x128 ./code/zigbee.o
 .debug_loc     0x00000000000010e8      0x105 ./User/main.o
 .debug_loc     0x00000000000011ed      0x163 ./User/system_ch32v30x.o
 .debug_loc     0x0000000000001350      0x181 ./Peripheral/src/ch32v30x_exti.o
 .debug_loc     0x00000000000014d1      0x72b ./Peripheral/src/ch32v30x_gpio.o
 .debug_loc     0x0000000000001bfc       0x61 ./Peripheral/src/ch32v30x_misc.o
 .debug_loc     0x0000000000001c5d      0xadb ./Peripheral/src/ch32v30x_rcc.o
 .debug_loc     0x0000000000002738     0x18b7 ./Peripheral/src/ch32v30x_tim.o
 .debug_loc     0x0000000000003fef      0x779 ./Peripheral/src/ch32v30x_usart.o
 .debug_loc     0x0000000000004768      0x177 ./Debug/debug.o

.debug_aranges  0x0000000000000000      0xa18
 .debug_aranges
                0x0000000000000000       0x88 ./code/JLNU_OLED.o
 .debug_aranges
                0x0000000000000088       0x68 ./code/MYI2C.o
 .debug_aranges
                0x00000000000000f0       0x38 ./code/aht20.o
 .debug_aranges
                0x0000000000000128       0x40 ./code/encoder.o
 .debug_aranges
                0x0000000000000168       0x38 ./code/hc_sr04.o
 .debug_aranges
                0x00000000000001a0       0x28 ./code/humidity.o
 .debug_aranges
                0x00000000000001c8       0x40 ./code/pump_ctrl.o
 .debug_aranges
                0x0000000000000208       0x28 ./code/temperature.o
 .debug_aranges
                0x0000000000000230       0x28 ./code/timer.o
 .debug_aranges
                0x0000000000000258       0x40 ./code/zigbee.o
 .debug_aranges
                0x0000000000000298       0x28 ./User/ch32v30x_it.o
 .debug_aranges
                0x00000000000002c0       0x20 ./User/main.o
 .debug_aranges
                0x00000000000002e0       0x28 ./User/system_ch32v30x.o
 .debug_aranges
                0x0000000000000308       0x30 ./Startup/startup_ch32v30x_D8C.o
 .debug_aranges
                0x0000000000000338       0x50 ./Peripheral/src/ch32v30x_exti.o
 .debug_aranges
                0x0000000000000388       0xb0 ./Peripheral/src/ch32v30x_gpio.o
 .debug_aranges
                0x0000000000000438       0x28 ./Peripheral/src/ch32v30x_misc.o
 .debug_aranges
                0x0000000000000460      0x1a8 ./Peripheral/src/ch32v30x_rcc.o
 .debug_aranges
                0x0000000000000608      0x2d0 ./Peripheral/src/ch32v30x_tim.o
 .debug_aranges
                0x00000000000008d8       0xf0 ./Peripheral/src/ch32v30x_usart.o
 .debug_aranges
                0x00000000000009c8       0x50 ./Debug/debug.o

.debug_ranges   0x0000000000000000      0xbe8
 .debug_ranges  0x0000000000000000       0xa8 ./code/JLNU_OLED.o
 .debug_ranges  0x00000000000000a8      0x140 ./code/MYI2C.o
 .debug_ranges  0x00000000000001e8       0x28 ./code/aht20.o
 .debug_ranges  0x0000000000000210       0x60 ./code/encoder.o
 .debug_ranges  0x0000000000000270       0xc0 ./code/hc_sr04.o
 .debug_ranges  0x0000000000000330       0x18 ./code/humidity.o
 .debug_ranges  0x0000000000000348       0x50 ./code/pump_ctrl.o
 .debug_ranges  0x0000000000000398       0x18 ./code/temperature.o
 .debug_ranges  0x00000000000003b0       0x18 ./code/timer.o
 .debug_ranges  0x00000000000003c8       0x88 ./code/zigbee.o
 .debug_ranges  0x0000000000000450       0x18 ./User/ch32v30x_it.o
 .debug_ranges  0x0000000000000468       0x98 ./User/main.o
 .debug_ranges  0x0000000000000500       0x38 ./User/system_ch32v30x.o
 .debug_ranges  0x0000000000000538       0x28 ./Startup/startup_ch32v30x_D8C.o
 .debug_ranges  0x0000000000000560       0x40 ./Peripheral/src/ch32v30x_exti.o
 .debug_ranges  0x00000000000005a0       0xa0 ./Peripheral/src/ch32v30x_gpio.o
 .debug_ranges  0x0000000000000640       0x30 ./Peripheral/src/ch32v30x_misc.o
 .debug_ranges  0x0000000000000670      0x198 ./Peripheral/src/ch32v30x_rcc.o
 .debug_ranges  0x0000000000000808      0x2c0 ./Peripheral/src/ch32v30x_tim.o
 .debug_ranges  0x0000000000000ac8       0xe0 ./Peripheral/src/ch32v30x_usart.o
 .debug_ranges  0x0000000000000ba8       0x40 ./Debug/debug.o

.debug_line     0x0000000000000000     0xe75a
 .debug_line    0x0000000000000000      0xcc9 ./code/JLNU_OLED.o
 .debug_line    0x0000000000000cc9     0x1008 ./code/MYI2C.o
 .debug_line    0x0000000000001cd1      0x3fe ./code/aht20.o
 .debug_line    0x00000000000020cf      0x772 ./code/encoder.o
 .debug_line    0x0000000000002841      0xad6 ./code/hc_sr04.o
 .debug_line    0x0000000000003317      0x3c1 ./code/humidity.o
 .debug_line    0x00000000000036d8      0x7b8 ./code/pump_ctrl.o
 .debug_line    0x0000000000003e90      0x3c4 ./code/temperature.o
 .debug_line    0x0000000000004254      0x55b ./code/timer.o
 .debug_line    0x00000000000047af      0x96c ./code/zigbee.o
 .debug_line    0x000000000000511b      0x326 ./User/ch32v30x_it.o
 .debug_line    0x0000000000005441      0x7e6 ./User/main.o
 .debug_line    0x0000000000005c27      0x96d ./User/system_ch32v30x.o
 .debug_line    0x0000000000006594      0x122 ./Startup/startup_ch32v30x_D8C.o
 .debug_line    0x00000000000066b6      0x655 ./Peripheral/src/ch32v30x_exti.o
 .debug_line    0x0000000000006d0b     0x12d6 ./Peripheral/src/ch32v30x_gpio.o
 .debug_line    0x0000000000007fe1      0x454 ./Peripheral/src/ch32v30x_misc.o
 .debug_line    0x0000000000008435     0x1a08 ./Peripheral/src/ch32v30x_rcc.o
 .debug_line    0x0000000000009e3d     0x31ee ./Peripheral/src/ch32v30x_tim.o
 .debug_line    0x000000000000d02b      0xf75 ./Peripheral/src/ch32v30x_usart.o
 .debug_line    0x000000000000dfa0      0x7ba ./Debug/debug.o

.debug_str      0x0000000000000000     0x3058
 .debug_str     0x0000000000000000      0x885 ./code/JLNU_OLED.o
                                        0x90f (size before relaxing)
 .debug_str     0x0000000000000885      0x153 ./code/MYI2C.o
                                        0x937 (size before relaxing)
 .debug_str     0x00000000000009d8       0x57 ./code/aht20.o
                                        0x6b4 (size before relaxing)
 .debug_str     0x0000000000000a2f      0x73d ./code/encoder.o
                                        0xf07 (size before relaxing)
 .debug_str     0x000000000000116c      0x2f2 ./code/hc_sr04.o
                                       0x10c1 (size before relaxing)
 .debug_str     0x000000000000145e       0x35 ./code/humidity.o
                                        0x68c (size before relaxing)
 .debug_str     0x0000000000001493      0x16b ./code/pump_ctrl.o
                                        0xb46 (size before relaxing)
 .debug_str     0x00000000000015fe       0x3e ./code/temperature.o
                                        0x698 (size before relaxing)
 .debug_str     0x000000000000163c       0x53 ./code/timer.o
                                        0xe92 (size before relaxing)
 .debug_str     0x000000000000168f      0x1e0 ./code/zigbee.o
                                       0x1060 (size before relaxing)
 .debug_str     0x000000000000186f       0x9c ./User/ch32v30x_it.o
                                        0x68e (size before relaxing)
 .debug_str     0x000000000000190b       0xa9 ./User/main.o
                                        0x841 (size before relaxing)
 .debug_str     0x00000000000019b4      0x109 ./User/system_ch32v30x.o
                                        0x6f3 (size before relaxing)
 .debug_str     0x0000000000001abd       0x2e ./Startup/startup_ch32v30x_D8C.o
                                         0x63 (size before relaxing)
 .debug_str     0x0000000000001aeb       0xc6 ./Peripheral/src/ch32v30x_exti.o
                                        0x796 (size before relaxing)
 .debug_str     0x0000000000001bb1      0x217 ./Peripheral/src/ch32v30x_gpio.o
                                        0x9b9 (size before relaxing)
 .debug_str     0x0000000000001dc8       0x9c ./Peripheral/src/ch32v30x_misc.o
                                        0xcc2 (size before relaxing)
 .debug_str     0x0000000000001e64      0x5ab ./Peripheral/src/ch32v30x_rcc.o
                                        0xce8 (size before relaxing)
 .debug_str     0x000000000000240f      0x8fc ./Peripheral/src/ch32v30x_tim.o
                                       0x1297 (size before relaxing)
 .debug_str     0x0000000000002d0b      0x2d9 ./Peripheral/src/ch32v30x_usart.o
                                        0xb03 (size before relaxing)
 .debug_str     0x0000000000002fe4       0x74 ./Debug/debug.o
                                        0x941 (size before relaxing)

.comment        0x0000000000000000       0x33
 .comment       0x0000000000000000       0x33 ./code/JLNU_OLED.o
                                         0x34 (size before relaxing)
 .comment       0x0000000000000033       0x34 ./code/MYI2C.o
 .comment       0x0000000000000033       0x34 ./code/aht20.o
 .comment       0x0000000000000033       0x34 ./code/encoder.o
 .comment       0x0000000000000033       0x34 ./code/hc_sr04.o
 .comment       0x0000000000000033       0x34 ./code/humidity.o
 .comment       0x0000000000000033       0x34 ./code/pump_ctrl.o
 .comment       0x0000000000000033       0x34 ./code/temperature.o
 .comment       0x0000000000000033       0x34 ./code/timer.o
 .comment       0x0000000000000033       0x34 ./code/zigbee.o
 .comment       0x0000000000000033       0x34 ./User/ch32v30x_it.o
 .comment       0x0000000000000033       0x34 ./User/main.o
 .comment       0x0000000000000033       0x34 ./User/system_ch32v30x.o
 .comment       0x0000000000000033       0x34 ./Peripheral/src/ch32v30x_exti.o
 .comment       0x0000000000000033       0x34 ./Peripheral/src/ch32v30x_gpio.o
 .comment       0x0000000000000033       0x34 ./Peripheral/src/ch32v30x_misc.o
 .comment       0x0000000000000033       0x34 ./Peripheral/src/ch32v30x_rcc.o
 .comment       0x0000000000000033       0x34 ./Peripheral/src/ch32v30x_tim.o
 .comment       0x0000000000000033       0x34 ./Peripheral/src/ch32v30x_usart.o
 .comment       0x0000000000000033       0x34 ./Debug/debug.o
 .comment       0x0000000000000033       0x34 d:/mounriver/mounriver_studio2/resources/app/resources/win32/components/wch/toolchain/risc-v embedded gcc/bin/../lib/gcc/riscv-none-embed/8.2.0/../../../../riscv-none-embed/lib/rv32imacxw/ilp32\libprintfloat.a(printfloat.o)

.debug_frame    0x0000000000000000     0x1b08
 .debug_frame   0x0000000000000000      0x20c ./code/JLNU_OLED.o
 .debug_frame   0x000000000000020c      0x17c ./code/MYI2C.o
 .debug_frame   0x0000000000000388       0x68 ./code/aht20.o
 .debug_frame   0x00000000000003f0       0x88 ./code/encoder.o
 .debug_frame   0x0000000000000478       0xb8 ./code/hc_sr04.o
 .debug_frame   0x0000000000000530       0x3c ./code/humidity.o
 .debug_frame   0x000000000000056c       0x9c ./code/pump_ctrl.o
 .debug_frame   0x0000000000000608       0x3c ./code/temperature.o
 .debug_frame   0x0000000000000644       0x48 ./code/timer.o
 .debug_frame   0x000000000000068c       0xc0 ./code/zigbee.o
 .debug_frame   0x000000000000074c       0x30 ./User/ch32v30x_it.o
 .debug_frame   0x000000000000077c       0x40 ./User/main.o
 .debug_frame   0x00000000000007bc       0x3c ./User/system_ch32v30x.o
 .debug_frame   0x00000000000007f8       0x90 ./Peripheral/src/ch32v30x_exti.o
 .debug_frame   0x0000000000000888      0x174 ./Peripheral/src/ch32v30x_gpio.o
 .debug_frame   0x00000000000009fc       0x30 ./Peripheral/src/ch32v30x_misc.o
 .debug_frame   0x0000000000000a2c      0x344 ./Peripheral/src/ch32v30x_rcc.o
 .debug_frame   0x0000000000000d70      0x614 ./Peripheral/src/ch32v30x_tim.o
 .debug_frame   0x0000000000001384      0x1e4 ./Peripheral/src/ch32v30x_usart.o
 .debug_frame   0x0000000000001568       0xb8 ./Debug/debug.o
 .debug_frame   0x0000000000001620       0x20 d:/mounriver/mounriver_studio2/resources/app/resources/win32/components/wch/toolchain/risc-v embedded gcc/bin/../lib/gcc/riscv-none-embed/8.2.0/rv32imacxw/ilp32\libgcc.a(ledf2.o)
 .debug_frame   0x0000000000001640       0x54 d:/mounriver/mounriver_studio2/resources/app/resources/win32/components/wch/toolchain/risc-v embedded gcc/bin/../lib/gcc/riscv-none-embed/8.2.0/rv32imacxw/ilp32\libgcc.a(muldf3.o)
 .debug_frame   0x0000000000001694       0x44 d:/mounriver/mounriver_studio2/resources/app/resources/win32/components/wch/toolchain/risc-v embedded gcc/bin/../lib/gcc/riscv-none-embed/8.2.0/rv32imacxw/ilp32\libgcc.a(subdf3.o)
 .debug_frame   0x00000000000016d8       0x20 d:/mounriver/mounriver_studio2/resources/app/resources/win32/components/wch/toolchain/risc-v embedded gcc/bin/../lib/gcc/riscv-none-embed/8.2.0/rv32imacxw/ilp32\libgcc.a(fixdfdi.o)
 .debug_frame   0x00000000000016f8       0x40 d:/mounriver/mounriver_studio2/resources/app/resources/win32/components/wch/toolchain/risc-v embedded gcc/bin/../lib/gcc/riscv-none-embed/8.2.0/rv32imacxw/ilp32\libgcc.a(floatdidf.o)
 .debug_frame   0x0000000000001738       0x40 d:/mounriver/mounriver_studio2/resources/app/resources/win32/components/wch/toolchain/risc-v embedded gcc/bin/../lib/gcc/riscv-none-embed/8.2.0/rv32imacxw/ilp32\libgcc.a(addsf3.o)
 .debug_frame   0x0000000000001778       0x50 d:/mounriver/mounriver_studio2/resources/app/resources/win32/components/wch/toolchain/risc-v embedded gcc/bin/../lib/gcc/riscv-none-embed/8.2.0/rv32imacxw/ilp32\libgcc.a(divsf3.o)
 .debug_frame   0x00000000000017c8       0x20 d:/mounriver/mounriver_studio2/resources/app/resources/win32/components/wch/toolchain/risc-v embedded gcc/bin/../lib/gcc/riscv-none-embed/8.2.0/rv32imacxw/ilp32\libgcc.a(gesf2.o)
 .debug_frame   0x00000000000017e8       0x20 d:/mounriver/mounriver_studio2/resources/app/resources/win32/components/wch/toolchain/risc-v embedded gcc/bin/../lib/gcc/riscv-none-embed/8.2.0/rv32imacxw/ilp32\libgcc.a(lesf2.o)
 .debug_frame   0x0000000000001808       0x50 d:/mounriver/mounriver_studio2/resources/app/resources/win32/components/wch/toolchain/risc-v embedded gcc/bin/../lib/gcc/riscv-none-embed/8.2.0/rv32imacxw/ilp32\libgcc.a(mulsf3.o)
 .debug_frame   0x0000000000001858       0x3c d:/mounriver/mounriver_studio2/resources/app/resources/win32/components/wch/toolchain/risc-v embedded gcc/bin/../lib/gcc/riscv-none-embed/8.2.0/rv32imacxw/ilp32\libgcc.a(subsf3.o)
 .debug_frame   0x0000000000001894       0x38 d:/mounriver/mounriver_studio2/resources/app/resources/win32/components/wch/toolchain/risc-v embedded gcc/bin/../lib/gcc/riscv-none-embed/8.2.0/rv32imacxw/ilp32\libgcc.a(floatsisf.o)
 .debug_frame   0x00000000000018cc       0x44 d:/mounriver/mounriver_studio2/resources/app/resources/win32/components/wch/toolchain/risc-v embedded gcc/bin/../lib/gcc/riscv-none-embed/8.2.0/rv32imacxw/ilp32\libgcc.a(floatunsisf.o)
 .debug_frame   0x0000000000001910       0x38 d:/mounriver/mounriver_studio2/resources/app/resources/win32/components/wch/toolchain/risc-v embedded gcc/bin/../lib/gcc/riscv-none-embed/8.2.0/rv32imacxw/ilp32\libgcc.a(extendsfdf2.o)
 .debug_frame   0x0000000000001948       0x20 d:/mounriver/mounriver_studio2/resources/app/resources/win32/components/wch/toolchain/risc-v embedded gcc/bin/../lib/gcc/riscv-none-embed/8.2.0/rv32imacxw/ilp32\libgcc.a(_clzsi2.o)
 .debug_frame   0x0000000000001968       0x30 d:/mounriver/mounriver_studio2/resources/app/resources/win32/components/wch/toolchain/risc-v embedded gcc/bin/../lib/gcc/riscv-none-embed/8.2.0/../../../../riscv-none-embed/lib/rv32imacxw/ilp32\libg_nano.a(lib_a-atoi.o)
 .debug_frame   0x0000000000001998       0x20 d:/mounriver/mounriver_studio2/resources/app/resources/win32/components/wch/toolchain/risc-v embedded gcc/bin/../lib/gcc/riscv-none-embed/8.2.0/../../../../riscv-none-embed/lib/rv32imacxw/ilp32\libg_nano.a(lib_a-strncmp.o)
 .debug_frame   0x00000000000019b8       0x70 d:/mounriver/mounriver_studio2/resources/app/resources/win32/components/wch/toolchain/risc-v embedded gcc/bin/../lib/gcc/riscv-none-embed/8.2.0/../../../../riscv-none-embed/lib/rv32imacxw/ilp32\libg_nano.a(lib_a-strtol.o)
 .debug_frame   0x0000000000001a28       0x78 d:/mounriver/mounriver_studio2/resources/app/resources/win32/components/wch/toolchain/risc-v embedded gcc/bin/../lib/gcc/riscv-none-embed/8.2.0/../../../../riscv-none-embed/lib/rv32imacxw/ilp32\libg_nano.a(lib_a-locale.o)
 .debug_frame   0x0000000000001aa0       0x38 d:/mounriver/mounriver_studio2/resources/app/resources/win32/components/wch/toolchain/risc-v embedded gcc/bin/../lib/gcc/riscv-none-embed/8.2.0/../../../../riscv-none-embed/lib/rv32imacxw/ilp32\libg_nano.a(lib_a-mbtowc_r.o)
 .debug_frame   0x0000000000001ad8       0x30 d:/mounriver/mounriver_studio2/resources/app/resources/win32/components/wch/toolchain/risc-v embedded gcc/bin/../lib/gcc/riscv-none-embed/8.2.0/../../../../riscv-none-embed/lib/rv32imacxw/ilp32\libg_nano.a(lib_a-wctomb_r.o)
